<!doctype html public "-//w3c//dtd html 4.0 transitional//en">
<html><head>
<title>Static Call Graph - [.\obj\BLE.axf]</title></head>
<body><HR>
<H1>Static Call Graph for image .\obj\BLE.axf</H1><HR>
<BR><P>#&#060CALLGRAPH&#062# ARM Linker, 5060750: Last Updated: Sun Oct 23 22:08:33 2022
<BR><P>
<H3>Maximum Stack Usage =        576 bytes + Unknown(Cycles, Untraceable Function Pointers)</H3><H3>
Call chain for Maximum Stack Depth:</H3>
GAPRole_PeripheralProcessEvent &rArr; gapRole_PeripheralProcessTMOSMsg &rArr; gapRole_PeripheralProcessGAPMsg &rArr; GAPBondMgr_LinkEst &rArr; GATTServApp_SendServiceChangedInd &rArr; GATT_ServiceChangedInd &rArr; GATT_Indication &rArr; ATT_HandleValueInd &rArr; attSendMsg &rArr; SM_GenerateAuthenSig &rArr; sm_CMAC &rArr; generate_subkey &rArr; LL_Encrypt &rArr; AES_DevAESEnc &rArr; AES_DecError
<P>
<H3>
Mutually Recursive functions
</H3> <LI><a href="#[1c]">SVC_Handler</a>&nbsp;&nbsp;&nbsp;&rArr;&nbsp;&nbsp;&nbsp;<a href="#[1c]">SVC_Handler</a><BR>
 <LI><a href="#[1d]">PendSV_Handler</a>&nbsp;&nbsp;&nbsp;&rArr;&nbsp;&nbsp;&nbsp;<a href="#[1d]">PendSV_Handler</a><BR>
 <LI><a href="#[1e]">SysTick_Handler</a>&nbsp;&nbsp;&nbsp;&rArr;&nbsp;&nbsp;&nbsp;<a href="#[1e]">SysTick_Handler</a><BR>
 <LI><a href="#[2c]">ADC_IRQHandler</a>&nbsp;&nbsp;&nbsp;&rArr;&nbsp;&nbsp;&nbsp;<a href="#[2c]">ADC_IRQHandler</a><BR>
</UL>
<P>
<H3>
Function Pointers
</H3><UL>
 <LI><a href="#[2c]">ADC_IRQHandler</a> from startup_armcm0.o(.text) referenced from startup_armcm0.o(RESET)
 <LI><a href="#[42]">ATT_BuildErrorRsp</a> from att.o(i.ATT_BuildErrorRsp) referenced from att.o(i.ATT_ErrorRsp)
 <LI><a href="#[43]">ATT_BuildExchangeMTURsp</a> from att_server.o(i.ATT_BuildExchangeMTURsp) referenced from att_server.o(i.ATT_ExchangeMTURsp)
 <LI><a href="#[44]">ATT_BuildFindByTypeValueRsp</a> from att_server.o(i.ATT_BuildFindByTypeValueRsp) referenced from att_server.o(i.ATT_FindByTypeValueRsp)
 <LI><a href="#[45]">ATT_BuildFindInfoRsp</a> from att_server.o(i.ATT_BuildFindInfoRsp) referenced from att_server.o(i.ATT_FindInfoRsp)
 <LI><a href="#[46]">ATT_BuildHandleValueInd</a> from att_server.o(i.ATT_BuildHandleValueInd) referenced from att_server.o(i.ATT_HandleValueInd)
 <LI><a href="#[46]">ATT_BuildHandleValueInd</a> from att_server.o(i.ATT_BuildHandleValueInd) referenced from att_server.o(i.ATT_HandleValueNoti)
 <LI><a href="#[47]">ATT_BuildPrepareWriteRsp</a> from att_server.o(i.ATT_BuildPrepareWriteRsp) referenced from att_server.o(i.ATT_PrepareWriteRsp)
 <LI><a href="#[48]">ATT_BuildReadBlobRsp</a> from att_server.o(i.ATT_BuildReadBlobRsp) referenced from att_server.o(i.ATT_ReadBlobRsp)
 <LI><a href="#[49]">ATT_BuildReadByGrpTypeRsp</a> from att_server.o(i.ATT_BuildReadByGrpTypeRsp) referenced from att_server.o(i.ATT_ReadByGrpTypeRsp)
 <LI><a href="#[4a]">ATT_BuildReadByTypeRsp</a> from att_server.o(i.ATT_BuildReadByTypeRsp) referenced from att_server.o(i.ATT_ReadByTypeRsp)
 <LI><a href="#[4b]">ATT_BuildReadMultiRsp</a> from att_server.o(i.ATT_BuildReadMultiRsp) referenced from att_server.o(i.ATT_ReadMultiRsp)
 <LI><a href="#[4c]">ATT_BuildReadRsp</a> from att_server.o(i.ATT_BuildReadRsp) referenced from att_server.o(i.ATT_ReadRsp)
 <LI><a href="#[89]">ATT_ParseExchangeMTUReq</a> from att_server.o(i.ATT_ParseExchangeMTUReq) referenced from gattservapp.o(.constdata)
 <LI><a href="#[9b]">ATT_ParseExecuteWriteReq</a> from att_server.o(i.ATT_ParseExecuteWriteReq) referenced from gattservapp.o(.constdata)
 <LI><a href="#[8d]">ATT_ParseFindByTypeValueReq</a> from att_server.o(i.ATT_ParseFindByTypeValueReq) referenced from gattservapp.o(.constdata)
 <LI><a href="#[8b]">ATT_ParseFindInfoReq</a> from att_server.o(i.ATT_ParseFindInfoReq) referenced from gattservapp.o(.constdata)
 <LI><a href="#[99]">ATT_ParsePrepareWriteReq</a> from att_server.o(i.ATT_ParsePrepareWriteReq) referenced from gattservapp.o(.constdata)
 <LI><a href="#[93]">ATT_ParseReadBlobReq</a> from att_server.o(i.ATT_ParseReadBlobReq) referenced from gattservapp.o(.constdata)
 <LI><a href="#[8f]">ATT_ParseReadByTypeReq</a> from att_server.o(i.ATT_ParseReadByTypeReq) referenced 2 times from gattservapp.o(.constdata)
 <LI><a href="#[94]">ATT_ParseReadMultiReq</a> from att_server.o(i.ATT_ParseReadMultiReq) referenced from gattservapp.o(.constdata)
 <LI><a href="#[91]">ATT_ParseReadReq</a> from att_server.o(i.ATT_ParseReadReq) referenced from gattservapp.o(.constdata)
 <LI><a href="#[97]">ATT_ParseWriteReq</a> from att_server.o(i.ATT_ParseWriteReq) referenced from gattservapp.o(.constdata)
 <LI><a href="#[23]">BB_IRQHandler</a> from startup_armcm0.o(.text) referenced from startup_armcm0.o(RESET)
 <LI><a href="#[26]">ETH_IRQHandler</a> from startup_armcm0.o(.text) referenced from startup_armcm0.o(RESET)
 <LI><a href="#[54]">GAPBondMgr_ProcessEvent</a> from gapbondmgr.o(i.GAPBondMgr_ProcessEvent) referenced from role.o(i.GAPRole_PeripheralInit)
 <LI><a href="#[4f]">GAPRole_PeripheralProcessEvent</a> from peripheral.o(i.GAPRole_PeripheralProcessEvent) referenced from peripheral.o(i.GAPRole_PeripheralEnable)
 <LI><a href="#[51]">GAP_ProcessEvent</a> from gap.o(i.GAP_ProcessEvent) referenced from role.o(i.GAPRole_PeripheralInit)
 <LI><a href="#[55]">GATTServApp_ProcessEvent</a> from gattservapp.o(i.GATTServApp_ProcessEvent) referenced from role.o(i.GAPRole_PeripheralInit)
 <LI><a href="#[52]">GATT_ProcessEvent</a> from gatt.o(i.GATT_ProcessEvent) referenced from role.o(i.GAPRole_PeripheralInit)
 <LI><a href="#[20]">GPIO_IRQHandler</a> from power.o(.text) referenced from startup_armcm0.o(RESET)
 <LI><a href="#[40]">HAL_GetInterTempValue</a> from mcu.o(.text) referenced from mcu.o(.text)
 <LI><a href="#[41]">HAL_ProcessEvent</a> from mcu.o(.text) referenced from mcu.o(.text)
 <LI><a href="#[1b]">HardFault_Handler</a> from startup_armcm0.o(.text) referenced from startup_armcm0.o(RESET)
 <LI><a href="#[3a]">HidDev_ProcessEvent</a> from hiddev.o(.text) referenced from hiddev.o(.text)
 <LI><a href="#[a]">HidDev_ReadAttrCB</a> from hiddev.o(.text) referenced 2 times from hidkbdservice.o(.data)
 <LI><a href="#[b]">HidDev_WriteAttrCB</a> from hiddev.o(.text) referenced 2 times from hidkbdservice.o(.data)
 <LI><a href="#[34]">HidEmu_ProcessEvent</a> from hidkbd.o(.text) referenced from hidkbd.o(.text)
 <LI><a href="#[37]">Keyboard_ProcessEvent</a> from mykeyboard.o(.text) referenced from mykeyboard.o(.text)
 <LI><a href="#[50]">L2CAP_ProcessEvent</a> from l2cap.o(i.L2CAP_ProcessEvent) referenced from role.o(i.GAPRole_PeripheralInit)
 <LI><a href="#[2e]">LED_IRQHandler</a> from startup_armcm0.o(.text) referenced from startup_armcm0.o(RESET)
 <LI><a href="#[24]">LLE_IRQHandler</a> from mcu.o(.text) referenced from startup_armcm0.o(RESET)
 <LI><a href="#[6a]">LL_ProcessEvent</a> from ll.o(i.LL_ProcessEvent) referenced from ll_advertise.o(i.LL_AdvertiseEnalbe)
 <LI><a href="#[1a]">NMI_Handler</a> from ch57x_int.o(.text) referenced from startup_armcm0.o(RESET)
 <LI><a href="#[1d]">PendSV_Handler</a> from startup_armcm0.o(.text) referenced from startup_armcm0.o(RESET)
 <LI><a href="#[36]">PowerManage_ProcessEvent</a> from power.o(.text) referenced from power.o(.text)
 <LI><a href="#[4d]">RTC_Get32KClock</a> from tmos_hw.o(i.RTC_Get32KClock) referenced from lle.o(i.BLE_IRQHandler)
 <LI><a href="#[4d]">RTC_Get32KClock</a> from tmos_hw.o(i.RTC_Get32KClock) referenced from tmos_hw.o(i.TMOS_TimerInit)
 <LI><a href="#[70]">RTC_GetTickCount</a> from tmos_hw.o(i.RTC_GetTickCount) referenced from tmos_hw.o(i.TMOS_TimerInit)
 <LI><a href="#[2b]">RTC_IRQHandler</a> from rtc.o(.text) referenced from startup_armcm0.o(RESET)
 <LI><a href="#[19]">Reset_Handler</a> from startup_armcm0.o(.text) referenced from startup_armcm0.o(RESET)
 <LI><a href="#[21]">SLAVE_IRQHandler</a> from startup_armcm0.o(.text) referenced from startup_armcm0.o(RESET)
 <LI><a href="#[53]">SM_ProcessEvent</a> from sm.o(i.SM_ProcessEvent) referenced from role.o(i.GAPRole_PeripheralInit)
 <LI><a href="#[15]">SM_StartEncryption</a> from sm.o(i.SM_StartEncryption) referenced 2 times from sm.o(.data)
 <LI><a href="#[15]">SM_StartEncryption</a> from sm.o(i.SM_StartEncryption) referenced from sm.o(i.SM_ParamInit)
 <LI><a href="#[22]">SPI0_IRQHandler</a> from startup_armcm0.o(.text) referenced from startup_armcm0.o(RESET)
 <LI><a href="#[2d]">SPI1_IRQHandler</a> from startup_armcm0.o(.text) referenced from startup_armcm0.o(RESET)
 <LI><a href="#[1c]">SVC_Handler</a> from startup_armcm0.o(.text) referenced from startup_armcm0.o(RESET)
 <LI><a href="#[3f]">SYS_GetSysTickCnt</a> from ch57x_sys.o(.text) referenced from mcu.o(.text)
 <LI><a href="#[1e]">SysTick_Handler</a> from startup_armcm0.o(.text) referenced from startup_armcm0.o(RESET)
 <LI><a href="#[3d]">SystemInit</a> from ch57x_clk.o(.text) referenced from startup_armcm0.o(.text)
 <LI><a href="#[6f]">TMOS_CbTimerProcessEvent</a> from tmos.o(i.TMOS_CbTimerProcessEvent) referenced from tmos.o(i.TMOS_Init)
 <LI><a href="#[1f]">TMR0_IRQHandler</a> from startup_armcm0.o(.text) referenced from startup_armcm0.o(RESET)
 <LI><a href="#[27]">TMR1_IRQHandler</a> from startup_armcm0.o(.text) referenced from startup_armcm0.o(RESET)
 <LI><a href="#[28]">TMR2_IRQHandler</a> from startup_armcm0.o(.text) referenced from startup_armcm0.o(RESET)
 <LI><a href="#[2f]">TMR3_IRQHandler</a> from startup_armcm0.o(.text) referenced from startup_armcm0.o(RESET)
 <LI><a href="#[29]">UART0_IRQHandler</a> from startup_armcm0.o(.text) referenced from startup_armcm0.o(RESET)
 <LI><a href="#[2a]">UART1_IRQHandler</a> from startup_armcm0.o(.text) referenced from startup_armcm0.o(RESET)
 <LI><a href="#[30]">UART2_IRQHandler</a> from startup_armcm0.o(.text) referenced from startup_armcm0.o(RESET)
 <LI><a href="#[31]">UART3_IRQHandler</a> from startup_armcm0.o(.text) referenced from startup_armcm0.o(RESET)
 <LI><a href="#[25]">USB_IRQHandler</a> from usbhid.o(.text) referenced from startup_armcm0.o(RESET)
 <LI><a href="#[35]">UsbHid_ProcessEvent</a> from usbhid.o(.text) referenced from usbhid.o(.text)
 <LI><a href="#[32]">WDT_IRQHandler</a> from startup_armcm0.o(.text) referenced from startup_armcm0.o(RESET)
 <LI><a href="#[38]">WS2812_ProcessEvent</a> from ws2812.o(.text) referenced from ws2812.o(.text)
 <LI><a href="#[3e]">__main</a> from entry.o(.ARM.Collect$$$$00000000) referenced from startup_armcm0.o(.text)
 <LI><a href="#[39]">battNotifyCB</a> from battservice.o(.text) referenced from battservice.o(.text)
 <LI><a href="#[3]">battReadAttrCB</a> from battservice.o(.text) referenced 2 times from battservice.o(.data)
 <LI><a href="#[4]">battWriteAttrCB</a> from battservice.o(.text) referenced 2 times from battservice.o(.data)
 <LI><a href="#[5]">devInfo_ReadAttrCB</a> from devinfoservice.o(.text) referenced 2 times from devinfoservice.o(.data)
 <LI><a href="#[71]">fputc</a> from ch57x_sys.o(.text) referenced from printf8.o(i.__0printf$8)
 <LI><a href="#[4e]">gapBondMgrSendServiceChange</a> from gapbondmgr.o(i.gapBondMgrSendServiceChange) referenced from gapbondmgr.o(i.GAPBondMgr_ServiceChangeInd)
 <LI><a href="#[12]">gapBondPairStateCB</a> from gapbondmgr.o(i.gapBondPairStateCB) referenced 2 times from gapbondmgr.o(.data)
 <LI><a href="#[12]">gapBondPairStateCB</a> from gapbondmgr.o(i.gapBondPairStateCB) referenced from gapbondmgr.o(i.GAPBondMgr_ParamInit)
 <LI><a href="#[11]">gapBondPasscodeCB</a> from gapbondmgr.o(i.gapBondPasscodeCB) referenced 2 times from gapbondmgr.o(.data)
 <LI><a href="#[11]">gapBondPasscodeCB</a> from gapbondmgr.o(i.gapBondPasscodeCB) referenced from gapbondmgr.o(i.GAPBondMgr_ParamInit)
 <LI><a href="#[59]">gapCancelLinkReq</a> from gap_central.o(i.gapCancelLinkReq) referenced from gap_central.o(i.GAP_CentralParamInit)
 <LI><a href="#[5a]">gapCentProcessConnEvt</a> from gap_central.o(i.gapCentProcessConnEvt) referenced from gap_central.o(i.GAP_CentralParamInit)
 <LI><a href="#[56]">gapCentProcessHCICmdEvt</a> from gap_central.o(i.gapCentProcessHCICmdEvt) referenced from gap_central.o(i.GAP_CentralParamInit)
 <LI><a href="#[5e]">gapPeriProcessConnEvt</a> from gap_peripheral.o(i.gapPeriProcessConnEvt) referenced from gap_peripheral.o(i.GAP_PeripheralParamInit)
 <LI><a href="#[5b]">gapPeriProcessHCICmdCompleteEvt</a> from gap_peripheral.o(i.gapPeriProcessHCICmdCompleteEvt) referenced from gap_peripheral.o(i.GAP_PeripheralParamInit)
 <LI><a href="#[5c]">gapProcessAdvertisingEvt</a> from gap_peripheral.o(i.gapProcessAdvertisingEvt) referenced from gap_peripheral.o(i.GAP_PeripheralParamInit)
 <LI><a href="#[58]">gapProcessScanningDirectEvt</a> from gap_central.o(i.gapProcessScanningDirectEvt) referenced from gap_central.o(i.GAP_CentralParamInit)
 <LI><a href="#[57]">gapProcessScanningEvt</a> from gap_central.o(i.gapProcessScanningEvt) referenced from gap_central.o(i.GAP_CentralParamInit)
 <LI><a href="#[5d]">gapSetAdvParams</a> from gap_peripheral.o(i.gapSetAdvParams) referenced from gap_peripheral.o(i.GAP_PeripheralParamInit)
 <LI><a href="#[8a]">gattProcessExchangeMTUReq</a> from gattservapp.o(i.gattProcessExchangeMTUReq) referenced from gattservapp.o(.constdata)
 <LI><a href="#[9c]">gattProcessExecuteWriteReq</a> from gattservapp.o(i.gattProcessExecuteWriteReq) referenced from gattservapp.o(.constdata)
 <LI><a href="#[8e]">gattProcessFindByTypeValueReq</a> from gattservapp.o(i.gattProcessFindByTypeValueReq) referenced from gattservapp.o(.constdata)
 <LI><a href="#[8c]">gattProcessFindInfoReq</a> from gattservapp.o(i.gattProcessFindInfoReq) referenced from gattservapp.o(.constdata)
 <LI><a href="#[9a]">gattProcessPrepareWriteReq</a> from gattservapp.o(i.gattProcessPrepareWriteReq) referenced from gattservapp.o(.constdata)
 <LI><a href="#[96]">gattProcessReadByGrpTypeReq</a> from gattservapp.o(i.gattProcessReadByGrpTypeReq) referenced from gattservapp.o(.constdata)
 <LI><a href="#[90]">gattProcessReadByTypeReq</a> from gattservapp.o(i.gattProcessReadByTypeReq) referenced from gattservapp.o(.constdata)
 <LI><a href="#[95]">gattProcessReadMultiReq</a> from gattservapp.o(i.gattProcessReadMultiReq) referenced from gattservapp.o(.constdata)
 <LI><a href="#[92]">gattProcessReadReq</a> from gattservapp.o(i.gattProcessReadReq) referenced 2 times from gattservapp.o(.constdata)
 <LI><a href="#[98]">gattProcessWriteReq</a> from gattservapp.o(i.gattProcessWriteReq) referenced from gattservapp.o(.constdata)
 <LI><a href="#[60]">gattServApp_HandleConnStatusCB</a> from gattservapp.o(i.gattServApp_HandleConnStatusCB) referenced from gattservapp.o(i.GATTServApp_Init)
 <LI><a href="#[10]">gattServApp_WriteAttrCB</a> from gattservapp.o(i.gattServApp_WriteAttrCB) referenced 2 times from gattservapp.o(.data)
 <LI><a href="#[10]">gattServApp_WriteAttrCB</a> from gattservapp.o(i.gattServApp_WriteAttrCB) referenced from gattservapp.o(i.GATTServApp_ParamInit)
 <LI><a href="#[64]">gattServerHandleConnStatusCB</a> from gattservapp.o(i.gattServerHandleConnStatusCB) referenced from gattservapp.o(i.GATT_InitServer)
 <LI><a href="#[61]">gattServerHandleTimerCB</a> from gattservapp.o(i.gattServerHandleTimerCB) referenced from gattservapp.o(i.GATT_Indication)
 <LI><a href="#[63]">gattServerNotifyTxCB</a> from gattservapp.o(i.gattServerNotifyTxCB) referenced from gattservapp.o(i.GATT_InitServer)
 <LI><a href="#[62]">gattServerProcessMsgCB</a> from gattservapp.o(i.gattServerProcessMsgCB) referenced from gattservapp.o(i.GATT_InitServer)
 <LI><a href="#[e]">ggs_ReadAttrCB</a> from gapgattserver.o(i.ggs_ReadAttrCB) referenced 2 times from gapgattserver.o(.data)
 <LI><a href="#[e]">ggs_ReadAttrCB</a> from gapgattserver.o(i.ggs_ReadAttrCB) referenced from gapgattserver.o(i.GGS_ParamInit)
 <LI><a href="#[f]">ggs_WriteAttrCB</a> from gapgattserver.o(i.ggs_WriteAttrCB) referenced 2 times from gapgattserver.o(.data)
 <LI><a href="#[f]">ggs_WriteAttrCB</a> from gapgattserver.o(i.ggs_WriteAttrCB) referenced from gapgattserver.o(i.GGS_ParamInit)
 <LI><a href="#[3b]">hidDevBattCB</a> from hiddev.o(.text) referenced from hiddev.o(.text)
 <LI><a href="#[8]">hidDevGapStateCB</a> from hiddev.o(.text) referenced 2 times from hiddev.o(.data)
 <LI><a href="#[7]">hidDevPairStateCB</a> from hiddev.o(.text) referenced 2 times from hiddev.o(.data)
 <LI><a href="#[9]">hidDevParamUpdateCB</a> from hiddev.o(.text) referenced 2 times from hiddev.o(.data)
 <LI><a href="#[6]">hidDevPasscodeCB</a> from hiddev.o(.text) referenced 2 times from hiddev.o(.data)
 <LI><a href="#[3c]">hidDevScanParamCB</a> from hiddev.o(.text) referenced from hiddev.o(.text)
 <LI><a href="#[1]">hidEmuEvtCB</a> from hidkbd.o(.text) referenced 2 times from hidkbd.o(.data)
 <LI><a href="#[0]">hidEmuRptCB</a> from hidkbd.o(.text) referenced 2 times from hidkbd.o(.data)
 <LI><a href="#[2]">hidEmuStateCB</a> from hidkbd.o(.text) referenced 2 times from hidkbd.o(.data)
 <LI><a href="#[65]">l2capBuildCmdReject</a> from l2cap_sdu.o(i.l2capBuildCmdReject) referenced from l2cap_sdu.o(i.L2CAP_CmdReject)
 <LI><a href="#[73]">l2capBuildConnectRsp</a> from l2cap_sdu.o(i.l2capBuildConnectRsp) referenced from l2cap_sdu.o(i.l2capSendConnectRsp)
 <LI><a href="#[68]">l2capBuildDisconnectReq</a> from l2cap_sdu.o(i.l2capBuildDisconnectReq) referenced from l2cap_sdu.o(i.L2CAP_DisconnectReq)
 <LI><a href="#[72]">l2capBuildDisconnectRsp</a> from l2cap_sdu.o(i.l2capBuildDisconnectRsp) referenced from l2cap_input.o(i.l2capProcessReq)
 <LI><a href="#[66]">l2capBuildParamUpdateReq</a> from l2cap_sdu.o(i.l2capBuildParamUpdateReq) referenced from l2cap_sdu.o(i.L2CAP_ConnParamUpdateReq)
 <LI><a href="#[67]">l2capBuildParamUpdateRsp</a> from l2cap_sdu.o(i.l2capBuildParamUpdateRsp) referenced from l2cap_sdu.o(i.L2CAP_ConnParamUpdateRsp)
 <LI><a href="#[69]">l2capHandleConnStatusCB</a> from l2cap.o(i.l2capHandleConnStatusCB) referenced from l2cap.o(i.L2CAP_Init)
 <LI><a href="#[74]">l2capHandleTimerCB</a> from l2cap.o(i.l2capHandleTimerCB) referenced from l2cap.o(i.l2capStartTimer)
 <LI><a href="#[77]">llAdvTraverseallChannel</a> from ll_advertise.o(i.llAdvTraverseallChannel) referenced from ll_advertise.o(i.llAdvertiseCreateCore)
 <LI><a href="#[6b]">llAdvertiseCreateCore</a> from ll_advertise.o(i.llAdvertiseCreateCore) referenced from ll_advertise.o(i.LL_AdvertiseEnalbe)
 <LI><a href="#[75]">llAdvertiseSet</a> from ll_advertise.o(i.llAdvertiseSet) referenced from ll_advertise.o(i.llAdvertiseCreateCore)
 <LI><a href="#[76]">llAdvertiseStart</a> from ll_advertise.o(i.llAdvertiseStart) referenced from ll_advertise.o(i.llAdvertiseCreateCore)
 <LI><a href="#[6c]">llSlaveCreateCore</a> from ll_slave.o(i.llSlaveCreateCore) referenced from ll_slave.o(i.LL_SlaveEnalbe)
 <LI><a href="#[6d]">llSlaveSetFirstTimer</a> from ll_slave.o(i.llSlaveSetFirstTimer) referenced from ll_slave.o(i.LL_SlaveEnalbe)
 <LI><a href="#[79]">ll_advertise_process</a> from ll_advertise.o(i.ll_advertise_process) referenced from ll_advertise.o(i.ll_advertise_tx)
 <LI><a href="#[7a]">ll_connect_auth_timeout</a> from ll_connect.o(i.ll_connect_auth_timeout) referenced from ll_connect.o(i.ll_connect_set_auth_timeout)
 <LI><a href="#[7c]">ll_connect_procedure_timeout</a> from ll_connect.o(i.ll_connect_procedure_timeout) referenced from ll_connect.o(i.ll_connect_set_procedure_timeout)
 <LI><a href="#[7b]">ll_connect_supervision_timeout</a> from ll_connect.o(i.ll_connect_supervision_timeout) referenced from ll_connect.o(i.ll_connect_set_connect_timeout)
 <LI><a href="#[7d]">ll_resolvinglist_timeout_renew_rpa</a> from ll_resolvinglist.o(i.ll_resolvinglist_timeout_renew_rpa) referenced from ll_resolvinglist.o(i.ll_resolvinglist_renew_set)
 <LI><a href="#[7e]">ll_slave_process</a> from ll_slave.o(i.ll_slave_process) referenced from ll_slave.o(i.ll_slave_process_event)
 <LI><a href="#[78]">ll_slave_process_event</a> from ll_slave.o(i.ll_slave_process_event) referenced from ll_slave.o(i.llSlaveSetFirstTimer)
 <LI><a href="#[33]">main</a> from hidkbd_main.o(.text) referenced from entry9a.o(.ARM.Collect$$$$0000000B)
 <LI><a href="#[c]">scanParamReadAttrCB</a> from scanparamservice.o(.text) referenced 2 times from scanparamservice.o(.data)
 <LI><a href="#[d]">scanParamWriteAttrCB</a> from scanparamservice.o(.text) referenced 2 times from scanparamservice.o(.data)
 <LI><a href="#[14]">smInitiatorSendNextKeyInfo</a> from sm.o(i.smInitiatorSendNextKeyInfo) referenced 2 times from sm.o(.data)
 <LI><a href="#[14]">smInitiatorSendNextKeyInfo</a> from sm.o(i.smInitiatorSendNextKeyInfo) referenced from sm.o(i.SM_ParamInit)
 <LI><a href="#[6e]">smLinkCheck</a> from sm.o(i.smLinkCheck) referenced from sm.o(i.SM_Init)
 <LI><a href="#[18]">smResponderProcessLTKReq</a> from sm.o(i.smResponderProcessLTKReq) referenced 2 times from sm.o(.data)
 <LI><a href="#[18]">smResponderProcessLTKReq</a> from sm.o(i.smResponderProcessLTKReq) referenced from sm.o(i.SM_ParamInit)
 <LI><a href="#[17]">smResponderSendNextKeyInfo</a> from sm.o(i.smResponderSendNextKeyInfo) referenced 2 times from sm.o(.data)
 <LI><a href="#[17]">smResponderSendNextKeyInfo</a> from sm.o(i.smResponderSendNextKeyInfo) referenced from sm.o(i.SM_ParamInit)
 <LI><a href="#[83]">smpBuildEncInfo</a> from sm.o(i.smpBuildEncInfo) referenced from sm.o(i.smPairingSendEncInfo)
 <LI><a href="#[84]">smpBuildIdentityAddrInfo</a> from sm.o(i.smpBuildIdentityAddrInfo) referenced from sm.o(i.smPairingSendIdentityAddrInfo)
 <LI><a href="#[85]">smpBuildIdentityInfo</a> from sm.o(i.smpBuildIdentityInfo) referenced from sm.o(i.smPairingSendIdentityInfo)
 <LI><a href="#[86]">smpBuildMasterID</a> from sm.o(i.smpBuildMasterID) referenced from sm.o(i.smPairingSendMasterID)
 <LI><a href="#[7f]">smpBuildPairingConfirm</a> from sm.o(i.smpBuildPairingConfirm) referenced from sm.o(i.smGenerateConfirm)
 <LI><a href="#[88]">smpBuildPairingFailed</a> from sm.o(i.smpBuildPairingFailed) referenced from sm.o(i.smSendFailAndEnd)
 <LI><a href="#[82]">smpBuildPairingRandom</a> from sm.o(i.smpBuildPairingRandom) referenced from sm.o(i.smGenerateRandMsg)
 <LI><a href="#[80]">smpBuildPairingReq</a> from sm.o(i.smpBuildPairingReq) referenced from sm.o(i.smGeneratePairingReqRsp)
 <LI><a href="#[81]">smpBuildPairingRsp</a> from sm.o(i.smpBuildPairingRsp) referenced from sm.o(i.smGeneratePairingReqRsp)
 <LI><a href="#[5f]">smpBuildSecurityReq</a> from sm.o(i.smpBuildSecurityReq) referenced from gap.o(i.GAP_SendSlaveSecurityRequest)
 <LI><a href="#[87]">smpBuildSigningInfo</a> from sm.o(i.smpBuildSigningInfo) referenced from sm.o(i.smPairingSendSingingInfo)
 <LI><a href="#[13]">smpInitiatorProcessIncoming</a> from sm.o(i.smpInitiatorProcessIncoming) referenced 2 times from sm.o(.data)
 <LI><a href="#[13]">smpInitiatorProcessIncoming</a> from sm.o(i.smpInitiatorProcessIncoming) referenced from sm.o(i.SM_ParamInit)
 <LI><a href="#[16]">smpResponderProcessIncoming</a> from sm.o(i.smpResponderProcessIncoming) referenced 2 times from sm.o(.data)
 <LI><a href="#[16]">smpResponderProcessIncoming</a> from sm.o(i.smpResponderProcessIncoming) referenced from sm.o(i.SM_ParamInit)
</UL>
<P>
<H3>
Global Symbols
</H3>
<P><STRONG><a name="[3e]"></a>__main</STRONG> (Thumb, 0 bytes, Stack size unknown bytes, entry.o(.ARM.Collect$$$$00000000))
<BR>[Address Reference Count : 1]<UL><LI> startup_armcm0.o(.text)
</UL>
<P><STRONG><a name="[377]"></a>_main_stk</STRONG> (Thumb, 0 bytes, Stack size unknown bytes, entry2.o(.ARM.Collect$$$$00000001))

<P><STRONG><a name="[9d]"></a>_main_scatterload</STRONG> (Thumb, 0 bytes, Stack size unknown bytes, entry5.o(.ARM.Collect$$$$00000004))
<BR><BR>[Calls]<UL><LI><a href="#[9e]">&gt;&gt;</a>&nbsp;&nbsp;&nbsp;__scatterload
</UL>

<P><STRONG><a name="[12a]"></a>__main_after_scatterload</STRONG> (Thumb, 0 bytes, Stack size unknown bytes, entry5.o(.ARM.Collect$$$$00000004))
<BR><BR>[Called By]<UL><LI><a href="#[9e]">&gt;&gt;</a>&nbsp;&nbsp;&nbsp;__scatterload
</UL>

<P><STRONG><a name="[378]"></a>_main_clock</STRONG> (Thumb, 0 bytes, Stack size unknown bytes, entry7b.o(.ARM.Collect$$$$00000008))

<P><STRONG><a name="[379]"></a>_main_cpp_init</STRONG> (Thumb, 0 bytes, Stack size unknown bytes, entry8b.o(.ARM.Collect$$$$0000000A))

<P><STRONG><a name="[37a]"></a>_main_init</STRONG> (Thumb, 0 bytes, Stack size unknown bytes, entry9a.o(.ARM.Collect$$$$0000000B))

<P><STRONG><a name="[37b]"></a>__rt_final_cpp</STRONG> (Thumb, 0 bytes, Stack size unknown bytes, entry10a.o(.ARM.Collect$$$$0000000D))

<P><STRONG><a name="[37c]"></a>__rt_final_exit</STRONG> (Thumb, 0 bytes, Stack size unknown bytes, entry11a.o(.ARM.Collect$$$$0000000F))

<P><STRONG><a name="[34]"></a>HidEmu_ProcessEvent</STRONG> (Thumb, 112 bytes, Stack size 24 bytes, hidkbd.o(.text))
<BR><BR>[Stack]<UL><LI>Max Depth = 464<LI>Call Chain = HidEmu_ProcessEvent &rArr; HidDev_Report &rArr; hidDevSendReport &rArr; HidDev_sendNoti &rArr; GATT_Notification &rArr; ATT_HandleValueNoti &rArr; attSendMsg &rArr; SM_GenerateAuthenSig &rArr; sm_CMAC &rArr; generate_subkey &rArr; LL_Encrypt &rArr; AES_DevAESEnc &rArr; AES_DecError
</UL>
<BR>[Calls]<UL><LI><a href="#[a3]">&gt;&gt;</a>&nbsp;&nbsp;&nbsp;tmos_start_task
<LI><a href="#[9f]">&gt;&gt;</a>&nbsp;&nbsp;&nbsp;tmos_msg_receive
<LI><a href="#[a0]">&gt;&gt;</a>&nbsp;&nbsp;&nbsp;tmos_msg_deallocate
<LI><a href="#[a2]">&gt;&gt;</a>&nbsp;&nbsp;&nbsp;HidDev_Report
<LI><a href="#[a1]">&gt;&gt;</a>&nbsp;&nbsp;&nbsp;GAPRole_PeripheralConnParamUpdateReq
</UL>
<BR>[Address Reference Count : 1]<UL><LI> hidkbd.o(.text)
</UL>
<P><STRONG><a name="[a4]"></a>HidEmu_Init</STRONG> (Thumb, 182 bytes, Stack size 32 bytes, hidkbd.o(.text))
<BR><BR>[Stack]<UL><LI>Max Depth = 448<LI>Call Chain = HidEmu_Init &rArr; GAPBondMgr_SetParameter &rArr; gapBondMgrReadBonds &rArr; gapBondMgr_SyncResolveList &rArr; HCI_LE_AddDeviceToResolvingList &rArr; API_LE_AddDeviceToResolvingList &rArr; LL_AddDeviceToResolvingList &rArr; LL_ResolvinglistAdd &rArr; LL_AddrGenerateResolvableAddress &rArr; ble_ll_common_rand32 &rArr; __aeabi_lmul &rArr; __aeabi_llsl
</UL>
<BR>[Calls]<UL><LI><a href="#[ac]">&gt;&gt;</a>&nbsp;&nbsp;&nbsp;tmos_set_event
<LI><a href="#[a5]">&gt;&gt;</a>&nbsp;&nbsp;&nbsp;TMOS_ProcessEventRegister
<LI><a href="#[aa]">&gt;&gt;</a>&nbsp;&nbsp;&nbsp;Hid_AddService
<LI><a href="#[ab]">&gt;&gt;</a>&nbsp;&nbsp;&nbsp;HidDev_Register
<LI><a href="#[a7]">&gt;&gt;</a>&nbsp;&nbsp;&nbsp;GGS_SetParameter
<LI><a href="#[a6]">&gt;&gt;</a>&nbsp;&nbsp;&nbsp;GAPRole_SetParameter
<LI><a href="#[a8]">&gt;&gt;</a>&nbsp;&nbsp;&nbsp;GAPBondMgr_SetParameter
<LI><a href="#[a9]">&gt;&gt;</a>&nbsp;&nbsp;&nbsp;Batt_SetParameter
</UL>
<BR>[Called By]<UL><LI><a href="#[b3]">&gt;&gt;</a>&nbsp;&nbsp;&nbsp;TMOS_InitTasks
</UL>

<P><STRONG><a name="[b3]"></a>TMOS_InitTasks</STRONG> (Thumb, 92 bytes, Stack size 8 bytes, hidkbd_main.o(.text))
<BR><BR>[Stack]<UL><LI>Max Depth = 456<LI>Call Chain = TMOS_InitTasks &rArr; HidEmu_Init &rArr; GAPBondMgr_SetParameter &rArr; gapBondMgrReadBonds &rArr; gapBondMgr_SyncResolveList &rArr; HCI_LE_AddDeviceToResolvingList &rArr; API_LE_AddDeviceToResolvingList &rArr; LL_AddDeviceToResolvingList &rArr; LL_ResolvinglistAdd &rArr; LL_AddrGenerateResolvableAddress &rArr; ble_ll_common_rand32 &rArr; __aeabi_lmul &rArr; __aeabi_llsl
</UL>
<BR>[Calls]<UL><LI><a href="#[bb]">&gt;&gt;</a>&nbsp;&nbsp;&nbsp;mDelaymS
<LI><a href="#[b7]">&gt;&gt;</a>&nbsp;&nbsp;&nbsp;WS2812_Init
<LI><a href="#[b9]">&gt;&gt;</a>&nbsp;&nbsp;&nbsp;UsbHid_Init
<LI><a href="#[ba]">&gt;&gt;</a>&nbsp;&nbsp;&nbsp;Keyboard_Init
<LI><a href="#[b8]">&gt;&gt;</a>&nbsp;&nbsp;&nbsp;HidDev_Init
<LI><a href="#[b5]">&gt;&gt;</a>&nbsp;&nbsp;&nbsp;HAL_Init
<LI><a href="#[b6]">&gt;&gt;</a>&nbsp;&nbsp;&nbsp;GAPRole_PeripheralInit
<LI><a href="#[b4]">&gt;&gt;</a>&nbsp;&nbsp;&nbsp;CH57X_BLEInit
<LI><a href="#[a4]">&gt;&gt;</a>&nbsp;&nbsp;&nbsp;HidEmu_Init
<LI><a href="#[b0]">&gt;&gt;</a>&nbsp;&nbsp;&nbsp;__2printf
</UL>
<BR>[Called By]<UL><LI><a href="#[33]">&gt;&gt;</a>&nbsp;&nbsp;&nbsp;main
</UL>

<P><STRONG><a name="[33]"></a>main</STRONG> (Thumb, 64 bytes, Stack size 0 bytes, hidkbd_main.o(.text))
<BR><BR>[Stack]<UL><LI>Max Depth = 456<LI>Call Chain = main &rArr; TMOS_InitTasks &rArr; HidEmu_Init &rArr; GAPBondMgr_SetParameter &rArr; gapBondMgrReadBonds &rArr; gapBondMgr_SyncResolveList &rArr; HCI_LE_AddDeviceToResolvingList &rArr; API_LE_AddDeviceToResolvingList &rArr; LL_AddDeviceToResolvingList &rArr; LL_ResolvinglistAdd &rArr; LL_AddrGenerateResolvableAddress &rArr; ble_ll_common_rand32 &rArr; __aeabi_lmul &rArr; __aeabi_llsl
</UL>
<BR>[Calls]<UL><LI><a href="#[bb]">&gt;&gt;</a>&nbsp;&nbsp;&nbsp;mDelaymS
<LI><a href="#[c0]">&gt;&gt;</a>&nbsp;&nbsp;&nbsp;UART1_DefInit
<LI><a href="#[c1]">&gt;&gt;</a>&nbsp;&nbsp;&nbsp;TMOS_SystemProcess
<LI><a href="#[bc]">&gt;&gt;</a>&nbsp;&nbsp;&nbsp;SetSysClock
<LI><a href="#[be]">&gt;&gt;</a>&nbsp;&nbsp;&nbsp;PWR_UnitModCfg
<LI><a href="#[bd]">&gt;&gt;</a>&nbsp;&nbsp;&nbsp;HClk32M_Select
<LI><a href="#[bf]">&gt;&gt;</a>&nbsp;&nbsp;&nbsp;GPIOA_ModeCfg
<LI><a href="#[b3]">&gt;&gt;</a>&nbsp;&nbsp;&nbsp;TMOS_InitTasks
<LI><a href="#[b0]">&gt;&gt;</a>&nbsp;&nbsp;&nbsp;__2printf
</UL>
<BR>[Address Reference Count : 1]<UL><LI> entry9a.o(.ARM.Collect$$$$0000000B)
</UL>
<P><STRONG><a name="[37d]"></a>DevEP4_OUT_Deal</STRONG> (Thumb, 2 bytes, Stack size 0 bytes, usbhid.o(.text), UNUSED)

<P><STRONG><a name="[c2]"></a>DevEP3_OUT_Deal</STRONG> (Thumb, 20 bytes, Stack size 8 bytes, usbhid.o(.text))
<BR><BR>[Stack]<UL><LI>Max Depth = 8<LI>Call Chain = DevEP3_OUT_Deal
</UL>
<BR>[Calls]<UL><LI><a href="#[c3]">&gt;&gt;</a>&nbsp;&nbsp;&nbsp;DevEP3_IN_Deal
</UL>
<BR>[Called By]<UL><LI><a href="#[c8]">&gt;&gt;</a>&nbsp;&nbsp;&nbsp;USB_DevTransProcess
</UL>

<P><STRONG><a name="[c4]"></a>DevEP2_OUT_Deal</STRONG> (Thumb, 18 bytes, Stack size 8 bytes, usbhid.o(.text))
<BR><BR>[Stack]<UL><LI>Max Depth = 8<LI>Call Chain = DevEP2_OUT_Deal
</UL>
<BR>[Calls]<UL><LI><a href="#[c5]">&gt;&gt;</a>&nbsp;&nbsp;&nbsp;DevEP2_IN_Deal
</UL>
<BR>[Called By]<UL><LI><a href="#[35]">&gt;&gt;</a>&nbsp;&nbsp;&nbsp;UsbHid_ProcessEvent
<LI><a href="#[c8]">&gt;&gt;</a>&nbsp;&nbsp;&nbsp;USB_DevTransProcess
</UL>

<P><STRONG><a name="[c6]"></a>DevEP1_OUT_Deal</STRONG> (Thumb, 34 bytes, Stack size 16 bytes, usbhid.o(.text))
<BR><BR>[Stack]<UL><LI>Max Depth = 16<LI>Call Chain = DevEP1_OUT_Deal
</UL>
<BR>[Calls]<UL><LI><a href="#[c7]">&gt;&gt;</a>&nbsp;&nbsp;&nbsp;DevEP1_IN_Deal
</UL>
<BR>[Called By]<UL><LI><a href="#[35]">&gt;&gt;</a>&nbsp;&nbsp;&nbsp;UsbHid_ProcessEvent
<LI><a href="#[c8]">&gt;&gt;</a>&nbsp;&nbsp;&nbsp;USB_DevTransProcess
</UL>

<P><STRONG><a name="[c8]"></a>USB_DevTransProcess</STRONG> (Thumb, 754 bytes, Stack size 32 bytes, usbhid.o(.text))
<BR><BR>[Stack]<UL><LI>Max Depth = 56<LI>Call Chain = USB_DevTransProcess &rArr; __2printf
</UL>
<BR>[Calls]<UL><LI><a href="#[c6]">&gt;&gt;</a>&nbsp;&nbsp;&nbsp;DevEP1_OUT_Deal
<LI><a href="#[c4]">&gt;&gt;</a>&nbsp;&nbsp;&nbsp;DevEP2_OUT_Deal
<LI><a href="#[c2]">&gt;&gt;</a>&nbsp;&nbsp;&nbsp;DevEP3_OUT_Deal
<LI><a href="#[ad]">&gt;&gt;</a>&nbsp;&nbsp;&nbsp;__ARM_common_switch8
<LI><a href="#[b0]">&gt;&gt;</a>&nbsp;&nbsp;&nbsp;__2printf
<LI><a href="#[c9]">&gt;&gt;</a>&nbsp;&nbsp;&nbsp;__aeabi_memcpy
</UL>
<BR>[Called By]<UL><LI><a href="#[25]">&gt;&gt;</a>&nbsp;&nbsp;&nbsp;USB_IRQHandler
</UL>

<P><STRONG><a name="[35]"></a>UsbHid_ProcessEvent</STRONG> (Thumb, 86 bytes, Stack size 16 bytes, usbhid.o(.text))
<BR><BR>[Stack]<UL><LI>Max Depth = 56<LI>Call Chain = UsbHid_ProcessEvent &rArr; tmos_start_task &rArr; tmos_memory_allocate
</UL>
<BR>[Calls]<UL><LI><a href="#[c6]">&gt;&gt;</a>&nbsp;&nbsp;&nbsp;DevEP1_OUT_Deal
<LI><a href="#[c4]">&gt;&gt;</a>&nbsp;&nbsp;&nbsp;DevEP2_OUT_Deal
<LI><a href="#[a3]">&gt;&gt;</a>&nbsp;&nbsp;&nbsp;tmos_start_task
<LI><a href="#[9f]">&gt;&gt;</a>&nbsp;&nbsp;&nbsp;tmos_msg_receive
<LI><a href="#[a0]">&gt;&gt;</a>&nbsp;&nbsp;&nbsp;tmos_msg_deallocate
<LI><a href="#[b0]">&gt;&gt;</a>&nbsp;&nbsp;&nbsp;__2printf
</UL>
<BR>[Address Reference Count : 1]<UL><LI> usbhid.o(.text)
</UL>
<P><STRONG><a name="[b9]"></a>UsbHid_Init</STRONG> (Thumb, 56 bytes, Stack size 8 bytes, usbhid.o(.text))
<BR><BR>[Stack]<UL><LI>Max Depth = 16<LI>Call Chain = UsbHid_Init &rArr; USB_DeviceInit
</UL>
<BR>[Calls]<UL><LI><a href="#[ca]">&gt;&gt;</a>&nbsp;&nbsp;&nbsp;USB_DeviceInit
<LI><a href="#[ac]">&gt;&gt;</a>&nbsp;&nbsp;&nbsp;tmos_set_event
<LI><a href="#[a5]">&gt;&gt;</a>&nbsp;&nbsp;&nbsp;TMOS_ProcessEventRegister
</UL>
<BR>[Called By]<UL><LI><a href="#[b3]">&gt;&gt;</a>&nbsp;&nbsp;&nbsp;TMOS_InitTasks
</UL>

<P><STRONG><a name="[25]"></a>USB_IRQHandler</STRONG> (Thumb, 2 bytes, Stack size 0 bytes, usbhid.o(.text))
<BR><BR>[Stack]<UL><LI>Max Depth = 56<LI>Call Chain = USB_IRQHandler &rArr; USB_DevTransProcess &rArr; __2printf
</UL>
<BR>[Calls]<UL><LI><a href="#[c8]">&gt;&gt;</a>&nbsp;&nbsp;&nbsp;USB_DevTransProcess
</UL>
<BR>[Address Reference Count : 1]<UL><LI> startup_armcm0.o(RESET)
</UL>
<P><STRONG><a name="[cb]"></a>LowPowerSerive</STRONG> (Thumb, 296 bytes, Stack size 16 bytes, power.o(.text))
<BR><BR>[Stack]<UL><LI>Max Depth = 56<LI>Call Chain = LowPowerSerive &rArr; LowPower_Halt_1 &rArr; PowerMonitor
</UL>
<BR>[Calls]<UL><LI><a href="#[ce]">&gt;&gt;</a>&nbsp;&nbsp;&nbsp;mDelayuS
<LI><a href="#[d1]">&gt;&gt;</a>&nbsp;&nbsp;&nbsp;LowPower_Shutdown (via Veneer)
<LI><a href="#[cc]">&gt;&gt;</a>&nbsp;&nbsp;&nbsp;LowPower_Idle
<LI><a href="#[d0]">&gt;&gt;</a>&nbsp;&nbsp;&nbsp;LowPower_Halt_2 (via Veneer)
<LI><a href="#[cd]">&gt;&gt;</a>&nbsp;&nbsp;&nbsp;LowPower_Halt_1 (via Veneer)
<LI><a href="#[cf]">&gt;&gt;</a>&nbsp;&nbsp;&nbsp;HSECFG_Current
<LI><a href="#[bb]">&gt;&gt;</a>&nbsp;&nbsp;&nbsp;mDelaymS
<LI><a href="#[bc]">&gt;&gt;</a>&nbsp;&nbsp;&nbsp;SetSysClock
<LI><a href="#[be]">&gt;&gt;</a>&nbsp;&nbsp;&nbsp;PWR_UnitModCfg
<LI><a href="#[ad]">&gt;&gt;</a>&nbsp;&nbsp;&nbsp;__ARM_common_switch8
<LI><a href="#[b0]">&gt;&gt;</a>&nbsp;&nbsp;&nbsp;__2printf
</UL>
<BR>[Called By]<UL><LI><a href="#[36]">&gt;&gt;</a>&nbsp;&nbsp;&nbsp;PowerManage_ProcessEvent
</UL>

<P><STRONG><a name="[36]"></a>PowerManage_ProcessEvent</STRONG> (Thumb, 54 bytes, Stack size 8 bytes, power.o(.text))
<BR><BR>[Stack]<UL><LI>Max Depth = 64<LI>Call Chain = PowerManage_ProcessEvent &rArr; LowPowerSerive &rArr; LowPower_Halt_1 &rArr; PowerMonitor
</UL>
<BR>[Calls]<UL><LI><a href="#[cb]">&gt;&gt;</a>&nbsp;&nbsp;&nbsp;LowPowerSerive
<LI><a href="#[a3]">&gt;&gt;</a>&nbsp;&nbsp;&nbsp;tmos_start_task
<LI><a href="#[9f]">&gt;&gt;</a>&nbsp;&nbsp;&nbsp;tmos_msg_receive
<LI><a href="#[a0]">&gt;&gt;</a>&nbsp;&nbsp;&nbsp;tmos_msg_deallocate
</UL>
<BR>[Address Reference Count : 1]<UL><LI> power.o(.text)
</UL>
<P><STRONG><a name="[d2]"></a>PowerManage_Init</STRONG> (Thumb, 56 bytes, Stack size 8 bytes, power.o(.text), UNUSED)
<BR><BR>[Calls]<UL><LI><a href="#[d5]">&gt;&gt;</a>&nbsp;&nbsp;&nbsp;PWR_PeriphWakeUpCfg
<LI><a href="#[d3]">&gt;&gt;</a>&nbsp;&nbsp;&nbsp;GPIOB_ModeCfg
<LI><a href="#[d4]">&gt;&gt;</a>&nbsp;&nbsp;&nbsp;GPIOB_ITModeCfg
<LI><a href="#[a3]">&gt;&gt;</a>&nbsp;&nbsp;&nbsp;tmos_start_task
<LI><a href="#[a5]">&gt;&gt;</a>&nbsp;&nbsp;&nbsp;TMOS_ProcessEventRegister
</UL>

<P><STRONG><a name="[20]"></a>GPIO_IRQHandler</STRONG> (Thumb, 28 bytes, Stack size 0 bytes, power.o(.text))
<BR>[Address Reference Count : 1]<UL><LI> startup_armcm0.o(RESET)
</UL>
<P><STRONG><a name="[d6]"></a>keyBoard_GPIO_SetMode</STRONG> (Thumb, 24 bytes, Stack size 8 bytes, mykeyboard.o(.text))
<BR><BR>[Stack]<UL><LI>Max Depth = 20<LI>Call Chain = keyBoard_GPIO_SetMode &rArr; GPIOB_ModeCfg &rArr; __ARM_common_switch8
</UL>
<BR>[Calls]<UL><LI><a href="#[d3]">&gt;&gt;</a>&nbsp;&nbsp;&nbsp;GPIOB_ModeCfg
<LI><a href="#[bf]">&gt;&gt;</a>&nbsp;&nbsp;&nbsp;GPIOA_ModeCfg
</UL>
<BR>[Called By]<UL><LI><a href="#[d7]">&gt;&gt;</a>&nbsp;&nbsp;&nbsp;keyBoard_GPIO_Init
</UL>

<P><STRONG><a name="[da]"></a>keyBoard_GPIO_ReadPin</STRONG> (Thumb, 24 bytes, Stack size 0 bytes, mykeyboard.o(.text))
<BR><BR>[Called By]<UL><LI><a href="#[d9]">&gt;&gt;</a>&nbsp;&nbsp;&nbsp;keyBoard_Scanf
</UL>

<P><STRONG><a name="[d8]"></a>keyBoard_GPIO_SetPin</STRONG> (Thumb, 50 bytes, Stack size 0 bytes, mykeyboard.o(.text))
<BR><BR>[Called By]<UL><LI><a href="#[d9]">&gt;&gt;</a>&nbsp;&nbsp;&nbsp;keyBoard_Scanf
<LI><a href="#[d7]">&gt;&gt;</a>&nbsp;&nbsp;&nbsp;keyBoard_GPIO_Init
</UL>

<P><STRONG><a name="[d7]"></a>keyBoard_GPIO_Init</STRONG> (Thumb, 568 bytes, Stack size 24 bytes, mykeyboard.o(.text))
<BR><BR>[Stack]<UL><LI>Max Depth = 44<LI>Call Chain = keyBoard_GPIO_Init &rArr; keyBoard_GPIO_SetMode &rArr; GPIOB_ModeCfg &rArr; __ARM_common_switch8
</UL>
<BR>[Calls]<UL><LI><a href="#[d8]">&gt;&gt;</a>&nbsp;&nbsp;&nbsp;keyBoard_GPIO_SetPin
<LI><a href="#[d6]">&gt;&gt;</a>&nbsp;&nbsp;&nbsp;keyBoard_GPIO_SetMode
<LI><a href="#[bb]">&gt;&gt;</a>&nbsp;&nbsp;&nbsp;mDelaymS
</UL>
<BR>[Called By]<UL><LI><a href="#[ba]">&gt;&gt;</a>&nbsp;&nbsp;&nbsp;Keyboard_Init
</UL>

<P><STRONG><a name="[d9]"></a>keyBoard_Scanf</STRONG> (Thumb, 260 bytes, Stack size 32 bytes, mykeyboard.o(.text))
<BR><BR>[Stack]<UL><LI>Max Depth = 40<LI>Call Chain = keyBoard_Scanf &rArr; strcmp
</UL>
<BR>[Calls]<UL><LI><a href="#[d8]">&gt;&gt;</a>&nbsp;&nbsp;&nbsp;keyBoard_GPIO_SetPin
<LI><a href="#[da]">&gt;&gt;</a>&nbsp;&nbsp;&nbsp;keyBoard_GPIO_ReadPin
<LI><a href="#[db]">&gt;&gt;</a>&nbsp;&nbsp;&nbsp;strcmp
</UL>
<BR>[Called By]<UL><LI><a href="#[dc]">&gt;&gt;</a>&nbsp;&nbsp;&nbsp;keyBoard_SendValue
</UL>

<P><STRONG><a name="[dc]"></a>keyBoard_SendValue</STRONG> (Thumb, 814 bytes, Stack size 32 bytes, mykeyboard.o(.text))
<BR><BR>[Stack]<UL><LI>Max Depth = 72<LI>Call Chain = keyBoard_SendValue &rArr; keyBoard_Scanf &rArr; strcmp
</UL>
<BR>[Calls]<UL><LI><a href="#[de]">&gt;&gt;</a>&nbsp;&nbsp;&nbsp;tmos_stop_task
<LI><a href="#[dd]">&gt;&gt;</a>&nbsp;&nbsp;&nbsp;tmos_memset
<LI><a href="#[d9]">&gt;&gt;</a>&nbsp;&nbsp;&nbsp;keyBoard_Scanf
<LI><a href="#[ce]">&gt;&gt;</a>&nbsp;&nbsp;&nbsp;mDelayuS
<LI><a href="#[ac]">&gt;&gt;</a>&nbsp;&nbsp;&nbsp;tmos_set_event
<LI><a href="#[db]">&gt;&gt;</a>&nbsp;&nbsp;&nbsp;strcmp
</UL>
<BR>[Called By]<UL><LI><a href="#[37]">&gt;&gt;</a>&nbsp;&nbsp;&nbsp;Keyboard_ProcessEvent
</UL>

<P><STRONG><a name="[37]"></a>Keyboard_ProcessEvent</STRONG> (Thumb, 112 bytes, Stack size 16 bytes, mykeyboard.o(.text))
<BR><BR>[Stack]<UL><LI>Max Depth = 88<LI>Call Chain = Keyboard_ProcessEvent &rArr; keyBoard_SendValue &rArr; keyBoard_Scanf &rArr; strcmp
</UL>
<BR>[Calls]<UL><LI><a href="#[dc]">&gt;&gt;</a>&nbsp;&nbsp;&nbsp;keyBoard_SendValue
<LI><a href="#[a3]">&gt;&gt;</a>&nbsp;&nbsp;&nbsp;tmos_start_task
<LI><a href="#[ac]">&gt;&gt;</a>&nbsp;&nbsp;&nbsp;tmos_set_event
<LI><a href="#[9f]">&gt;&gt;</a>&nbsp;&nbsp;&nbsp;tmos_msg_receive
<LI><a href="#[a0]">&gt;&gt;</a>&nbsp;&nbsp;&nbsp;tmos_msg_deallocate
</UL>
<BR>[Address Reference Count : 1]<UL><LI> mykeyboard.o(.text)
</UL>
<P><STRONG><a name="[ba]"></a>Keyboard_Init</STRONG> (Thumb, 40 bytes, Stack size 8 bytes, mykeyboard.o(.text))
<BR><BR>[Stack]<UL><LI>Max Depth = 52<LI>Call Chain = Keyboard_Init &rArr; keyBoard_GPIO_Init &rArr; keyBoard_GPIO_SetMode &rArr; GPIOB_ModeCfg &rArr; __ARM_common_switch8
</UL>
<BR>[Calls]<UL><LI><a href="#[d7]">&gt;&gt;</a>&nbsp;&nbsp;&nbsp;keyBoard_GPIO_Init
<LI><a href="#[bb]">&gt;&gt;</a>&nbsp;&nbsp;&nbsp;mDelaymS
<LI><a href="#[a3]">&gt;&gt;</a>&nbsp;&nbsp;&nbsp;tmos_start_task
<LI><a href="#[a5]">&gt;&gt;</a>&nbsp;&nbsp;&nbsp;TMOS_ProcessEventRegister
</UL>
<BR>[Called By]<UL><LI><a href="#[b3]">&gt;&gt;</a>&nbsp;&nbsp;&nbsp;TMOS_InitTasks
</UL>

<P><STRONG><a name="[df]"></a>RGB_LED_Reset</STRONG> (Thumb, 44 bytes, Stack size 8 bytes, ws2812.o(.text))
<BR><BR>[Stack]<UL><LI>Max Depth = 20<LI>Call Chain = RGB_LED_Reset &rArr; GPIOA_ModeCfg &rArr; __ARM_common_switch8
</UL>
<BR>[Calls]<UL><LI><a href="#[ce]">&gt;&gt;</a>&nbsp;&nbsp;&nbsp;mDelayuS
<LI><a href="#[bf]">&gt;&gt;</a>&nbsp;&nbsp;&nbsp;GPIOA_ModeCfg
</UL>
<BR>[Called By]<UL><LI><a href="#[e5]">&gt;&gt;</a>&nbsp;&nbsp;&nbsp;RGB_24Bit_Display1
<LI><a href="#[e4]">&gt;&gt;</a>&nbsp;&nbsp;&nbsp;RGB_24Bit
<LI><a href="#[e2]">&gt;&gt;</a>&nbsp;&nbsp;&nbsp;RGB_GPIO_Init
</UL>

<P><STRONG><a name="[e0]"></a>RGB_LED_Write_24Bits</STRONG> (Thumb, 122 bytes, Stack size 24 bytes, ws2812.o(.text))
<BR><BR>[Stack]<UL><LI>Max Depth = 32<LI>Call Chain = RGB_LED_Write_24Bits &rArr; SPI0_MasterDMATrans
</UL>
<BR>[Calls]<UL><LI><a href="#[e1]">&gt;&gt;</a>&nbsp;&nbsp;&nbsp;SPI0_MasterDMATrans
</UL>
<BR>[Called By]<UL><LI><a href="#[e5]">&gt;&gt;</a>&nbsp;&nbsp;&nbsp;RGB_24Bit_Display1
<LI><a href="#[e4]">&gt;&gt;</a>&nbsp;&nbsp;&nbsp;RGB_24Bit
<LI><a href="#[e2]">&gt;&gt;</a>&nbsp;&nbsp;&nbsp;RGB_GPIO_Init
</UL>

<P><STRONG><a name="[e2]"></a>RGB_GPIO_Init</STRONG> (Thumb, 86 bytes, Stack size 16 bytes, ws2812.o(.text))
<BR><BR>[Stack]<UL><LI>Max Depth = 48<LI>Call Chain = RGB_GPIO_Init &rArr; RGB_LED_Write_24Bits &rArr; SPI0_MasterDMATrans
</UL>
<BR>[Calls]<UL><LI><a href="#[e3]">&gt;&gt;</a>&nbsp;&nbsp;&nbsp;SPI0_MasterDefInit
<LI><a href="#[e0]">&gt;&gt;</a>&nbsp;&nbsp;&nbsp;RGB_LED_Write_24Bits
<LI><a href="#[df]">&gt;&gt;</a>&nbsp;&nbsp;&nbsp;RGB_LED_Reset
<LI><a href="#[ce]">&gt;&gt;</a>&nbsp;&nbsp;&nbsp;mDelayuS
<LI><a href="#[bf]">&gt;&gt;</a>&nbsp;&nbsp;&nbsp;GPIOA_ModeCfg
</UL>
<BR>[Called By]<UL><LI><a href="#[b7]">&gt;&gt;</a>&nbsp;&nbsp;&nbsp;WS2812_Init
</UL>

<P><STRONG><a name="[e4]"></a>RGB_24Bit</STRONG> (Thumb, 38 bytes, Stack size 40 bytes, ws2812.o(.text))
<BR><BR>[Stack]<UL><LI>Max Depth = 72<LI>Call Chain = RGB_24Bit &rArr; RGB_LED_Write_24Bits &rArr; SPI0_MasterDMATrans
</UL>
<BR>[Calls]<UL><LI><a href="#[e0]">&gt;&gt;</a>&nbsp;&nbsp;&nbsp;RGB_LED_Write_24Bits
<LI><a href="#[df]">&gt;&gt;</a>&nbsp;&nbsp;&nbsp;RGB_LED_Reset
</UL>
<BR>[Called By]<UL><LI><a href="#[38]">&gt;&gt;</a>&nbsp;&nbsp;&nbsp;WS2812_ProcessEvent
</UL>

<P><STRONG><a name="[e5]"></a>RGB_24Bit_Display1</STRONG> (Thumb, 78 bytes, Stack size 24 bytes, ws2812.o(.text))
<BR><BR>[Stack]<UL><LI>Max Depth = 56<LI>Call Chain = RGB_24Bit_Display1 &rArr; RGB_LED_Write_24Bits &rArr; SPI0_MasterDMATrans
</UL>
<BR>[Calls]<UL><LI><a href="#[e0]">&gt;&gt;</a>&nbsp;&nbsp;&nbsp;RGB_LED_Write_24Bits
<LI><a href="#[df]">&gt;&gt;</a>&nbsp;&nbsp;&nbsp;RGB_LED_Reset
</UL>
<BR>[Called By]<UL><LI><a href="#[e6]">&gt;&gt;</a>&nbsp;&nbsp;&nbsp;WS2812_Display_1
</UL>

<P><STRONG><a name="[e6]"></a>WS2812_Display_1</STRONG> (Thumb, 256 bytes, Stack size 24 bytes, ws2812.o(.text))
<BR><BR>[Stack]<UL><LI>Max Depth = 80<LI>Call Chain = WS2812_Display_1 &rArr; RGB_24Bit_Display1 &rArr; RGB_LED_Write_24Bits &rArr; SPI0_MasterDMATrans
</UL>
<BR>[Calls]<UL><LI><a href="#[e5]">&gt;&gt;</a>&nbsp;&nbsp;&nbsp;RGB_24Bit_Display1
</UL>
<BR>[Called By]<UL><LI><a href="#[38]">&gt;&gt;</a>&nbsp;&nbsp;&nbsp;WS2812_ProcessEvent
</UL>

<P><STRONG><a name="[38]"></a>WS2812_ProcessEvent</STRONG> (Thumb, 110 bytes, Stack size 8 bytes, ws2812.o(.text))
<BR><BR>[Stack]<UL><LI>Max Depth = 88<LI>Call Chain = WS2812_ProcessEvent &rArr; WS2812_Display_1 &rArr; RGB_24Bit_Display1 &rArr; RGB_LED_Write_24Bits &rArr; SPI0_MasterDMATrans
</UL>
<BR>[Calls]<UL><LI><a href="#[e6]">&gt;&gt;</a>&nbsp;&nbsp;&nbsp;WS2812_Display_1
<LI><a href="#[e4]">&gt;&gt;</a>&nbsp;&nbsp;&nbsp;RGB_24Bit
<LI><a href="#[dd]">&gt;&gt;</a>&nbsp;&nbsp;&nbsp;tmos_memset
<LI><a href="#[a3]">&gt;&gt;</a>&nbsp;&nbsp;&nbsp;tmos_start_task
<LI><a href="#[9f]">&gt;&gt;</a>&nbsp;&nbsp;&nbsp;tmos_msg_receive
<LI><a href="#[a0]">&gt;&gt;</a>&nbsp;&nbsp;&nbsp;tmos_msg_deallocate
</UL>
<BR>[Address Reference Count : 1]<UL><LI> ws2812.o(.text)
</UL>
<P><STRONG><a name="[b7]"></a>WS2812_Init</STRONG> (Thumb, 42 bytes, Stack size 8 bytes, ws2812.o(.text))
<BR><BR>[Stack]<UL><LI>Max Depth = 56<LI>Call Chain = WS2812_Init &rArr; RGB_GPIO_Init &rArr; RGB_LED_Write_24Bits &rArr; SPI0_MasterDMATrans
</UL>
<BR>[Calls]<UL><LI><a href="#[e2]">&gt;&gt;</a>&nbsp;&nbsp;&nbsp;RGB_GPIO_Init
<LI><a href="#[dd]">&gt;&gt;</a>&nbsp;&nbsp;&nbsp;tmos_memset
<LI><a href="#[a3]">&gt;&gt;</a>&nbsp;&nbsp;&nbsp;tmos_start_task
<LI><a href="#[a5]">&gt;&gt;</a>&nbsp;&nbsp;&nbsp;TMOS_ProcessEventRegister
</UL>
<BR>[Called By]<UL><LI><a href="#[b3]">&gt;&gt;</a>&nbsp;&nbsp;&nbsp;TMOS_InitTasks
</UL>

<P><STRONG><a name="[e7]"></a>Batt_AddService</STRONG> (Thumb, 26 bytes, Stack size 8 bytes, battservice.o(.text))
<BR><BR>[Stack]<UL><LI>Max Depth = 96<LI>Call Chain = Batt_AddService &rArr; GATTServApp_RegisterService &rArr; GATT_RegisterService &rArr; ATT_CompareUUID &rArr; ATT_ConvertUUIDto128
</UL>
<BR>[Calls]<UL><LI><a href="#[e9]">&gt;&gt;</a>&nbsp;&nbsp;&nbsp;GATTServApp_RegisterService
<LI><a href="#[e8]">&gt;&gt;</a>&nbsp;&nbsp;&nbsp;GATTServApp_InitCharCfg
</UL>
<BR>[Called By]<UL><LI><a href="#[b8]">&gt;&gt;</a>&nbsp;&nbsp;&nbsp;HidDev_Init
</UL>

<P><STRONG><a name="[103]"></a>Batt_Register</STRONG> (Thumb, 8 bytes, Stack size 0 bytes, battservice.o(.text))
<BR><BR>[Called By]<UL><LI><a href="#[b8]">&gt;&gt;</a>&nbsp;&nbsp;&nbsp;HidDev_Init
</UL>

<P><STRONG><a name="[a9]"></a>Batt_SetParameter</STRONG> (Thumb, 36 bytes, Stack size 8 bytes, battservice.o(.text))
<BR><BR>[Stack]<UL><LI>Max Depth = 32<LI>Call Chain = Batt_SetParameter &rArr; linkDB_PerformFunc
</UL>
<BR>[Calls]<UL><LI><a href="#[ee]">&gt;&gt;</a>&nbsp;&nbsp;&nbsp;linkDB_PerformFunc
</UL>
<BR>[Called By]<UL><LI><a href="#[a4]">&gt;&gt;</a>&nbsp;&nbsp;&nbsp;HidEmu_Init
</UL>

<P><STRONG><a name="[112]"></a>Batt_GetParameter</STRONG> (Thumb, 74 bytes, Stack size 8 bytes, battservice.o(.text))
<BR><BR>[Stack]<UL><LI>Max Depth = 8<LI>Call Chain = Batt_GetParameter
</UL>
<BR>[Called By]<UL><LI><a href="#[aa]">&gt;&gt;</a>&nbsp;&nbsp;&nbsp;Hid_AddService
</UL>

<P><STRONG><a name="[f1]"></a>Batt_MeasLevel</STRONG> (Thumb, 28 bytes, Stack size 8 bytes, battservice.o(.text))
<BR><BR>[Stack]<UL><LI>Max Depth = 52<LI>Call Chain = Batt_MeasLevel &rArr; battMeasure &rArr; __aeabi_idivmod &rArr; __aeabi_uidivmod
</UL>
<BR>[Calls]<UL><LI><a href="#[ee]">&gt;&gt;</a>&nbsp;&nbsp;&nbsp;linkDB_PerformFunc
<LI><a href="#[ef]">&gt;&gt;</a>&nbsp;&nbsp;&nbsp;battMeasure
</UL>
<BR>[Called By]<UL><LI><a href="#[3a]">&gt;&gt;</a>&nbsp;&nbsp;&nbsp;HidDev_ProcessEvent
</UL>

<P><STRONG><a name="[37e]"></a>Batt_Setup</STRONG> (Thumb, 20 bytes, Stack size 12 bytes, battservice.o(.text), UNUSED)

<P><STRONG><a name="[f4]"></a>Batt_HandleConnStatusCB</STRONG> (Thumb, 42 bytes, Stack size 8 bytes, battservice.o(.text))
<BR><BR>[Stack]<UL><LI>Max Depth = 28<LI>Call Chain = Batt_HandleConnStatusCB &rArr; linkDB_State &rArr; linkDB_Find
</UL>
<BR>[Calls]<UL><LI><a href="#[f5]">&gt;&gt;</a>&nbsp;&nbsp;&nbsp;linkDB_State
<LI><a href="#[e8]">&gt;&gt;</a>&nbsp;&nbsp;&nbsp;GATTServApp_InitCharCfg
</UL>
<BR>[Called By]<UL><LI><a href="#[10e]">&gt;&gt;</a>&nbsp;&nbsp;&nbsp;hidDevDisconnected
</UL>

<P><STRONG><a name="[f6]"></a>DevInfo_AddService</STRONG> (Thumb, 16 bytes, Stack size 8 bytes, devinfoservice.o(.text))
<BR><BR>[Stack]<UL><LI>Max Depth = 96<LI>Call Chain = DevInfo_AddService &rArr; GATTServApp_RegisterService &rArr; GATT_RegisterService &rArr; ATT_CompareUUID &rArr; ATT_ConvertUUIDto128
</UL>
<BR>[Calls]<UL><LI><a href="#[e9]">&gt;&gt;</a>&nbsp;&nbsp;&nbsp;GATTServApp_RegisterService
</UL>
<BR>[Called By]<UL><LI><a href="#[b8]">&gt;&gt;</a>&nbsp;&nbsp;&nbsp;HidDev_Init
</UL>

<P><STRONG><a name="[f7]"></a>DevInfo_SetParameter</STRONG> (Thumb, 30 bytes, Stack size 8 bytes, devinfoservice.o(.text), UNUSED)
<BR><BR>[Calls]<UL><LI><a href="#[f2]">&gt;&gt;</a>&nbsp;&nbsp;&nbsp;tmos_memcpy
</UL>

<P><STRONG><a name="[f8]"></a>DevInfo_GetParameter</STRONG> (Thumb, 106 bytes, Stack size 16 bytes, devinfoservice.o(.text), UNUSED)
<BR><BR>[Calls]<UL><LI><a href="#[f2]">&gt;&gt;</a>&nbsp;&nbsp;&nbsp;tmos_memcpy
<LI><a href="#[ad]">&gt;&gt;</a>&nbsp;&nbsp;&nbsp;__ARM_common_switch8
</UL>

<P><STRONG><a name="[3a]"></a>HidDev_ProcessEvent</STRONG> (Thumb, 190 bytes, Stack size 16 bytes, hiddev.o(.text))
<BR><BR>[Stack]<UL><LI>Max Depth = 432<LI>Call Chain = HidDev_ProcessEvent &rArr; hidDevSendReport &rArr; HidDev_sendNoti &rArr; GATT_Notification &rArr; ATT_HandleValueNoti &rArr; attSendMsg &rArr; SM_GenerateAuthenSig &rArr; sm_CMAC &rArr; generate_subkey &rArr; LL_Encrypt &rArr; AES_DevAESEnc &rArr; AES_DecError
</UL>
<BR>[Calls]<UL><LI><a href="#[fe]">&gt;&gt;</a>&nbsp;&nbsp;&nbsp;GAPRole_TerminateLink
<LI><a href="#[fd]">&gt;&gt;</a>&nbsp;&nbsp;&nbsp;GAPRole_PeripheralStartDevice
<LI><a href="#[fa]">&gt;&gt;</a>&nbsp;&nbsp;&nbsp;hidDevSendReport
<LI><a href="#[f1]">&gt;&gt;</a>&nbsp;&nbsp;&nbsp;Batt_MeasLevel
<LI><a href="#[a3]">&gt;&gt;</a>&nbsp;&nbsp;&nbsp;tmos_start_task
<LI><a href="#[9f]">&gt;&gt;</a>&nbsp;&nbsp;&nbsp;tmos_msg_receive
<LI><a href="#[a0]">&gt;&gt;</a>&nbsp;&nbsp;&nbsp;tmos_msg_deallocate
<LI><a href="#[b0]">&gt;&gt;</a>&nbsp;&nbsp;&nbsp;__2printf
<LI><a href="#[ff]">&gt;&gt;</a>&nbsp;&nbsp;&nbsp;__aeabi_uidivmod
</UL>
<BR>[Address Reference Count : 1]<UL><LI> hiddev.o(.text)
</UL>
<P><STRONG><a name="[b8]"></a>HidDev_Init</STRONG> (Thumb, 78 bytes, Stack size 16 bytes, hiddev.o(.text))
<BR><BR>[Stack]<UL><LI>Max Depth = 432<LI>Call Chain = HidDev_Init &rArr; GAPBondMgr_SetParameter &rArr; gapBondMgrReadBonds &rArr; gapBondMgr_SyncResolveList &rArr; HCI_LE_AddDeviceToResolvingList &rArr; API_LE_AddDeviceToResolvingList &rArr; LL_AddDeviceToResolvingList &rArr; LL_ResolvinglistAdd &rArr; LL_AddrGenerateResolvableAddress &rArr; ble_ll_common_rand32 &rArr; __aeabi_lmul &rArr; __aeabi_llsl
</UL>
<BR>[Calls]<UL><LI><a href="#[104]">&gt;&gt;</a>&nbsp;&nbsp;&nbsp;ScanParam_Register
<LI><a href="#[102]">&gt;&gt;</a>&nbsp;&nbsp;&nbsp;ScanParam_AddService
<LI><a href="#[100]">&gt;&gt;</a>&nbsp;&nbsp;&nbsp;GGS_AddService
<LI><a href="#[101]">&gt;&gt;</a>&nbsp;&nbsp;&nbsp;GATTServApp_AddService
<LI><a href="#[f6]">&gt;&gt;</a>&nbsp;&nbsp;&nbsp;DevInfo_AddService
<LI><a href="#[103]">&gt;&gt;</a>&nbsp;&nbsp;&nbsp;Batt_Register
<LI><a href="#[e7]">&gt;&gt;</a>&nbsp;&nbsp;&nbsp;Batt_AddService
<LI><a href="#[ac]">&gt;&gt;</a>&nbsp;&nbsp;&nbsp;tmos_set_event
<LI><a href="#[a5]">&gt;&gt;</a>&nbsp;&nbsp;&nbsp;TMOS_ProcessEventRegister
<LI><a href="#[a8]">&gt;&gt;</a>&nbsp;&nbsp;&nbsp;GAPBondMgr_SetParameter
</UL>
<BR>[Called By]<UL><LI><a href="#[b3]">&gt;&gt;</a>&nbsp;&nbsp;&nbsp;TMOS_InitTasks
</UL>

<P><STRONG><a name="[ab]"></a>HidDev_Register</STRONG> (Thumb, 8 bytes, Stack size 0 bytes, hiddev.o(.text))
<BR><BR>[Called By]<UL><LI><a href="#[a4]">&gt;&gt;</a>&nbsp;&nbsp;&nbsp;HidEmu_Init
</UL>

<P><STRONG><a name="[113]"></a>HidDev_RegisterReports</STRONG> (Thumb, 8 bytes, Stack size 0 bytes, hiddev.o(.text))
<BR><BR>[Called By]<UL><LI><a href="#[aa]">&gt;&gt;</a>&nbsp;&nbsp;&nbsp;Hid_AddService
</UL>

<P><STRONG><a name="[a2]"></a>HidDev_Report</STRONG> (Thumb, 114 bytes, Stack size 24 bytes, hiddev.o(.text))
<BR><BR>[Stack]<UL><LI>Max Depth = 440<LI>Call Chain = HidDev_Report &rArr; hidDevSendReport &rArr; HidDev_sendNoti &rArr; GATT_Notification &rArr; ATT_HandleValueNoti &rArr; attSendMsg &rArr; SM_GenerateAuthenSig &rArr; sm_CMAC &rArr; generate_subkey &rArr; LL_Encrypt &rArr; AES_DevAESEnc &rArr; AES_DecError
</UL>
<BR>[Calls]<UL><LI><a href="#[106]">&gt;&gt;</a>&nbsp;&nbsp;&nbsp;GAP_SetParamValue
<LI><a href="#[108]">&gt;&gt;</a>&nbsp;&nbsp;&nbsp;hidDevEnqueueReport
<LI><a href="#[107]">&gt;&gt;</a>&nbsp;&nbsp;&nbsp;hidDevBondCount
<LI><a href="#[105]">&gt;&gt;</a>&nbsp;&nbsp;&nbsp;hidDevInitialAdvertising
<LI><a href="#[fa]">&gt;&gt;</a>&nbsp;&nbsp;&nbsp;hidDevSendReport
<LI><a href="#[a6]">&gt;&gt;</a>&nbsp;&nbsp;&nbsp;GAPRole_SetParameter
</UL>
<BR>[Called By]<UL><LI><a href="#[34]">&gt;&gt;</a>&nbsp;&nbsp;&nbsp;HidEmu_ProcessEvent
</UL>

<P><STRONG><a name="[109]"></a>HidDev_Close</STRONG> (Thumb, 36 bytes, Stack size 8 bytes, hiddev.o(.text), UNUSED)
<BR><BR>[Calls]<UL><LI><a href="#[fe]">&gt;&gt;</a>&nbsp;&nbsp;&nbsp;GAPRole_TerminateLink
<LI><a href="#[a6]">&gt;&gt;</a>&nbsp;&nbsp;&nbsp;GAPRole_SetParameter
</UL>

<P><STRONG><a name="[10a]"></a>HidDev_SetParameter</STRONG> (Thumb, 128 bytes, Stack size 24 bytes, hiddev.o(.text), UNUSED)
<BR><BR>[Calls]<UL><LI><a href="#[fe]">&gt;&gt;</a>&nbsp;&nbsp;&nbsp;GAPRole_TerminateLink
<LI><a href="#[fb]">&gt;&gt;</a>&nbsp;&nbsp;&nbsp;hidDevRptById
<LI><a href="#[f9]">&gt;&gt;</a>&nbsp;&nbsp;&nbsp;HidDev_sendNoti
<LI><a href="#[dd]">&gt;&gt;</a>&nbsp;&nbsp;&nbsp;tmos_memset
<LI><a href="#[a8]">&gt;&gt;</a>&nbsp;&nbsp;&nbsp;GAPBondMgr_SetParameter
</UL>

<P><STRONG><a name="[37f]"></a>HidDev_GetParameter</STRONG> (Thumb, 4 bytes, Stack size 0 bytes, hiddev.o(.text), UNUSED)

<P><STRONG><a name="[10b]"></a>HidDev_PasscodeRsp</STRONG> (Thumb, 16 bytes, Stack size 8 bytes, hiddev.o(.text), UNUSED)
<BR><BR>[Calls]<UL><LI><a href="#[10c]">&gt;&gt;</a>&nbsp;&nbsp;&nbsp;GAPBondMgr_PasscodeRsp
</UL>

<P><STRONG><a name="[a]"></a>HidDev_ReadAttrCB</STRONG> (Thumb, 272 bytes, Stack size 32 bytes, hiddev.o(.text))
<BR><BR>[Stack]<UL><LI>Max Depth = 40<LI>Call Chain = HidDev_ReadAttrCB &rArr; hidDevRptByHandle
</UL>
<BR>[Calls]<UL><LI><a href="#[10d]">&gt;&gt;</a>&nbsp;&nbsp;&nbsp;hidDevRptByHandle
<LI><a href="#[f2]">&gt;&gt;</a>&nbsp;&nbsp;&nbsp;tmos_memcpy
</UL>
<BR>[Address Reference Count : 1]<UL><LI> hidkbdservice.o(.data)
</UL>
<P><STRONG><a name="[b]"></a>HidDev_WriteAttrCB</STRONG> (Thumb, 282 bytes, Stack size 48 bytes, hiddev.o(.text))
<BR><BR>[Stack]<UL><LI>Max Depth = 88<LI>Call Chain = HidDev_WriteAttrCB &rArr; GATTServApp_ProcessCCCWriteReq &rArr; GATTServApp_WriteCharCfg
</UL>
<BR>[Calls]<UL><LI><a href="#[10d]">&gt;&gt;</a>&nbsp;&nbsp;&nbsp;hidDevRptByHandle
<LI><a href="#[f3]">&gt;&gt;</a>&nbsp;&nbsp;&nbsp;GATTServApp_ProcessCCCWriteReq
</UL>
<BR>[Address Reference Count : 1]<UL><LI> hidkbdservice.o(.data)
</UL>
<P><STRONG><a name="[aa]"></a>Hid_AddService</STRONG> (Thumb, 184 bytes, Stack size 24 bytes, hidkbdservice.o(.text))
<BR><BR>[Stack]<UL><LI>Max Depth = 112<LI>Call Chain = Hid_AddService &rArr; GATTServApp_RegisterService &rArr; GATT_RegisterService &rArr; ATT_CompareUUID &rArr; ATT_ConvertUUIDto128
</UL>
<BR>[Calls]<UL><LI><a href="#[113]">&gt;&gt;</a>&nbsp;&nbsp;&nbsp;HidDev_RegisterReports
<LI><a href="#[e9]">&gt;&gt;</a>&nbsp;&nbsp;&nbsp;GATTServApp_RegisterService
<LI><a href="#[e8]">&gt;&gt;</a>&nbsp;&nbsp;&nbsp;GATTServApp_InitCharCfg
<LI><a href="#[112]">&gt;&gt;</a>&nbsp;&nbsp;&nbsp;Batt_GetParameter
</UL>
<BR>[Called By]<UL><LI><a href="#[a4]">&gt;&gt;</a>&nbsp;&nbsp;&nbsp;HidEmu_Init
</UL>

<P><STRONG><a name="[b1]"></a>Hid_SetParameter</STRONG> (Thumb, 64 bytes, Stack size 12 bytes, hidkbdservice.o(.text))
<BR><BR>[Stack]<UL><LI>Max Depth = 12<LI>Call Chain = Hid_SetParameter
</UL>
<BR>[Called By]<UL><LI><a href="#[0]">&gt;&gt;</a>&nbsp;&nbsp;&nbsp;hidEmuRptCB
</UL>

<P><STRONG><a name="[b2]"></a>Hid_GetParameter</STRONG> (Thumb, 52 bytes, Stack size 16 bytes, hidkbdservice.o(.text))
<BR><BR>[Stack]<UL><LI>Max Depth = 16<LI>Call Chain = Hid_GetParameter
</UL>
<BR>[Called By]<UL><LI><a href="#[0]">&gt;&gt;</a>&nbsp;&nbsp;&nbsp;hidEmuRptCB
</UL>

<P><STRONG><a name="[102]"></a>ScanParam_AddService</STRONG> (Thumb, 26 bytes, Stack size 8 bytes, scanparamservice.o(.text))
<BR><BR>[Stack]<UL><LI>Max Depth = 96<LI>Call Chain = ScanParam_AddService &rArr; GATTServApp_RegisterService &rArr; GATT_RegisterService &rArr; ATT_CompareUUID &rArr; ATT_ConvertUUIDto128
</UL>
<BR>[Calls]<UL><LI><a href="#[e9]">&gt;&gt;</a>&nbsp;&nbsp;&nbsp;GATTServApp_RegisterService
<LI><a href="#[e8]">&gt;&gt;</a>&nbsp;&nbsp;&nbsp;GATTServApp_InitCharCfg
</UL>
<BR>[Called By]<UL><LI><a href="#[b8]">&gt;&gt;</a>&nbsp;&nbsp;&nbsp;HidDev_Init
</UL>

<P><STRONG><a name="[104]"></a>ScanParam_Register</STRONG> (Thumb, 8 bytes, Stack size 0 bytes, scanparamservice.o(.text))
<BR><BR>[Called By]<UL><LI><a href="#[b8]">&gt;&gt;</a>&nbsp;&nbsp;&nbsp;HidDev_Init
</UL>

<P><STRONG><a name="[380]"></a>ScanParam_SetParameter</STRONG> (Thumb, 4 bytes, Stack size 0 bytes, scanparamservice.o(.text), UNUSED)

<P><STRONG><a name="[381]"></a>ScanParam_GetParameter</STRONG> (Thumb, 30 bytes, Stack size 0 bytes, scanparamservice.o(.text), UNUSED)

<P><STRONG><a name="[110]"></a>ScanParam_RefreshNotify</STRONG> (Thumb, 78 bytes, Stack size 24 bytes, scanparamservice.o(.text))
<BR><BR>[Stack]<UL><LI>Max Depth = 368<LI>Call Chain = ScanParam_RefreshNotify &rArr; GATT_Notification &rArr; ATT_HandleValueNoti &rArr; attSendMsg &rArr; SM_GenerateAuthenSig &rArr; sm_CMAC &rArr; generate_subkey &rArr; LL_Encrypt &rArr; AES_DevAESEnc &rArr; AES_DecError
</UL>
<BR>[Calls]<UL><LI><a href="#[ed]">&gt;&gt;</a>&nbsp;&nbsp;&nbsp;GATT_bm_free
<LI><a href="#[eb]">&gt;&gt;</a>&nbsp;&nbsp;&nbsp;GATT_bm_alloc
<LI><a href="#[ec]">&gt;&gt;</a>&nbsp;&nbsp;&nbsp;GATT_Notification
<LI><a href="#[ea]">&gt;&gt;</a>&nbsp;&nbsp;&nbsp;GATTServApp_ReadCharCfg
</UL>
<BR>[Called By]<UL><LI><a href="#[7]">&gt;&gt;</a>&nbsp;&nbsp;&nbsp;hidDevPairStateCB
</UL>

<P><STRONG><a name="[10f]"></a>ScanParam_HandleConnStatusCB</STRONG> (Thumb, 42 bytes, Stack size 8 bytes, scanparamservice.o(.text))
<BR><BR>[Stack]<UL><LI>Max Depth = 28<LI>Call Chain = ScanParam_HandleConnStatusCB &rArr; linkDB_State &rArr; linkDB_Find
</UL>
<BR>[Calls]<UL><LI><a href="#[f5]">&gt;&gt;</a>&nbsp;&nbsp;&nbsp;linkDB_State
<LI><a href="#[e8]">&gt;&gt;</a>&nbsp;&nbsp;&nbsp;GATTServApp_InitCharCfg
</UL>
<BR>[Called By]<UL><LI><a href="#[10e]">&gt;&gt;</a>&nbsp;&nbsp;&nbsp;hidDevDisconnected
</UL>

<P><STRONG><a name="[19]"></a>Reset_Handler</STRONG> (Thumb, 8 bytes, Stack size 0 bytes, startup_armcm0.o(.text))
<BR>[Address Reference Count : 1]<UL><LI> startup_armcm0.o(RESET)
</UL>
<P><STRONG><a name="[1b]"></a>HardFault_Handler</STRONG> (Thumb, 0 bytes, Stack size 0 bytes, startup_armcm0.o(.text))
<BR>[Address Reference Count : 1]<UL><LI> startup_armcm0.o(RESET)
</UL>
<P><STRONG><a name="[1c]"></a>SVC_Handler</STRONG> (Thumb, 2 bytes, Stack size 0 bytes, startup_armcm0.o(.text))
<BR><BR>[Calls]<UL><LI><a href="#[1c]">&gt;&gt;</a>&nbsp;&nbsp;&nbsp;SVC_Handler
</UL>
<BR>[Called By]<UL><LI><a href="#[1c]">&gt;&gt;</a>&nbsp;&nbsp;&nbsp;SVC_Handler
</UL>
<BR>[Address Reference Count : 1]<UL><LI> startup_armcm0.o(RESET)
</UL>
<P><STRONG><a name="[1d]"></a>PendSV_Handler</STRONG> (Thumb, 2 bytes, Stack size 0 bytes, startup_armcm0.o(.text))
<BR><BR>[Calls]<UL><LI><a href="#[1d]">&gt;&gt;</a>&nbsp;&nbsp;&nbsp;PendSV_Handler
</UL>
<BR>[Called By]<UL><LI><a href="#[1d]">&gt;&gt;</a>&nbsp;&nbsp;&nbsp;PendSV_Handler
</UL>
<BR>[Address Reference Count : 1]<UL><LI> startup_armcm0.o(RESET)
</UL>
<P><STRONG><a name="[1e]"></a>SysTick_Handler</STRONG> (Thumb, 2 bytes, Stack size 0 bytes, startup_armcm0.o(.text))
<BR><BR>[Calls]<UL><LI><a href="#[1e]">&gt;&gt;</a>&nbsp;&nbsp;&nbsp;SysTick_Handler
</UL>
<BR>[Called By]<UL><LI><a href="#[1e]">&gt;&gt;</a>&nbsp;&nbsp;&nbsp;SysTick_Handler
</UL>
<BR>[Address Reference Count : 1]<UL><LI> startup_armcm0.o(RESET)
</UL>
<P><STRONG><a name="[2c]"></a>ADC_IRQHandler</STRONG> (Thumb, 0 bytes, Stack size 0 bytes, startup_armcm0.o(.text))
<BR><BR>[Calls]<UL><LI><a href="#[2c]">&gt;&gt;</a>&nbsp;&nbsp;&nbsp;ADC_IRQHandler
</UL>
<BR>[Called By]<UL><LI><a href="#[2c]">&gt;&gt;</a>&nbsp;&nbsp;&nbsp;ADC_IRQHandler
</UL>
<BR>[Address Reference Count : 1]<UL><LI> startup_armcm0.o(RESET)
</UL>
<P><STRONG><a name="[23]"></a>BB_IRQHandler</STRONG> (Thumb, 0 bytes, Stack size 0 bytes, startup_armcm0.o(.text))
<BR>[Address Reference Count : 1]<UL><LI> startup_armcm0.o(RESET)
</UL>
<P><STRONG><a name="[26]"></a>ETH_IRQHandler</STRONG> (Thumb, 0 bytes, Stack size 0 bytes, startup_armcm0.o(.text))
<BR>[Address Reference Count : 1]<UL><LI> startup_armcm0.o(RESET)
</UL>
<P><STRONG><a name="[2e]"></a>LED_IRQHandler</STRONG> (Thumb, 0 bytes, Stack size 0 bytes, startup_armcm0.o(.text))
<BR>[Address Reference Count : 1]<UL><LI> startup_armcm0.o(RESET)
</UL>
<P><STRONG><a name="[21]"></a>SLAVE_IRQHandler</STRONG> (Thumb, 0 bytes, Stack size 0 bytes, startup_armcm0.o(.text))
<BR>[Address Reference Count : 1]<UL><LI> startup_armcm0.o(RESET)
</UL>
<P><STRONG><a name="[22]"></a>SPI0_IRQHandler</STRONG> (Thumb, 0 bytes, Stack size 0 bytes, startup_armcm0.o(.text))
<BR>[Address Reference Count : 1]<UL><LI> startup_armcm0.o(RESET)
</UL>
<P><STRONG><a name="[2d]"></a>SPI1_IRQHandler</STRONG> (Thumb, 0 bytes, Stack size 0 bytes, startup_armcm0.o(.text))
<BR>[Address Reference Count : 1]<UL><LI> startup_armcm0.o(RESET)
</UL>
<P><STRONG><a name="[1f]"></a>TMR0_IRQHandler</STRONG> (Thumb, 0 bytes, Stack size 0 bytes, startup_armcm0.o(.text))
<BR>[Address Reference Count : 1]<UL><LI> startup_armcm0.o(RESET)
</UL>
<P><STRONG><a name="[27]"></a>TMR1_IRQHandler</STRONG> (Thumb, 0 bytes, Stack size 0 bytes, startup_armcm0.o(.text))
<BR>[Address Reference Count : 1]<UL><LI> startup_armcm0.o(RESET)
</UL>
<P><STRONG><a name="[28]"></a>TMR2_IRQHandler</STRONG> (Thumb, 0 bytes, Stack size 0 bytes, startup_armcm0.o(.text))
<BR>[Address Reference Count : 1]<UL><LI> startup_armcm0.o(RESET)
</UL>
<P><STRONG><a name="[2f]"></a>TMR3_IRQHandler</STRONG> (Thumb, 0 bytes, Stack size 0 bytes, startup_armcm0.o(.text))
<BR>[Address Reference Count : 1]<UL><LI> startup_armcm0.o(RESET)
</UL>
<P><STRONG><a name="[29]"></a>UART0_IRQHandler</STRONG> (Thumb, 0 bytes, Stack size 0 bytes, startup_armcm0.o(.text))
<BR>[Address Reference Count : 1]<UL><LI> startup_armcm0.o(RESET)
</UL>
<P><STRONG><a name="[2a]"></a>UART1_IRQHandler</STRONG> (Thumb, 0 bytes, Stack size 0 bytes, startup_armcm0.o(.text))
<BR>[Address Reference Count : 1]<UL><LI> startup_armcm0.o(RESET)
</UL>
<P><STRONG><a name="[30]"></a>UART2_IRQHandler</STRONG> (Thumb, 0 bytes, Stack size 0 bytes, startup_armcm0.o(.text))
<BR>[Address Reference Count : 1]<UL><LI> startup_armcm0.o(RESET)
</UL>
<P><STRONG><a name="[31]"></a>UART3_IRQHandler</STRONG> (Thumb, 0 bytes, Stack size 0 bytes, startup_armcm0.o(.text))
<BR>[Address Reference Count : 1]<UL><LI> startup_armcm0.o(RESET)
</UL>
<P><STRONG><a name="[32]"></a>WDT_IRQHandler</STRONG> (Thumb, 0 bytes, Stack size 0 bytes, startup_armcm0.o(.text))
<BR>[Address Reference Count : 1]<UL><LI> startup_armcm0.o(RESET)
</UL>
<P><STRONG><a name="[3d]"></a>SystemInit</STRONG> (Thumb, 46 bytes, Stack size 8 bytes, ch57x_clk.o(.text))
<BR><BR>[Stack]<UL><LI>Max Depth = 32<LI>Call Chain = SystemInit &rArr; PowerMonitor
</UL>
<BR>[Calls]<UL><LI><a href="#[114]">&gt;&gt;</a>&nbsp;&nbsp;&nbsp;PowerMonitor
<LI><a href="#[ce]">&gt;&gt;</a>&nbsp;&nbsp;&nbsp;mDelayuS
</UL>
<BR>[Address Reference Count : 1]<UL><LI> startup_armcm0.o(.text)
</UL>
<P><STRONG><a name="[bc]"></a>SetSysClock</STRONG> (Thumb, 174 bytes, Stack size 20 bytes, ch57x_clk.o(.text))
<BR><BR>[Stack]<UL><LI>Max Depth = 28<LI>Call Chain = SetSysClock &rArr; __ARM_common_switch8
</UL>
<BR>[Calls]<UL><LI><a href="#[ad]">&gt;&gt;</a>&nbsp;&nbsp;&nbsp;__ARM_common_switch8
</UL>
<BR>[Called By]<UL><LI><a href="#[cb]">&gt;&gt;</a>&nbsp;&nbsp;&nbsp;LowPowerSerive
<LI><a href="#[33]">&gt;&gt;</a>&nbsp;&nbsp;&nbsp;main
</UL>

<P><STRONG><a name="[115]"></a>GetSysClock</STRONG> (Thumb, 52 bytes, Stack size 8 bytes, ch57x_clk.o(.text))
<BR><BR>[Stack]<UL><LI>Max Depth = 20<LI>Call Chain = GetSysClock &rArr; __aeabi_uidivmod
</UL>
<BR>[Calls]<UL><LI><a href="#[ff]">&gt;&gt;</a>&nbsp;&nbsp;&nbsp;__aeabi_uidivmod
</UL>
<BR>[Called By]<UL><LI><a href="#[11c]">&gt;&gt;</a>&nbsp;&nbsp;&nbsp;UART1_BaudRateCfg
</UL>

<P><STRONG><a name="[bd]"></a>HClk32M_Select</STRONG> (Thumb, 36 bytes, Stack size 0 bytes, ch57x_clk.o(.text))
<BR><BR>[Called By]<UL><LI><a href="#[33]">&gt;&gt;</a>&nbsp;&nbsp;&nbsp;main
</UL>

<P><STRONG><a name="[382]"></a>LClk32K_Select</STRONG> (Thumb, 38 bytes, Stack size 0 bytes, ch57x_clk.o(.text), UNUSED)

<P><STRONG><a name="[cf]"></a>HSECFG_Current</STRONG> (Thumb, 30 bytes, Stack size 0 bytes, ch57x_clk.o(.text))
<BR><BR>[Called By]<UL><LI><a href="#[cb]">&gt;&gt;</a>&nbsp;&nbsp;&nbsp;LowPowerSerive
</UL>

<P><STRONG><a name="[383]"></a>HSECFG_Capacitance</STRONG> (Thumb, 28 bytes, Stack size 0 bytes, ch57x_clk.o(.text), UNUSED)

<P><STRONG><a name="[384]"></a>LSECFG_Current</STRONG> (Thumb, 34 bytes, Stack size 0 bytes, ch57x_clk.o(.text), UNUSED)

<P><STRONG><a name="[385]"></a>LSECFG_Capacitance</STRONG> (Thumb, 32 bytes, Stack size 0 bytes, ch57x_clk.o(.text), UNUSED)

<P><STRONG><a name="[116]"></a>Calibration_LSI</STRONG> (Thumb, 322 bytes, Stack size 32 bytes, ch57x_clk.o(.text), UNUSED)
<BR><BR>[Calls]<UL><LI><a href="#[f0]">&gt;&gt;</a>&nbsp;&nbsp;&nbsp;__aeabi_idivmod
<LI><a href="#[ff]">&gt;&gt;</a>&nbsp;&nbsp;&nbsp;__aeabi_uidivmod
</UL>
<BR>[Called By]<UL><LI><a href="#[11e]">&gt;&gt;</a>&nbsp;&nbsp;&nbsp;Lib_Calibration_LSI
</UL>

<P><STRONG><a name="[117]"></a>RTC_InitTime</STRONG> (Thumb, 316 bytes, Stack size 40 bytes, ch57x_clk.o(.text))
<BR><BR>[Stack]<UL><LI>Max Depth = 68<LI>Call Chain = RTC_InitTime &rArr; __aeabi_idivmod &rArr; __aeabi_uidivmod
</UL>
<BR>[Calls]<UL><LI><a href="#[f0]">&gt;&gt;</a>&nbsp;&nbsp;&nbsp;__aeabi_idivmod
<LI><a href="#[ff]">&gt;&gt;</a>&nbsp;&nbsp;&nbsp;__aeabi_uidivmod
</UL>
<BR>[Called By]<UL><LI><a href="#[123]">&gt;&gt;</a>&nbsp;&nbsp;&nbsp;HAL_TimeInit
</UL>

<P><STRONG><a name="[118]"></a>RTC_GetTime</STRONG> (Thumb, 352 bytes, Stack size 48 bytes, ch57x_clk.o(.text), UNUSED)
<BR><BR>[Calls]<UL><LI><a href="#[ff]">&gt;&gt;</a>&nbsp;&nbsp;&nbsp;__aeabi_uidivmod
</UL>

<P><STRONG><a name="[386]"></a>RTC_SetCycle32k</STRONG> (Thumb, 66 bytes, Stack size 8 bytes, ch57x_clk.o(.text), UNUSED)

<P><STRONG><a name="[11a]"></a>RTC_GetCycle32k</STRONG> (Thumb, 14 bytes, Stack size 0 bytes, ch57x_clk.o(.text), UNUSED)
<BR><BR>[Called By]<UL><LI><a href="#[119]">&gt;&gt;</a>&nbsp;&nbsp;&nbsp;RTC_TRIGFunCfg
</UL>

<P><STRONG><a name="[387]"></a>RTC_TMRFunCfg</STRONG> (Thumb, 40 bytes, Stack size 8 bytes, ch57x_clk.o(.text), UNUSED)

<P><STRONG><a name="[119]"></a>RTC_TRIGFunCfg</STRONG> (Thumb, 66 bytes, Stack size 4 bytes, ch57x_clk.o(.text), UNUSED)
<BR><BR>[Calls]<UL><LI><a href="#[11a]">&gt;&gt;</a>&nbsp;&nbsp;&nbsp;RTC_GetCycle32k
</UL>

<P><STRONG><a name="[388]"></a>RTC_ModeFunDisable</STRONG> (Thumb, 44 bytes, Stack size 0 bytes, ch57x_clk.o(.text), UNUSED)

<P><STRONG><a name="[389]"></a>RTC_GetITFlag</STRONG> (Thumb, 22 bytes, Stack size 0 bytes, ch57x_clk.o(.text), UNUSED)

<P><STRONG><a name="[38a]"></a>RTC_ClearITFlag</STRONG> (Thumb, 22 bytes, Stack size 0 bytes, ch57x_clk.o(.text), UNUSED)

<P><STRONG><a name="[bf]"></a>GPIOA_ModeCfg</STRONG> (Thumb, 74 bytes, Stack size 4 bytes, ch57x_gpio.o(.text))
<BR><BR>[Stack]<UL><LI>Max Depth = 12<LI>Call Chain = GPIOA_ModeCfg &rArr; __ARM_common_switch8
</UL>
<BR>[Calls]<UL><LI><a href="#[ad]">&gt;&gt;</a>&nbsp;&nbsp;&nbsp;__ARM_common_switch8
</UL>
<BR>[Called By]<UL><LI><a href="#[e2]">&gt;&gt;</a>&nbsp;&nbsp;&nbsp;RGB_GPIO_Init
<LI><a href="#[df]">&gt;&gt;</a>&nbsp;&nbsp;&nbsp;RGB_LED_Reset
<LI><a href="#[d6]">&gt;&gt;</a>&nbsp;&nbsp;&nbsp;keyBoard_GPIO_SetMode
<LI><a href="#[33]">&gt;&gt;</a>&nbsp;&nbsp;&nbsp;main
</UL>

<P><STRONG><a name="[d3]"></a>GPIOB_ModeCfg</STRONG> (Thumb, 76 bytes, Stack size 4 bytes, ch57x_gpio.o(.text))
<BR><BR>[Stack]<UL><LI>Max Depth = 12<LI>Call Chain = GPIOB_ModeCfg &rArr; __ARM_common_switch8
</UL>
<BR>[Calls]<UL><LI><a href="#[ad]">&gt;&gt;</a>&nbsp;&nbsp;&nbsp;__ARM_common_switch8
</UL>
<BR>[Called By]<UL><LI><a href="#[d6]">&gt;&gt;</a>&nbsp;&nbsp;&nbsp;keyBoard_GPIO_SetMode
<LI><a href="#[d2]">&gt;&gt;</a>&nbsp;&nbsp;&nbsp;PowerManage_Init
</UL>

<P><STRONG><a name="[38b]"></a>GPIOA_ITModeCfg</STRONG> (Thumb, 68 bytes, Stack size 0 bytes, ch57x_gpio.o(.text), UNUSED)

<P><STRONG><a name="[d4]"></a>GPIOB_ITModeCfg</STRONG> (Thumb, 72 bytes, Stack size 0 bytes, ch57x_gpio.o(.text), UNUSED)
<BR><BR>[Called By]<UL><LI><a href="#[d2]">&gt;&gt;</a>&nbsp;&nbsp;&nbsp;PowerManage_Init
</UL>

<P><STRONG><a name="[38c]"></a>GPIOPinRemap</STRONG> (Thumb, 20 bytes, Stack size 0 bytes, ch57x_gpio.o(.text), UNUSED)

<P><STRONG><a name="[38d]"></a>GPIOAGPPCfg</STRONG> (Thumb, 20 bytes, Stack size 0 bytes, ch57x_gpio.o(.text), UNUSED)

<P><STRONG><a name="[11b]"></a>PWR_DCDCCfg</STRONG> (Thumb, 60 bytes, Stack size 24 bytes, ch57x_pwr.o(.text), UNUSED)
<BR><BR>[Calls]<UL><LI><a href="#[ce]">&gt;&gt;</a>&nbsp;&nbsp;&nbsp;mDelayuS
</UL>

<P><STRONG><a name="[be]"></a>PWR_UnitModCfg</STRONG> (Thumb, 90 bytes, Stack size 20 bytes, ch57x_pwr.o(.text))
<BR><BR>[Stack]<UL><LI>Max Depth = 20<LI>Call Chain = PWR_UnitModCfg
</UL>
<BR>[Called By]<UL><LI><a href="#[cb]">&gt;&gt;</a>&nbsp;&nbsp;&nbsp;LowPowerSerive
<LI><a href="#[33]">&gt;&gt;</a>&nbsp;&nbsp;&nbsp;main
</UL>

<P><STRONG><a name="[38e]"></a>PWR_PeriphClkCfg</STRONG> (Thumb, 36 bytes, Stack size 12 bytes, ch57x_pwr.o(.text), UNUSED)

<P><STRONG><a name="[d5]"></a>PWR_PeriphWakeUpCfg</STRONG> (Thumb, 36 bytes, Stack size 12 bytes, ch57x_pwr.o(.text), UNUSED)
<BR><BR>[Called By]<UL><LI><a href="#[d2]">&gt;&gt;</a>&nbsp;&nbsp;&nbsp;PowerManage_Init
</UL>

<P><STRONG><a name="[114]"></a>PowerMonitor</STRONG> (Thumb, 58 bytes, Stack size 24 bytes, ch57x_pwr.o(.text))
<BR><BR>[Stack]<UL><LI>Max Depth = 24<LI>Call Chain = PowerMonitor
</UL>
<BR>[Calls]<UL><LI><a href="#[ce]">&gt;&gt;</a>&nbsp;&nbsp;&nbsp;mDelayuS
</UL>
<BR>[Called By]<UL><LI><a href="#[3d]">&gt;&gt;</a>&nbsp;&nbsp;&nbsp;SystemInit
<LI><a href="#[cd]">&gt;&gt;</a>&nbsp;&nbsp;&nbsp;LowPower_Halt_1 (via Veneer)
</UL>

<P><STRONG><a name="[cc]"></a>LowPower_Idle</STRONG> (Thumb, 14 bytes, Stack size 0 bytes, ch57x_pwr.o(.text))
<BR><BR>[Called By]<UL><LI><a href="#[cb]">&gt;&gt;</a>&nbsp;&nbsp;&nbsp;LowPowerSerive
</UL>

<P><STRONG><a name="[38f]"></a>EnterCodeUpgrade</STRONG> (Thumb, 102 bytes, Stack size 0 bytes, ch57x_pwr.o(.text), UNUSED)

<P><STRONG><a name="[390]"></a>SYS_GetInfoSta</STRONG> (Thumb, 26 bytes, Stack size 0 bytes, ch57x_sys.o(.text), UNUSED)

<P><STRONG><a name="[391]"></a>SYS_ResetExecute</STRONG> (Thumb, 24 bytes, Stack size 0 bytes, ch57x_sys.o(.text), UNUSED)

<P><STRONG><a name="[392]"></a>SYS_DisableAllIrq</STRONG> (Thumb, 18 bytes, Stack size 0 bytes, ch57x_sys.o(.text), UNUSED)

<P><STRONG><a name="[393]"></a>SYS_RecoverIrq</STRONG> (Thumb, 6 bytes, Stack size 0 bytes, ch57x_sys.o(.text), UNUSED)

<P><STRONG><a name="[3f]"></a>SYS_GetSysTickCnt</STRONG> (Thumb, 6 bytes, Stack size 0 bytes, ch57x_sys.o(.text))
<BR>[Address Reference Count : 1]<UL><LI> mcu.o(.text)
</UL>
<P><STRONG><a name="[394]"></a>WWDG_ITCfg</STRONG> (Thumb, 34 bytes, Stack size 0 bytes, ch57x_sys.o(.text), UNUSED)

<P><STRONG><a name="[395]"></a>WWDG_ResetCfg</STRONG> (Thumb, 34 bytes, Stack size 0 bytes, ch57x_sys.o(.text), UNUSED)

<P><STRONG><a name="[396]"></a>WWDG_ClearFlag</STRONG> (Thumb, 24 bytes, Stack size 0 bytes, ch57x_sys.o(.text), UNUSED)

<P><STRONG><a name="[ce]"></a>mDelayuS</STRONG> (Thumb, 32 bytes, Stack size 0 bytes, ch57x_sys.o(.text))
<BR><BR>[Called By]<UL><LI><a href="#[114]">&gt;&gt;</a>&nbsp;&nbsp;&nbsp;PowerMonitor
<LI><a href="#[3d]">&gt;&gt;</a>&nbsp;&nbsp;&nbsp;SystemInit
<LI><a href="#[e2]">&gt;&gt;</a>&nbsp;&nbsp;&nbsp;RGB_GPIO_Init
<LI><a href="#[df]">&gt;&gt;</a>&nbsp;&nbsp;&nbsp;RGB_LED_Reset
<LI><a href="#[dc]">&gt;&gt;</a>&nbsp;&nbsp;&nbsp;keyBoard_SendValue
<LI><a href="#[cb]">&gt;&gt;</a>&nbsp;&nbsp;&nbsp;LowPowerSerive
<LI><a href="#[bb]">&gt;&gt;</a>&nbsp;&nbsp;&nbsp;mDelaymS
<LI><a href="#[11b]">&gt;&gt;</a>&nbsp;&nbsp;&nbsp;PWR_DCDCCfg
</UL>

<P><STRONG><a name="[bb]"></a>mDelaymS</STRONG> (Thumb, 28 bytes, Stack size 16 bytes, ch57x_sys.o(.text))
<BR><BR>[Stack]<UL><LI>Max Depth = 16<LI>Call Chain = mDelaymS
</UL>
<BR>[Calls]<UL><LI><a href="#[ce]">&gt;&gt;</a>&nbsp;&nbsp;&nbsp;mDelayuS
</UL>
<BR>[Called By]<UL><LI><a href="#[d7]">&gt;&gt;</a>&nbsp;&nbsp;&nbsp;keyBoard_GPIO_Init
<LI><a href="#[cb]">&gt;&gt;</a>&nbsp;&nbsp;&nbsp;LowPowerSerive
<LI><a href="#[ba]">&gt;&gt;</a>&nbsp;&nbsp;&nbsp;Keyboard_Init
<LI><a href="#[33]">&gt;&gt;</a>&nbsp;&nbsp;&nbsp;main
<LI><a href="#[b3]">&gt;&gt;</a>&nbsp;&nbsp;&nbsp;TMOS_InitTasks
</UL>

<P><STRONG><a name="[71]"></a>fputc</STRONG> (Thumb, 12 bytes, Stack size 0 bytes, ch57x_sys.o(.text))
<BR>[Address Reference Count : 1]<UL><LI> printf8.o(i.__0printf$8)
</UL>
<P><STRONG><a name="[11c]"></a>UART1_BaudRateCfg</STRONG> (Thumb, 34 bytes, Stack size 8 bytes, ch57x_uart1.o(.text))
<BR><BR>[Stack]<UL><LI>Max Depth = 28<LI>Call Chain = UART1_BaudRateCfg &rArr; GetSysClock &rArr; __aeabi_uidivmod
</UL>
<BR>[Calls]<UL><LI><a href="#[115]">&gt;&gt;</a>&nbsp;&nbsp;&nbsp;GetSysClock
<LI><a href="#[ff]">&gt;&gt;</a>&nbsp;&nbsp;&nbsp;__aeabi_uidivmod
</UL>
<BR>[Called By]<UL><LI><a href="#[c0]">&gt;&gt;</a>&nbsp;&nbsp;&nbsp;UART1_DefInit
</UL>

<P><STRONG><a name="[c0]"></a>UART1_DefInit</STRONG> (Thumb, 30 bytes, Stack size 8 bytes, ch57x_uart1.o(.text))
<BR><BR>[Stack]<UL><LI>Max Depth = 36<LI>Call Chain = UART1_DefInit &rArr; UART1_BaudRateCfg &rArr; GetSysClock &rArr; __aeabi_uidivmod
</UL>
<BR>[Calls]<UL><LI><a href="#[11c]">&gt;&gt;</a>&nbsp;&nbsp;&nbsp;UART1_BaudRateCfg
</UL>
<BR>[Called By]<UL><LI><a href="#[33]">&gt;&gt;</a>&nbsp;&nbsp;&nbsp;main
</UL>

<P><STRONG><a name="[397]"></a>UART1_ByteTrigCfg</STRONG> (Thumb, 16 bytes, Stack size 0 bytes, ch57x_uart1.o(.text), UNUSED)

<P><STRONG><a name="[398]"></a>UART1_INTCfg</STRONG> (Thumb, 28 bytes, Stack size 0 bytes, ch57x_uart1.o(.text), UNUSED)

<P><STRONG><a name="[399]"></a>UART1_Reset</STRONG> (Thumb, 8 bytes, Stack size 0 bytes, ch57x_uart1.o(.text), UNUSED)

<P><STRONG><a name="[39a]"></a>UART1_SendString</STRONG> (Thumb, 26 bytes, Stack size 0 bytes, ch57x_uart1.o(.text), UNUSED)

<P><STRONG><a name="[39b]"></a>UART1_RecvString</STRONG> (Thumb, 26 bytes, Stack size 0 bytes, ch57x_uart1.o(.text), UNUSED)

<P><STRONG><a name="[ca]"></a>USB_DeviceInit</STRONG> (Thumb, 80 bytes, Stack size 8 bytes, ch57x_usbdev.o(.text))
<BR><BR>[Stack]<UL><LI>Max Depth = 8<LI>Call Chain = USB_DeviceInit
</UL>
<BR>[Called By]<UL><LI><a href="#[b9]">&gt;&gt;</a>&nbsp;&nbsp;&nbsp;UsbHid_Init
</UL>

<P><STRONG><a name="[c7]"></a>DevEP1_IN_Deal</STRONG> (Thumb, 16 bytes, Stack size 0 bytes, ch57x_usbdev.o(.text))
<BR><BR>[Called By]<UL><LI><a href="#[c6]">&gt;&gt;</a>&nbsp;&nbsp;&nbsp;DevEP1_OUT_Deal
</UL>

<P><STRONG><a name="[c5]"></a>DevEP2_IN_Deal</STRONG> (Thumb, 16 bytes, Stack size 0 bytes, ch57x_usbdev.o(.text))
<BR><BR>[Called By]<UL><LI><a href="#[c4]">&gt;&gt;</a>&nbsp;&nbsp;&nbsp;DevEP2_OUT_Deal
</UL>

<P><STRONG><a name="[c3]"></a>DevEP3_IN_Deal</STRONG> (Thumb, 16 bytes, Stack size 0 bytes, ch57x_usbdev.o(.text))
<BR><BR>[Called By]<UL><LI><a href="#[c2]">&gt;&gt;</a>&nbsp;&nbsp;&nbsp;DevEP3_OUT_Deal
</UL>

<P><STRONG><a name="[39c]"></a>DevEP4_IN_Deal</STRONG> (Thumb, 16 bytes, Stack size 0 bytes, ch57x_usbdev.o(.text), UNUSED)

<P><STRONG><a name="[39d]"></a>ADC_DataCalib_Rough</STRONG> (Thumb, 80 bytes, Stack size 20 bytes, ch57x_adc.o(.text), UNUSED)

<P><STRONG><a name="[39e]"></a>ADC_DataCalib_Fine</STRONG> (Thumb, 68 bytes, Stack size 0 bytes, ch57x_adc.o(.text), UNUSED)

<P><STRONG><a name="[39f]"></a>ADC_ExtSingleChSampInit</STRONG> (Thumb, 14 bytes, Stack size 0 bytes, ch57x_adc.o(.text), UNUSED)

<P><STRONG><a name="[3a0]"></a>ADC_ExtDiffChSampInit</STRONG> (Thumb, 14 bytes, Stack size 0 bytes, ch57x_adc.o(.text), UNUSED)

<P><STRONG><a name="[11f]"></a>ADC_InterTSSampInit</STRONG> (Thumb, 20 bytes, Stack size 0 bytes, ch57x_adc.o(.text))
<BR><BR>[Called By]<UL><LI><a href="#[40]">&gt;&gt;</a>&nbsp;&nbsp;&nbsp;HAL_GetInterTempValue
</UL>

<P><STRONG><a name="[3a1]"></a>ADC_InterBATSampInit</STRONG> (Thumb, 12 bytes, Stack size 0 bytes, ch57x_adc.o(.text), UNUSED)

<P><STRONG><a name="[3a2]"></a>TouchKey_ChSampInit</STRONG> (Thumb, 12 bytes, Stack size 0 bytes, ch57x_adc.o(.text), UNUSED)

<P><STRONG><a name="[3a3]"></a>ADC_ExcutSingleConver</STRONG> (Thumb, 20 bytes, Stack size 0 bytes, ch57x_adc.o(.text), UNUSED)

<P><STRONG><a name="[3a4]"></a>TouchKey_ExcutSingleConver</STRONG> (Thumb, 22 bytes, Stack size 0 bytes, ch57x_adc.o(.text), UNUSED)

<P><STRONG><a name="[11d]"></a>ADC_GetCurrentTS</STRONG> (Thumb, 84 bytes, Stack size 16 bytes, ch57x_adc.o(.text), UNUSED)
<BR><BR>[Calls]<UL><LI><a href="#[f0]">&gt;&gt;</a>&nbsp;&nbsp;&nbsp;__aeabi_idivmod
</UL>

<P><STRONG><a name="[e3]"></a>SPI0_MasterDefInit</STRONG> (Thumb, 32 bytes, Stack size 0 bytes, ch57x_spi0.o(.text))
<BR><BR>[Called By]<UL><LI><a href="#[e2]">&gt;&gt;</a>&nbsp;&nbsp;&nbsp;RGB_GPIO_Init
</UL>

<P><STRONG><a name="[3a5]"></a>SPI0_CLKCfg</STRONG> (Thumb, 24 bytes, Stack size 0 bytes, ch57x_spi0.o(.text), UNUSED)

<P><STRONG><a name="[3a6]"></a>SPI0_DataMode</STRONG> (Thumb, 66 bytes, Stack size 8 bytes, ch57x_spi0.o(.text), UNUSED)

<P><STRONG><a name="[3a7]"></a>SPI0_MasterSendByte</STRONG> (Thumb, 20 bytes, Stack size 0 bytes, ch57x_spi0.o(.text), UNUSED)

<P><STRONG><a name="[3a8]"></a>SPI0_MasterRecvByte</STRONG> (Thumb, 24 bytes, Stack size 0 bytes, ch57x_spi0.o(.text), UNUSED)

<P><STRONG><a name="[3a9]"></a>SPI0_MasterTrans</STRONG> (Thumb, 48 bytes, Stack size 8 bytes, ch57x_spi0.o(.text), UNUSED)

<P><STRONG><a name="[3aa]"></a>SPI0_MasterRecv</STRONG> (Thumb, 42 bytes, Stack size 8 bytes, ch57x_spi0.o(.text), UNUSED)

<P><STRONG><a name="[e1]"></a>SPI0_MasterDMATrans</STRONG> (Thumb, 48 bytes, Stack size 8 bytes, ch57x_spi0.o(.text))
<BR><BR>[Stack]<UL><LI>Max Depth = 8<LI>Call Chain = SPI0_MasterDMATrans
</UL>
<BR>[Called By]<UL><LI><a href="#[e0]">&gt;&gt;</a>&nbsp;&nbsp;&nbsp;RGB_LED_Write_24Bits
</UL>

<P><STRONG><a name="[3ab]"></a>SPI0_MasterDMARecv</STRONG> (Thumb, 48 bytes, Stack size 8 bytes, ch57x_spi0.o(.text), UNUSED)

<P><STRONG><a name="[3ac]"></a>SPI0_SlaveInit</STRONG> (Thumb, 20 bytes, Stack size 0 bytes, ch57x_spi0.o(.text), UNUSED)

<P><STRONG><a name="[3ad]"></a>SPI0_SlaveRecvByte</STRONG> (Thumb, 20 bytes, Stack size 0 bytes, ch57x_spi0.o(.text), UNUSED)

<P><STRONG><a name="[3ae]"></a>SPI0_SlaveSendByte</STRONG> (Thumb, 20 bytes, Stack size 0 bytes, ch57x_spi0.o(.text), UNUSED)

<P><STRONG><a name="[3af]"></a>SPI0_SlaveRecv</STRONG> (Thumb, 40 bytes, Stack size 8 bytes, ch57x_spi0.o(.text), UNUSED)

<P><STRONG><a name="[3b0]"></a>SPI0_SlaveTrans</STRONG> (Thumb, 46 bytes, Stack size 8 bytes, ch57x_spi0.o(.text), UNUSED)

<P><STRONG><a name="[3b1]"></a>SPI0_SlaveDMARecv</STRONG> (Thumb, 48 bytes, Stack size 8 bytes, ch57x_spi0.o(.text), UNUSED)

<P><STRONG><a name="[3b2]"></a>SPI0_SlaveDMATrans</STRONG> (Thumb, 48 bytes, Stack size 8 bytes, ch57x_spi0.o(.text), UNUSED)

<P><STRONG><a name="[11e]"></a>Lib_Calibration_LSI</STRONG> (Thumb, 16 bytes, Stack size 8 bytes, mcu.o(.text), UNUSED)
<BR><BR>[Calls]<UL><LI><a href="#[116]">&gt;&gt;</a>&nbsp;&nbsp;&nbsp;Calibration_LSI
</UL>

<P><STRONG><a name="[40]"></a>HAL_GetInterTempValue</STRONG> (Thumb, 38 bytes, Stack size 24 bytes, mcu.o(.text))
<BR><BR>[Stack]<UL><LI>Max Depth = 24<LI>Call Chain = HAL_GetInterTempValue
</UL>
<BR>[Calls]<UL><LI><a href="#[11f]">&gt;&gt;</a>&nbsp;&nbsp;&nbsp;ADC_InterTSSampInit
</UL>
<BR>[Address Reference Count : 1]<UL><LI> mcu.o(.text)
</UL>
<P><STRONG><a name="[b4]"></a>CH57X_BLEInit</STRONG> (Thumb, 162 bytes, Stack size 64 bytes, mcu.o(.text))
[...]
<LI><a href="#[2ba]">&gt;&gt;</a>&nbsp;&nbsp;&nbsp;gapBondMgr_SyncWhiteList
<LI><a href="#[2bb]">&gt;&gt;</a>&nbsp;&nbsp;&nbsp;gapBondMgr_SyncResolveList
<LI><a href="#[18c]">&gt;&gt;</a>&nbsp;&nbsp;&nbsp;gapBondMgrBondTotal
</UL>
<BR>[Called By]<UL><LI><a href="#[a8]">&gt;&gt;</a>&nbsp;&nbsp;&nbsp;GAPBondMgr_SetParameter
<LI><a href="#[19c]">&gt;&gt;</a>&nbsp;&nbsp;&nbsp;GAPBondMgr_LinkTerm
<LI><a href="#[18e]">&gt;&gt;</a>&nbsp;&nbsp;&nbsp;GAPBondMgr_Init
</UL>

<P><STRONG><a name="[4e]"></a>gapBondMgrSendServiceChange</STRONG> (Thumb, 14 bytes, Stack size 8 bytes, gapbondmgr.o(i.gapBondMgrSendServiceChange))
<BR><BR>[Stack]<UL><LI>Max Depth = 424<LI>Call Chain = gapBondMgrSendServiceChange &rArr; GATTServApp_SendServiceChangedInd &rArr; GATT_ServiceChangedInd &rArr; GATT_Indication &rArr; ATT_HandleValueInd &rArr; attSendMsg &rArr; SM_GenerateAuthenSig &rArr; sm_CMAC &rArr; generate_subkey &rArr; LL_Encrypt &rArr; AES_DevAESEnc &rArr; AES_DecError
</UL>
<BR>[Calls]<UL><LI><a href="#[199]">&gt;&gt;</a>&nbsp;&nbsp;&nbsp;GATTServApp_SendServiceChangedInd
</UL>
<BR>[Called By]<UL><LI><a href="#[1b3]">&gt;&gt;</a>&nbsp;&nbsp;&nbsp;GAPBondMgr_ServiceChangeInd
</UL>
<BR>[Address Reference Count : 1]<UL><LI> gapbondmgr.o(i.GAPBondMgr_ServiceChangeInd)
</UL>
<P><STRONG><a name="[1b7]"></a>gapBondMgrUpdateCharCfg</STRONG> (Thumb, 176 bytes, Stack size 56 bytes, gapbondmgr.o(i.gapBondMgrUpdateCharCfg))
<BR><BR>[Stack]<UL><LI>Max Depth = 112<LI>Call Chain = gapBondMgrUpdateCharCfg &rArr; tmos_snv_write &rArr; tmos_memory_allocate
</UL>
<BR>[Calls]<UL><LI><a href="#[dd]">&gt;&gt;</a>&nbsp;&nbsp;&nbsp;tmos_memset
<LI><a href="#[181]">&gt;&gt;</a>&nbsp;&nbsp;&nbsp;tmos_isbufset
<LI><a href="#[1ae]">&gt;&gt;</a>&nbsp;&nbsp;&nbsp;tmos_snv_write
<LI><a href="#[195]">&gt;&gt;</a>&nbsp;&nbsp;&nbsp;tmos_snv_read
<LI><a href="#[197]">&gt;&gt;</a>&nbsp;&nbsp;&nbsp;gapBondMgrInvertCharCfgItem
<LI><a href="#[2be]">&gt;&gt;</a>&nbsp;&nbsp;&nbsp;gapBondMgrFindCharCfgItem
</UL>
<BR>[Called By]<UL><LI><a href="#[1b6]">&gt;&gt;</a>&nbsp;&nbsp;&nbsp;GAPBondMgr_UpdateCharCfg
</UL>

<P><STRONG><a name="[1a6]"></a>gapBondMgr_ProcessTMOSMsg</STRONG> (Thumb, 94 bytes, Stack size 16 bytes, gapbondmgr.o(i.gapBondMgr_ProcessTMOSMsg))
<BR><BR>[Stack]<UL><LI>Max Depth = 464<LI>Call Chain = gapBondMgr_ProcessTMOSMsg &rArr; GAPBondMgr_ServiceChangeInd &rArr; gapBondMgrSendServiceChange &rArr; GATTServApp_SendServiceChangedInd &rArr; GATT_ServiceChangedInd &rArr; GATT_Indication &rArr; ATT_HandleValueInd &rArr; attSendMsg &rArr; SM_GenerateAuthenSig &rArr; sm_CMAC &rArr; generate_subkey &rArr; LL_Encrypt &rArr; AES_DevAESEnc &rArr; AES_DecError
</UL>
<BR>[Calls]<UL><LI><a href="#[ed]">&gt;&gt;</a>&nbsp;&nbsp;&nbsp;GATT_bm_free
<LI><a href="#[1a9]">&gt;&gt;</a>&nbsp;&nbsp;&nbsp;tmos_snv_notify
<LI><a href="#[1b6]">&gt;&gt;</a>&nbsp;&nbsp;&nbsp;GAPBondMgr_UpdateCharCfg
<LI><a href="#[1b3]">&gt;&gt;</a>&nbsp;&nbsp;&nbsp;GAPBondMgr_ServiceChangeInd
<LI><a href="#[1ab]">&gt;&gt;</a>&nbsp;&nbsp;&nbsp;GAPBondMgr_ProcessGAPMsg
</UL>
<BR>[Called By]<UL><LI><a href="#[54]">&gt;&gt;</a>&nbsp;&nbsp;&nbsp;GAPBondMgr_ProcessEvent
</UL>

<P><STRONG><a name="[1a8]"></a>gapBondMgr_SyncCharCfg</STRONG> (Thumb, 116 bytes, Stack size 40 bytes, gapbondmgr.o(i.gapBondMgr_SyncCharCfg))
<BR><BR>[Stack]<UL><LI>Max Depth = 240<LI>Call Chain = gapBondMgr_SyncCharCfg &rArr; GAPBondMgr_UpdateCharCfg &rArr; GAPBondMgr_ResolveAddr &rArr; GAP_ResolvePrivateAddr &rArr; SM_ResolveRandomAddrs &rArr; sm_ah &rArr; LL_Encrypt &rArr; AES_DevAESEnc &rArr; AES_DecError
</UL>
<BR>[Calls]<UL><LI><a href="#[1b6]">&gt;&gt;</a>&nbsp;&nbsp;&nbsp;GAPBondMgr_UpdateCharCfg
<LI><a href="#[201]">&gt;&gt;</a>&nbsp;&nbsp;&nbsp;GATT_FindNextAttr
<LI><a href="#[1fe]">&gt;&gt;</a>&nbsp;&nbsp;&nbsp;GATTServApp_ReadAttr
<LI><a href="#[20a]">&gt;&gt;</a>&nbsp;&nbsp;&nbsp;GATT_FindHandleUUID
</UL>
<BR>[Called By]<UL><LI><a href="#[54]">&gt;&gt;</a>&nbsp;&nbsp;&nbsp;GAPBondMgr_ProcessEvent
</UL>

<P><STRONG><a name="[2bb]"></a>gapBondMgr_SyncResolveList</STRONG> (Thumb, 106 bytes, Stack size 56 bytes, gapbondmgr.o(i.gapBondMgr_SyncResolveList))
<BR><BR>[Stack]<UL><LI>Max Depth = 344<LI>Call Chain = gapBondMgr_SyncResolveList &rArr; HCI_LE_AddDeviceToResolvingList &rArr; API_LE_AddDeviceToResolvingList &rArr; LL_AddDeviceToResolvingList &rArr; LL_ResolvinglistAdd &rArr; LL_AddrGenerateResolvableAddress &rArr; ble_ll_common_rand32 &rArr; __aeabi_lmul &rArr; __aeabi_llsl
</UL>
<BR>[Calls]<UL><LI><a href="#[181]">&gt;&gt;</a>&nbsp;&nbsp;&nbsp;tmos_isbufset
<LI><a href="#[195]">&gt;&gt;</a>&nbsp;&nbsp;&nbsp;tmos_snv_read
<LI><a href="#[22e]">&gt;&gt;</a>&nbsp;&nbsp;&nbsp;HCI_LE_ClearResolvingList
<LI><a href="#[22c]">&gt;&gt;</a>&nbsp;&nbsp;&nbsp;HCI_LE_AddDeviceToResolvingList
</UL>
<BR>[Called By]<UL><LI><a href="#[190]">&gt;&gt;</a>&nbsp;&nbsp;&nbsp;gapBondMgrReadBonds
<LI><a href="#[1a7]">&gt;&gt;</a>&nbsp;&nbsp;&nbsp;gapBondMgrAddBond
</UL>

<P><STRONG><a name="[2ba]"></a>gapBondMgr_SyncWhiteList</STRONG> (Thumb, 52 bytes, Stack size 16 bytes, gapbondmgr.o(i.gapBondMgr_SyncWhiteList))
<BR><BR>[Stack]<UL><LI>Max Depth = 96<LI>Call Chain = gapBondMgr_SyncWhiteList &rArr; HCI_LE_ClearWhiteListCmd &rArr; API_LE_ClearWhiteListCmd &rArr; HCI_CommandCompleteCback &rArr; HOST_CommandCompleteEvent &rArr; tmos_msg_send &rArr; tmos_msg_deallocate &rArr; tmos_memory_free
</UL>
<BR>[Calls]<UL><LI><a href="#[181]">&gt;&gt;</a>&nbsp;&nbsp;&nbsp;tmos_isbufset
<LI><a href="#[22f]">&gt;&gt;</a>&nbsp;&nbsp;&nbsp;HCI_LE_ClearWhiteListCmd
<LI><a href="#[22d]">&gt;&gt;</a>&nbsp;&nbsp;&nbsp;HCI_LE_AddWhiteListCmd
</UL>
<BR>[Called By]<UL><LI><a href="#[190]">&gt;&gt;</a>&nbsp;&nbsp;&nbsp;gapBondMgrReadBonds
<LI><a href="#[1a7]">&gt;&gt;</a>&nbsp;&nbsp;&nbsp;gapBondMgrAddBond
</UL>

<P><STRONG><a name="[12]"></a>gapBondPairStateCB</STRONG> (Thumb, 50 bytes, Stack size 16 bytes, gapbondmgr.o(i.gapBondPairStateCB))
<BR><BR>[Stack]<UL><LI>Max Depth = 28<LI>Call Chain = gapBondPairStateCB &rArr; linkDB_Find
</UL>
<BR>[Calls]<UL><LI><a href="#[1ac]">&gt;&gt;</a>&nbsp;&nbsp;&nbsp;linkDB_Find
</UL>
<BR>[Address Reference Count : 2]<UL><LI> gapbondmgr.o(.data)
<LI> gapbondmgr.o(i.GAPBondMgr_ParamInit)
</UL>
<P><STRONG><a name="[11]"></a>gapBondPasscodeCB</STRONG> (Thumb, 96 bytes, Stack size 40 bytes, gapbondmgr.o(i.gapBondPasscodeCB))
<BR><BR>[Stack]<UL><LI>Max Depth = 320<LI>Call Chain = gapBondPasscodeCB &rArr; GAP_PasscodeUpdate &rArr; SM_PasskeyUpdate &rArr; sm_c1 &rArr; sm_c1new &rArr; LL_Encrypt &rArr; AES_DevAESEnc &rArr; AES_DecError
</UL>
<BR>[Calls]<UL><LI><a href="#[1ac]">&gt;&gt;</a>&nbsp;&nbsp;&nbsp;linkDB_Find
<LI><a href="#[1a3]">&gt;&gt;</a>&nbsp;&nbsp;&nbsp;GAP_TerminateAuth
<LI><a href="#[1a2]">&gt;&gt;</a>&nbsp;&nbsp;&nbsp;GAP_PasscodeUpdate
</UL>
<BR>[Address Reference Count : 2]<UL><LI> gapbondmgr.o(.data)
<LI> gapbondmgr.o(i.GAPBondMgr_ParamInit)
</UL>
<P><STRONG><a name="[2bc]"></a>gapBondSetupPrivFlag</STRONG> (Thumb, 32 bytes, Stack size 8 bytes, gapbondmgr.o(i.gapBondSetupPrivFlag))
<BR><BR>[Stack]<UL><LI>Max Depth = 32<LI>Call Chain = gapBondSetupPrivFlag &rArr; GGS_SetParameter &rArr; __ARM_common_switch8
</UL>
<BR>[Calls]<UL><LI><a href="#[a7]">&gt;&gt;</a>&nbsp;&nbsp;&nbsp;GGS_SetParameter
<LI><a href="#[18c]">&gt;&gt;</a>&nbsp;&nbsp;&nbsp;gapBondMgrBondTotal
</UL>
<BR>[Called By]<UL><LI><a href="#[190]">&gt;&gt;</a>&nbsp;&nbsp;&nbsp;gapBondMgrReadBonds
<LI><a href="#[1a7]">&gt;&gt;</a>&nbsp;&nbsp;&nbsp;gapBondMgrAddBond
</UL>

<P><STRONG><a name="[2dc]"></a>gapRole_PeripheralProcessGAPMsg</STRONG> (Thumb, 398 bytes, Stack size 24 bytes, peripheral.o(i.gapRole_PeripheralProcessGAPMsg))
<BR><BR>[Stack]<UL><LI>Max Depth = 536<LI>Call Chain = gapRole_PeripheralProcessGAPMsg &rArr; GAPBondMgr_LinkEst &rArr; GATTServApp_SendServiceChangedInd &rArr; GATT_ServiceChangedInd &rArr; GATT_Indication &rArr; ATT_HandleValueInd &rArr; attSendMsg &rArr; SM_GenerateAuthenSig &rArr; sm_CMAC &rArr; generate_subkey &rArr; LL_Encrypt &rArr; AES_DevAESEnc &rArr; AES_DecError
</UL>
<BR>[Calls]<UL><LI><a href="#[f2]">&gt;&gt;</a>&nbsp;&nbsp;&nbsp;tmos_memcpy
<LI><a href="#[ac]">&gt;&gt;</a>&nbsp;&nbsp;&nbsp;tmos_set_event
<LI><a href="#[ad]">&gt;&gt;</a>&nbsp;&nbsp;&nbsp;__ARM_common_switch8
<LI><a href="#[2dd]">&gt;&gt;</a>&nbsp;&nbsp;&nbsp;tmos_get_task_timer
<LI><a href="#[120]">&gt;&gt;</a>&nbsp;&nbsp;&nbsp;tmos_memcmp
<LI><a href="#[1ae]">&gt;&gt;</a>&nbsp;&nbsp;&nbsp;tmos_snv_write
<LI><a href="#[1a9]">&gt;&gt;</a>&nbsp;&nbsp;&nbsp;tmos_snv_notify
<LI><a href="#[1ab]">&gt;&gt;</a>&nbsp;&nbsp;&nbsp;GAPBondMgr_ProcessGAPMsg
<LI><a href="#[191]">&gt;&gt;</a>&nbsp;&nbsp;&nbsp;GAPBondMgr_LinkEst
<LI><a href="#[1c9]">&gt;&gt;</a>&nbsp;&nbsp;&nbsp;GAP_UpdateAdvertisingData
</UL>
<BR>[Called By]<UL><LI><a href="#[1c2]">&gt;&gt;</a>&nbsp;&nbsp;&nbsp;gapRole_PeripheralProcessTMOSMsg
</UL>

<P><STRONG><a name="[1c2]"></a>gapRole_PeripheralProcessTMOSMsg</STRONG> (Thumb, 72 bytes, Stack size 8 bytes, peripheral.o(i.gapRole_PeripheralProcessTMOSMsg))
<BR><BR>[Stack]<UL><LI>Max Depth = 544<LI>Call Chain = gapRole_PeripheralProcessTMOSMsg &rArr; gapRole_PeripheralProcessGAPMsg &rArr; GAPBondMgr_LinkEst &rArr; GATTServApp_SendServiceChangedInd &rArr; GATT_ServiceChangedInd &rArr; GATT_Indication &rArr; ATT_HandleValueInd &rArr; attSendMsg &rArr; SM_GenerateAuthenSig &rArr; sm_CMAC &rArr; generate_subkey &rArr; LL_Encrypt &rArr; AES_DevAESEnc &rArr; AES_DecError
</UL>
<BR>[Calls]<UL><LI><a href="#[2dc]">&gt;&gt;</a>&nbsp;&nbsp;&nbsp;gapRole_PeripheralProcessGAPMsg
</UL>
<BR>[Called By]<UL><LI><a href="#[4f]">&gt;&gt;</a>&nbsp;&nbsp;&nbsp;GAPRole_PeripheralProcessEvent
</UL>

<P><STRONG><a name="[6b]"></a>llAdvertiseCreateCore</STRONG> (Thumb, 76 bytes, Stack size 8 bytes, ll_advertise.o(i.llAdvertiseCreateCore))
<BR><BR>[Stack]<UL><LI>Max Depth = 32<LI>Call Chain = llAdvertiseCreateCore &rArr; tmos_memory_allocate
</UL>
<BR>[Calls]<UL><LI><a href="#[dd]">&gt;&gt;</a>&nbsp;&nbsp;&nbsp;tmos_memset
<LI><a href="#[31e]">&gt;&gt;</a>&nbsp;&nbsp;&nbsp;GetTxPower
<LI><a href="#[1a1]">&gt;&gt;</a>&nbsp;&nbsp;&nbsp;tmos_memory_allocate
</UL>
<BR>[Address Reference Count : 1]<UL><LI> ll_advertise.o(i.LL_AdvertiseEnalbe)
</UL>
<P><STRONG><a name="[31d]"></a>ll_advertise_tx</STRONG> (Thumb, 352 bytes, Stack size 24 bytes, ll_advertise.o(i.ll_advertise_tx))
<BR><BR>[Stack]<UL><LI>Max Depth = 88<LI>Call Chain = ll_advertise_tx &rArr; ble_ll_hw_api_tx &rArr; BLE_IRQHandler
</UL>
<BR>[Calls]<UL><LI><a href="#[f2]">&gt;&gt;</a>&nbsp;&nbsp;&nbsp;tmos_memcpy
<LI><a href="#[2b7]">&gt;&gt;</a>&nbsp;&nbsp;&nbsp;ble_ll_hw_api_tx
<LI><a href="#[26a]">&gt;&gt;</a>&nbsp;&nbsp;&nbsp;ble_ll_hw_api_shut
<LI><a href="#[271]">&gt;&gt;</a>&nbsp;&nbsp;&nbsp;TMOS_ProcessRegister
</UL>
<BR>[Called By]<UL><LI><a href="#[76]">&gt;&gt;</a>&nbsp;&nbsp;&nbsp;llAdvertiseStart
<LI><a href="#[77]">&gt;&gt;</a>&nbsp;&nbsp;&nbsp;llAdvTraverseallChannel
</UL>

<P><STRONG><a name="[6c]"></a>llSlaveCreateCore</STRONG> (Thumb, 156 bytes, Stack size 16 bytes, ll_slave.o(i.llSlaveCreateCore))
<BR><BR>[Stack]<UL><LI>Max Depth = 80<LI>Call Chain = llSlaveCreateCore &rArr; LL_CoreOpen &rArr; LL_CoreDataListInit &rArr; tmos_memory_allocate
</UL>
<BR>[Calls]<UL><LI><a href="#[dd]">&gt;&gt;</a>&nbsp;&nbsp;&nbsp;tmos_memset
<LI><a href="#[1a1]">&gt;&gt;</a>&nbsp;&nbsp;&nbsp;tmos_memory_allocate
<LI><a href="#[323]">&gt;&gt;</a>&nbsp;&nbsp;&nbsp;LL_HopInit
<LI><a href="#[27d]">&gt;&gt;</a>&nbsp;&nbsp;&nbsp;LL_CoreOpen
<LI><a href="#[321]">&gt;&gt;</a>&nbsp;&nbsp;&nbsp;ll_connect_init_dataLen
<LI><a href="#[322]">&gt;&gt;</a>&nbsp;&nbsp;&nbsp;ll_connect_flowcontrol_init
<LI><a href="#[26d]">&gt;&gt;</a>&nbsp;&nbsp;&nbsp;LL_CoreGetCore
</UL>
<BR>[Address Reference Count : 1]<UL><LI> ll_slave.o(i.LL_SlaveEnalbe)
</UL>
<P><STRONG><a name="[6d]"></a>llSlaveSetFirstTimer</STRONG> (Thumb, 260 bytes, Stack size 24 bytes, ll_slave.o(i.llSlaveSetFirstTimer))
<BR><BR>[Stack]<UL><LI>Max Depth = 120<LI>Call Chain = llSlaveSetFirstTimer &rArr; ll_connect_set_connect_timeout &rArr; tmos_start_callback_task &rArr; tmos_start_task &rArr; tmos_memory_allocate
</UL>
<BR>[Calls]<UL><LI><a href="#[271]">&gt;&gt;</a>&nbsp;&nbsp;&nbsp;TMOS_ProcessRegister
<LI><a href="#[325]">&gt;&gt;</a>&nbsp;&nbsp;&nbsp;ll_connect_set_connect_timeout
<LI><a href="#[324]">&gt;&gt;</a>&nbsp;&nbsp;&nbsp;ll_connect_init_pingOffset
<LI><a href="#[267]">&gt;&gt;</a>&nbsp;&nbsp;&nbsp;LL_ReportGenerateEvent
<LI><a href="#[ff]">&gt;&gt;</a>&nbsp;&nbsp;&nbsp;__aeabi_uidivmod
</UL>
<BR>[Address Reference Count : 1]<UL><LI> ll_slave.o(i.LL_SlaveEnalbe)
</UL>
<P><STRONG><a name="[331]"></a>ll_hw_timer_slave_recv_timeout</STRONG> (Thumb, 22 bytes, Stack size 8 bytes, ll_slave.o(i.ll_hw_timer_slave_recv_timeout))
<BR><BR>[Stack]<UL><LI>Max Depth = 116<LI>Call Chain = ll_hw_timer_slave_recv_timeout &rArr; ll_hw_temp_sample &rArr; BLE_RegInit &rArr; RFEND_TXCtune &rArr; __aeabi_idivmod &rArr; __aeabi_uidivmod
</UL>
<BR>[Calls]<UL><LI><a href="#[320]">&gt;&gt;</a>&nbsp;&nbsp;&nbsp;ll_hw_temp_sample
</UL>
<BR>[Called By]<UL><LI><a href="#[7e]">&gt;&gt;</a>&nbsp;&nbsp;&nbsp;ll_slave_process
<LI><a href="#[78]">&gt;&gt;</a>&nbsp;&nbsp;&nbsp;ll_slave_process_event
</UL>

<P><STRONG><a name="[334]"></a>ll_slave_process_after_tx</STRONG> (Thumb, 644 bytes, Stack size 24 bytes, ll_slave.o(i.ll_slave_process_after_tx))
<BR><BR>[Stack]<UL><LI>Max Depth = 192<LI>Call Chain = ll_slave_process_after_tx &rArr; ll_slave_check_connect_point &rArr; ll_connect_update_get_offset &rArr; ble_ll_common_rand8 &rArr; __aeabi_lmul &rArr; __aeabi_llsl
</UL>
<BR>[Calls]<UL><LI><a href="#[297]">&gt;&gt;</a>&nbsp;&nbsp;&nbsp;tmos_update_callback_timer
<LI><a href="#[273]">&gt;&gt;</a>&nbsp;&nbsp;&nbsp;tmos_stop_callback_task
<LI><a href="#[332]">&gt;&gt;</a>&nbsp;&nbsp;&nbsp;ll_slave_check_connect_point
<LI><a href="#[32d]">&gt;&gt;</a>&nbsp;&nbsp;&nbsp;ll_connect_set_procedure_timeout
<LI><a href="#[32c]">&gt;&gt;</a>&nbsp;&nbsp;&nbsp;ll_connect_set_auth_timeout
<LI><a href="#[324]">&gt;&gt;</a>&nbsp;&nbsp;&nbsp;ll_connect_init_pingOffset
<LI><a href="#[275]">&gt;&gt;</a>&nbsp;&nbsp;&nbsp;LL_ConnectToStandby
<LI><a href="#[267]">&gt;&gt;</a>&nbsp;&nbsp;&nbsp;LL_ReportGenerateEvent
<LI><a href="#[ff]">&gt;&gt;</a>&nbsp;&nbsp;&nbsp;__aeabi_uidivmod
</UL>
<BR>[Called By]<UL><LI><a href="#[7e]">&gt;&gt;</a>&nbsp;&nbsp;&nbsp;ll_slave_process
</UL>

<P><STRONG><a name="[78]"></a>ll_slave_process_event</STRONG> (Thumb, 588 bytes, Stack size 24 bytes, ll_slave.o(i.ll_slave_process_event))
<BR><BR>[Stack]<UL><LI>Max Depth = 140<LI>Call Chain = ll_slave_process_event &rArr; ll_hw_timer_slave_recv_timeout &rArr; ll_hw_temp_sample &rArr; BLE_RegInit &rArr; RFEND_TXCtune &rArr; __aeabi_idivmod &rArr; __aeabi_uidivmod
</UL>
<BR>[Calls]<UL><LI><a href="#[26a]">&gt;&gt;</a>&nbsp;&nbsp;&nbsp;ble_ll_hw_api_shut
<LI><a href="#[34b]">&gt;&gt;</a>&nbsp;&nbsp;&nbsp;ble_ll_set_connect_event
<LI><a href="#[271]">&gt;&gt;</a>&nbsp;&nbsp;&nbsp;TMOS_ProcessRegister
<LI><a href="#[282]">&gt;&gt;</a>&nbsp;&nbsp;&nbsp;LL_HopGetChannel
<LI><a href="#[331]">&gt;&gt;</a>&nbsp;&nbsp;&nbsp;ll_hw_timer_slave_recv_timeout
<LI><a href="#[32a]">&gt;&gt;</a>&nbsp;&nbsp;&nbsp;ll_connect_change_connect_point
<LI><a href="#[327]">&gt;&gt;</a>&nbsp;&nbsp;&nbsp;ll_connect_action_in_connintervaltimeout
<LI><a href="#[275]">&gt;&gt;</a>&nbsp;&nbsp;&nbsp;LL_ConnectToStandby
<LI><a href="#[ff]">&gt;&gt;</a>&nbsp;&nbsp;&nbsp;__aeabi_uidivmod
</UL>
<BR>[Address Reference Count : 1]<UL><LI> ll_slave.o(i.llSlaveSetFirstTimer)
</UL>
<P><STRONG><a name="[2d9]"></a>gapSendScanEnable</STRONG> (Thumb, 28 bytes, Stack size 8 bytes, gap_central.o(i.gapSendScanEnable))
<BR><BR>[Stack]<UL><LI>Max Depth = 88<LI>Call Chain = gapSendScanEnable &rArr; HCI_LE_SetScanEnableCmd &rArr; API_LE_SetScanEnableCmd &rArr; HCI_CommandCompleteCback &rArr; HOST_CommandCompleteEvent &rArr; tmos_msg_send &rArr; tmos_msg_deallocate &rArr; tmos_memory_free
</UL>
<BR>[Calls]<UL><LI><a href="#[18d]">&gt;&gt;</a>&nbsp;&nbsp;&nbsp;GAP_GetParamValue
<LI><a href="#[248]">&gt;&gt;</a>&nbsp;&nbsp;&nbsp;HCI_LE_SetScanEnableCmd
</UL>
<BR>[Called By]<UL><LI><a href="#[57]">&gt;&gt;</a>&nbsp;&nbsp;&nbsp;gapProcessScanningEvt
<LI><a href="#[58]">&gt;&gt;</a>&nbsp;&nbsp;&nbsp;gapProcessScanningDirectEvt
<LI><a href="#[2c3]">&gt;&gt;</a>&nbsp;&nbsp;&nbsp;gapSetScanParamStatus
</UL>

<P><STRONG><a name="[2c3]"></a>gapSetScanParamStatus</STRONG> (Thumb, 64 bytes, Stack size 16 bytes, gap_central.o(i.gapSetScanParamStatus))
<BR><BR>[Stack]<UL><LI>Max Depth = 104<LI>Call Chain = gapSetScanParamStatus &rArr; gapSendScanEnable &rArr; HCI_LE_SetScanEnableCmd &rArr; API_LE_SetScanEnableCmd &rArr; HCI_CommandCompleteCback &rArr; HOST_CommandCompleteEvent &rArr; tmos_msg_send &rArr; tmos_msg_deallocate &rArr; tmos_memory_free
</UL>
<BR>[Calls]<UL><LI><a href="#[de]">&gt;&gt;</a>&nbsp;&nbsp;&nbsp;tmos_stop_task
<LI><a href="#[a3]">&gt;&gt;</a>&nbsp;&nbsp;&nbsp;tmos_start_task
<LI><a href="#[18d]">&gt;&gt;</a>&nbsp;&nbsp;&nbsp;GAP_GetParamValue
<LI><a href="#[2d8]">&gt;&gt;</a>&nbsp;&nbsp;&nbsp;gapSendDevDiscEvent
<LI><a href="#[2d9]">&gt;&gt;</a>&nbsp;&nbsp;&nbsp;gapSendScanEnable
</UL>
<BR>[Called By]<UL><LI><a href="#[56]">&gt;&gt;</a>&nbsp;&nbsp;&nbsp;gapCentProcessHCICmdEvt
</UL>

<P><STRONG><a name="[73]"></a>l2capBuildConnectRsp</STRONG> (Thumb, 54 bytes, Stack size 0 bytes, l2cap_sdu.o(i.l2capBuildConnectRsp))
<BR>[Address Reference Count : 1]<UL><LI> l2cap_sdu.o(i.l2capSendConnectRsp)
</UL>
<P><STRONG><a name="[68]"></a>l2capBuildDisconnectReq</STRONG> (Thumb, 24 bytes, Stack size 0 bytes, l2cap_sdu.o(i.l2capBuildDisconnectReq))
<BR>[Address Reference Count : 1]<UL><LI> l2cap_sdu.o(i.L2CAP_DisconnectReq)
</UL>
<P><STRONG><a name="[66]"></a>l2capBuildParamUpdateReq</STRONG> (Thumb, 44 bytes, Stack size 0 bytes, l2cap_sdu.o(i.l2capBuildParamUpdateReq))
<BR>[Address Reference Count : 1]<UL><LI> l2cap_sdu.o(i.L2CAP_ConnParamUpdateReq)
</UL>
<P><STRONG><a name="[67]"></a>l2capBuildParamUpdateRsp</STRONG> (Thumb, 14 bytes, Stack size 0 bytes, l2cap_sdu.o(i.l2capBuildParamUpdateRsp))
<BR>[Address Reference Count : 1]<UL><LI> l2cap_sdu.o(i.L2CAP_ConnParamUpdateRsp)
</UL>
<P><STRONG><a name="[28e]"></a>ll_resolvinglist_checkRPA</STRONG> (Thumb, 82 bytes, Stack size 40 bytes, ll_resolvinglist.o(i.ll_resolvinglist_checkRPA))
<BR><BR>[Stack]<UL><LI>Max Depth = 112<LI>Call Chain = ll_resolvinglist_checkRPA &rArr; LL_Encrypt &rArr; AES_DevAESEnc &rArr; AES_DecError
</UL>
<BR>[Calls]<UL><LI><a href="#[262]">&gt;&gt;</a>&nbsp;&nbsp;&nbsp;LL_Encrypt
</UL>
<BR>[Called By]<UL><LI><a href="#[290]">&gt;&gt;</a>&nbsp;&nbsp;&nbsp;LL_ResolvinglistPeerRpaAddressGetIrk
<LI><a href="#[28d]">&gt;&gt;</a>&nbsp;&nbsp;&nbsp;LL_ResolvinglistCheckPeerResolution
</UL>

<P><STRONG><a name="[2b4]"></a>_printf_core</STRONG> (Thumb, 1020 bytes, Stack size 104 bytes, printf8.o(i._printf_core), UNUSED)
<BR><BR>[Calls]<UL><LI><a href="#[2b5]">&gt;&gt;</a>&nbsp;&nbsp;&nbsp;_printf_pre_padding
<LI><a href="#[2b6]">&gt;&gt;</a>&nbsp;&nbsp;&nbsp;_printf_post_padding
<LI><a href="#[128]">&gt;&gt;</a>&nbsp;&nbsp;&nbsp;__aeabi_uldivmod
</UL>
<BR>[Called By]<UL><LI><a href="#[2b3]">&gt;&gt;</a>&nbsp;&nbsp;&nbsp;__0printf$8
</UL>

<P><STRONG><a name="[2b6]"></a>_printf_post_padding</STRONG> (Thumb, 32 bytes, Stack size 24 bytes, printf8.o(i._printf_post_padding), UNUSED)
<BR><BR>[Called By]<UL><LI><a href="#[2b4]">&gt;&gt;</a>&nbsp;&nbsp;&nbsp;_printf_core
</UL>

<P><STRONG><a name="[2b5]"></a>_printf_pre_padding</STRONG> (Thumb, 44 bytes, Stack size 40 bytes, printf8.o(i._printf_pre_padding), UNUSED)
<BR><BR>[Called By]<UL><LI><a href="#[2b4]">&gt;&gt;</a>&nbsp;&nbsp;&nbsp;_printf_core
</UL>
<P>
<H3>
Undefined Global Symbols
</H3><HR></body></html>
