Component: ARM Compiler 5.06 update 6 (build 750) Tool: armlink [4d35ed]

==============================================================================

Section Cross References

    hidkbd.o(.text) refers to message.o(i.tmos_msg_receive) for tmos_msg_receive
    hidkbd.o(.text) refers to message.o(i.tmos_msg_deallocate) for tmos_msg_deallocate
    hidkbd.o(.text) refers to peripheral.o(i.GAPRole_PeripheralConnParamUpdateReq) for GAPRole_PeripheralConnParamUpdateReq
    hidkbd.o(.text) refers to hiddev.o(.text) for HidDev_Report
    hidkbd.o(.text) refers to tmos.o(i.tmos_start_task) for tmos_start_task
    hidkbd.o(.text) refers to tmos.o(i.TMOS_ProcessEventRegister) for TMOS_ProcessEventRegister
    hidkbd.o(.text) refers to role.o(i.GAPRole_SetParameter) for GAPRole_SetParameter
    hidkbd.o(.text) refers to gapgattserver.o(i.GGS_SetParameter) for GGS_SetParameter
    hidkbd.o(.text) refers to gapbondmgr.o(i.GAPBondMgr_SetParameter) for GAPBondMgr_SetParameter
    hidkbd.o(.text) refers to battservice.o(.text) for Batt_SetParameter
    hidkbd.o(.text) refers to hidkbdservice.o(.text) for Hid_AddService
    hidkbd.o(.text) refers to tmos.o(i.tmos_set_event) for tmos_set_event
    hidkbd.o(.text) refers to hidkbd.o(i.__ARM_common_switch8) for __ARM_common_switch8
    hidkbd.o(.text) refers to role.o(i.GAPRole_GetParameter) for GAPRole_GetParameter
    hidkbd.o(.text) refers to gap_peripheral.o(i.GAP_ConfigDeviceAddr) for GAP_ConfigDeviceAddr
    hidkbd.o(.text) refers to printf8.o(i.__0printf$8) for __2printf
    hidkbd.o(.text) refers to hidkbd.o(.data) for .data
    hidkbd.o(.text) refers to mykeyboard.o(.data) for keyboard_mode_flag
    hidkbd.o(.text) refers to hidkbd.o(.constdata) for .constdata
    hidkbd.o(.data) refers to hidkbd.o(.text) for hidEmuRptCB
    hidkbd_main.o(.text) refers to mcu.o(.text) for CH57X_BLEInit
    hidkbd_main.o(.text) refers to printf8.o(i.__0printf$8) for __2printf
    hidkbd_main.o(.text) refers to role.o(i.GAPRole_PeripheralInit) for GAPRole_PeripheralInit
    hidkbd_main.o(.text) refers to ws2812.o(.text) for WS2812_Init
    hidkbd_main.o(.text) refers to hiddev.o(.text) for HidDev_Init
    hidkbd_main.o(.text) refers to hidkbd.o(.text) for HidEmu_Init
    hidkbd_main.o(.text) refers to usbhid.o(.text) for UsbHid_Init
    hidkbd_main.o(.text) refers to mykeyboard.o(.text) for Keyboard_Init
    hidkbd_main.o(.text) refers to ch57x_sys.o(.text) for mDelaymS
    hidkbd_main.o(.text) refers to ch57x_clk.o(.text) for SetSysClock
    hidkbd_main.o(.text) refers to ch57x_pwr.o(.text) for PWR_UnitModCfg
    hidkbd_main.o(.text) refers to ch57x_gpio.o(.text) for GPIOA_ModeCfg
    hidkbd_main.o(.text) refers to ch57x_uart1.o(.text) for UART1_DefInit
    hidkbd_main.o(.text) refers to tmos.o(i.TMOS_SystemProcess) for TMOS_SystemProcess
    hidkbd_main.o(.text) refers to ip.o(.constdata) for VER_LIB
    usbhid.o(.text) refers to ch57x_usbdev.o(.text) for DevEP3_IN_Deal
    usbhid.o(.text) refers to hidkbd.o(i.__ARM_common_switch8) for __ARM_common_switch8
    usbhid.o(.text) refers to memcpya.o(.text) for __aeabi_memcpy
    usbhid.o(.text) refers to printf8.o(i.__0printf$8) for __2printf
    usbhid.o(.text) refers to message.o(i.tmos_msg_receive) for tmos_msg_receive
    usbhid.o(.text) refers to message.o(i.tmos_msg_deallocate) for tmos_msg_deallocate
    usbhid.o(.text) refers to tmos.o(i.tmos_start_task) for tmos_start_task
    usbhid.o(.text) refers to tmos.o(i.TMOS_ProcessEventRegister) for TMOS_ProcessEventRegister
    usbhid.o(.text) refers to tmos.o(i.tmos_set_event) for tmos_set_event
    usbhid.o(.text) refers to ch57x_usbdev.o(.data) for pEP3_RAM_Addr
    usbhid.o(.text) refers to hidkbd.o(.data) for buf
    usbhid.o(.text) refers to usbhid.o(.data) for .data
    usbhid.o(.text) refers to usbhid.o(.constdata) for .constdata
    usbhid.o(.text) refers to mykeyboard.o(.data) for keyboard_mode_flag
    usbhid.o(.text) refers to usbhid.o(.bss) for .bss
    power.o(.text) refers to hidkbd.o(i.__ARM_common_switch8) for __ARM_common_switch8
    power.o(.text) refers to printf8.o(i.__0printf$8) for __2printf
    power.o(.text) refers to ch57x_sys.o(.text) for mDelaymS
    power.o(.text) refers to ch57x_pwr.o(.text) for LowPower_Idle
    power.o(.text) refers to ch57x_int.o(.text) for LowPower_Halt_1
    power.o(.text) refers to ch57x_clk.o(.text) for HSECFG_Current
    power.o(.text) refers to message.o(i.tmos_msg_receive) for tmos_msg_receive
    power.o(.text) refers to message.o(i.tmos_msg_deallocate) for tmos_msg_deallocate
    power.o(.text) refers to tmos.o(i.tmos_start_task) for tmos_start_task
    power.o(.text) refers to tmos.o(i.TMOS_ProcessEventRegister) for TMOS_ProcessEventRegister
    power.o(.text) refers to ch57x_gpio.o(.text) for GPIOB_ModeCfg
    power.o(.text) refers to power.o(.data) for .data
    mykeyboard.o(.text) refers to ch57x_gpio.o(.text) for GPIOB_ModeCfg
[...]
    0x000070b0   0x000070b0   0x00000052   Code   RO         1404    i.GATT_VerifyPrepareWritePermissions  CH57xBLE.LIB(gattservapp.o)
    0x00007102   0x00007102   0x00000056   Code   RO         1405    i.GATT_VerifyReadPermissions  CH57xBLE.LIB(gattservapp.o)
    0x00007158   0x00007158   0x00000064   Code   RO         1406    i.GATT_VerifyWritePermissions  CH57xBLE.LIB(gattservapp.o)
    0x000071bc   0x000071bc   0x0000008c   Code   RO         1301    i.GATT_bm_alloc     CH57xBLE.LIB(gatt.o)
    0x00007248   0x00007248   0x00000010   Code   RO         1302    i.GATT_bm_free      CH57xBLE.LIB(gatt.o)
    0x00007258   0x00007258   0x0000002c   Code   RO         1241    i.GGS_AddService    CH57xBLE.LIB(gapgattserver.o)
    0x00007284   0x00007284   0x00000128   Code   RO         1245    i.GGS_ParamInit     CH57xBLE.LIB(gapgattserver.o)
    0x000073ac   0x000073ac   0x00000094   Code   RO         1248    i.GGS_SetParameter  CH57xBLE.LIB(gapgattserver.o)
    0x00007440   0x00007440   0x0000004c   Code   RO         1041    i.GetTxPower        CH57xBLE.LIB(ip.o)
    0x0000748c   0x0000748c   0x00000002   Code   RO         3130    i.HCI_AuthenticatedPayloadTimeoutExpiredCback  CH57xBLE.LIB(ctl_output.o)
    0x0000748e   0x0000748e   0x00000008   Code   RO         3131    i.HCI_CommandCompleteCback  CH57xBLE.LIB(ctl_output.o)
    0x00007496   0x00007496   0x00000008   Code   RO         3132    i.HCI_CommandStatusCback  CH57xBLE.LIB(ctl_output.o)
    0x0000749e   0x0000749e   0x00000008   Code   RO         3133    i.HCI_DataBufferOverflowCback  CH57xBLE.LIB(ctl_output.o)
    0x000074a6   0x000074a6   0x00000008   Code   RO         2280    i.HCI_DisconnectCmd  CH57xBLE.LIB(host_output.o)
    0x000074ae   0x000074ae   0x00000008   Code   RO         3134    i.HCI_DisconnectionCompleteCback  CH57xBLE.LIB(ctl_output.o)
    0x000074b6   0x000074b6   0x00000008   Code   RO         3135    i.HCI_EncryptionChangeCback  CH57xBLE.LIB(ctl_output.o)
    0x000074be   0x000074be   0x00000008   Code   RO         3136    i.HCI_EncryptionKeyRefreshCompleteCback  CH57xBLE.LIB(ctl_output.o)
    0x000074c6   0x000074c6   0x0000000a   Code   RO         2282    i.HCI_HostNumCompletedPktCmd  CH57xBLE.LIB(host_output.o)
    0x000074d0   0x000074d0   0x00000008   Code   RO         2283    i.HCI_LE_AddDeviceToResolvingList  CH57xBLE.LIB(host_output.o)
    0x000074d8   0x000074d8   0x00000008   Code   RO         2284    i.HCI_LE_AddWhiteListCmd  CH57xBLE.LIB(host_output.o)
    0x000074e0   0x000074e0   0x00000008   Code   RO         2285    i.HCI_LE_ClearResolvingList  CH57xBLE.LIB(host_output.o)
    0x000074e8   0x000074e8   0x00000008   Code   RO         2286    i.HCI_LE_ClearWhiteListCmd  CH57xBLE.LIB(host_output.o)
    0x000074f0   0x000074f0   0x00000010   Code   RO         2287    i.HCI_LE_ConnUpdateCmd  CH57xBLE.LIB(host_output.o)
    0x00007500   0x00007500   0x0000001a   Code   RO         3139    i.HCI_LE_ConnectionCompleteCback  CH57xBLE.LIB(ctl_output.o)
    0x0000751a   0x0000751a   0x0000000c   Code   RO         3140    i.HCI_LE_ConnectionUpdateCompleteCback  CH57xBLE.LIB(ctl_output.o)
    0x00007526   0x00007526   0x00000008   Code   RO         2288    i.HCI_LE_CreateConnCancelCmd  CH57xBLE.LIB(host_output.o)
    0x0000752e   0x0000752e   0x0000000c   Code   RO         3141    i.HCI_LE_DataLengthChangeCback  CH57xBLE.LIB(ctl_output.o)
    0x0000753a   0x0000753a   0x00000020   Code   RO         3143    i.HCI_LE_EnhancedConnectionCompleteCback  CH57xBLE.LIB(ctl_output.o)
    0x0000755a   0x0000755a   0x00000008   Code   RO         3145    i.HCI_LE_LongTermKeyRequestCback  CH57xBLE.LIB(ctl_output.o)
    0x00007562   0x00007562   0x00000008   Code   RO         2290    i.HCI_LE_LtkReqNegReplyCmd  CH57xBLE.LIB(host_output.o)
    0x0000756a   0x0000756a   0x00000008   Code   RO         2291    i.HCI_LE_LtkReqReplyCmd  CH57xBLE.LIB(host_output.o)
    0x00007572   0x00007572   0x00000008   Code   RO         2292    i.HCI_LE_RandCmd    CH57xBLE.LIB(host_output.o)
    0x0000757a   0x0000757a   0x00000008   Code   RO         2293    i.HCI_LE_ReadBufSizeCmd  CH57xBLE.LIB(host_output.o)
    0x00007582   0x00007582   0x00000008   Code   RO         3147    i.HCI_LE_ReadRemoteUsedFeaturesCompleteCback  CH57xBLE.LIB(ctl_output.o)
    0x0000758a   0x0000758a   0x00000008   Code   RO         2298    i.HCI_LE_RemoteConnParamReqNegReplyCmd  CH57xBLE.LIB(host_output.o)
    0x00007592   0x00007592   0x00000010   Code   RO         2299    i.HCI_LE_RemoteConnParamReqReplyCmd  CH57xBLE.LIB(host_output.o)
    0x000075a2   0x000075a2   0x0000000c   Code   RO         3148    i.HCI_LE_RemoteConnectionParameterRequestCback  CH57xBLE.LIB(ctl_output.o)
    0x000075ae   0x000075ae   0x00000008   Code   RO         2301    i.HCI_LE_SetAddressResolvableEnableCmd  CH57xBLE.LIB(host_output.o)
    0x000075b6   0x000075b6   0x00000008   Code   RO         2302    i.HCI_LE_SetAdvDataCmd  CH57xBLE.LIB(host_output.o)
    0x000075be   0x000075be   0x00000008   Code   RO         2303    i.HCI_LE_SetAdvEnableCmd  CH57xBLE.LIB(host_output.o)
    0x000075c6   0x000075c6   0x00000016   Code   RO         2304    i.HCI_LE_SetAdvParamCmd  CH57xBLE.LIB(host_output.o)
    0x000075dc   0x000075dc   0x00000008   Code   RO         2307    i.HCI_LE_SetRandomAddressCmd  CH57xBLE.LIB(host_output.o)
    0x000075e4   0x000075e4   0x00000008   Code   RO         2308    i.HCI_LE_SetResolvableAddressTimeoutCmd  CH57xBLE.LIB(host_output.o)
    0x000075ec   0x000075ec   0x00000008   Code   RO         2309    i.HCI_LE_SetScanEnableCmd  CH57xBLE.LIB(host_output.o)
    0x000075f4   0x000075f4   0x00000008   Code   RO         2311    i.HCI_LE_SetScanRspDataCmd  CH57xBLE.LIB(host_output.o)
    0x000075fc   0x000075fc   0x00000010   Code   RO         2312    i.HCI_LE_StartEncyptCmd  CH57xBLE.LIB(host_output.o)
    0x0000760c   0x0000760c   0x00000008   Code   RO         2313    i.HCI_MB_DisconnectCmd  CH57xBLE.LIB(host_output.o)
    0x00007614   0x00007614   0x00000008   Code   RO         3149    i.HCI_NumberOfCompletedPacketsCback  CH57xBLE.LIB(ctl_output.o)
    0x0000761c   0x0000761c   0x00000008   Code   RO         2314    i.HCI_ReadBDADDRCmd  CH57xBLE.LIB(host_output.o)
    0x00007624   0x00007624   0x0000000c   Code   RO         3150    i.HCI_ReadRemoteVersionInfoCback  CH57xBLE.LIB(ctl_output.o)
    0x00007630   0x00007630   0x0000000c   Code   RO         3151    i.HCI_RemoteConnectionParameterRequestCback  CH57xBLE.LIB(ctl_output.o)
    0x0000763c   0x0000763c   0x00000008   Code   RO         3152    i.HCI_RxDataCompleteCback  CH57xBLE.LIB(ctl_output.o)
    0x00007644   0x00007644   0x00000008   Code   RO         2321    i.HCI_SendDataPkt   CH57xBLE.LIB(host_output.o)
    0x0000764c   0x0000764c   0x0000003c   Code   RO         2325    i.HCI_ValidConnTimeParams  CH57xBLE.LIB(host_output.o)
    0x00007688   0x00007688   0x00000040   Code   RO         2231    i.HOST_CommandCompleteEvent  CH57xBLE.LIB(host_input.o)
    0x000076c8   0x000076c8   0x00000030   Code   RO         2232    i.HOST_CommandStatusEvent  CH57xBLE.LIB(host_input.o)
    0x000076f8   0x000076f8   0x00000028   Code   RO         2233    i.HOST_DataBufferOverflowEvent  CH57xBLE.LIB(host_input.o)
    0x00007720   0x00007720   0x00000030   Code   RO         2234    i.HOST_DisconnectionCompleteEvent  CH57xBLE.LIB(host_input.o)
    0x00007750   0x00007750   0x00000034   Code   RO         2235    i.HOST_EncryptionChangeEvent  CH57xBLE.LIB(host_input.o)
    0x00007784   0x00007784   0x0000002c   Code   RO         2236    i.HOST_EncryptionKeyRefreshCompleteEvent  CH57xBLE.LIB(host_input.o)
    0x000077b0   0x000077b0   0x00000080   Code   RO         2239    i.HOST_LE_ConnectionCompleteEvent  CH57xBLE.LIB(host_input.o)
    0x00007830   0x00007830   0x0000003c   Code   RO         2240    i.HOST_LE_ConnectionUpdateCompleteEvent  CH57xBLE.LIB(host_input.o)
    0x0000786c   0x0000786c   0x0000003c   Code   RO         2241    i.HOST_LE_DataLengthChangeEvent  CH57xBLE.LIB(host_input.o)
    0x000078a8   0x000078a8   0x000000b4   Code   RO         2243    i.HOST_LE_EnhancedConnectionCompleteEvent  CH57xBLE.LIB(host_input.o)
    0x0000795c   0x0000795c   0x0000003c   Code   RO         2245    i.HOST_LE_LongTermKeyRequestEvent  CH57xBLE.LIB(host_input.o)
    0x00007998   0x00007998   0x0000003c   Code   RO         2247    i.HOST_LE_ReadRemoteUsedFeaturesCompleteEvent  CH57xBLE.LIB(host_input.o)
    0x000079d4   0x000079d4   0x0000003c   Code   RO         2248    i.HOST_LE_RemoteConnectionParameterRequestEvent  CH57xBLE.LIB(host_input.o)
    0x00007a10   0x00007a10   0x00000030   Code   RO         2249    i.HOST_NumberOfCompletedPacketsEvent  CH57xBLE.LIB(host_input.o)
    0x00007a40   0x00007a40   0x00000038   Code   RO         2250    i.HOST_ReadRemoteVersionInfoEvent  CH57xBLE.LIB(host_input.o)
    0x00007a78   0x00007a78   0x00000124   Code   RO         2251    i.HOST_RecvDataPackets  CH57xBLE.LIB(host_input.o)
    0x00007b9c   0x00007b9c   0x0000002e   Code   RO         2252    i.HOST_RemoteConnectionParameterRequestEvent  CH57xBLE.LIB(host_input.o)
    0x00007bca   0x00007bca   0x00000002   PAD
    0x00007bcc   0x00007bcc   0x00000018   Code   RO         2704    i.L2CAP_CmdReject   CH57xBLE.LIB(l2cap_sdu.o)
    0x00007be4   0x00007be4   0x0000001c   Code   RO         2705    i.L2CAP_ConnParamUpdateReq  CH57xBLE.LIB(l2cap_sdu.o)
    0x00007c00   0x00007c00   0x00000018   Code   RO         2706    i.L2CAP_ConnParamUpdateRsp  CH57xBLE.LIB(l2cap_sdu.o)
    0x00007c18   0x00007c18   0x00000028   Code   RO         2708    i.L2CAP_DisconnectReq  CH57xBLE.LIB(l2cap_sdu.o)
    0x00007c40   0x00007c40   0x0000000c   Code   RO         2631    i.L2CAP_GetMTU      CH57xBLE.LIB(l2cap.o)
    0x00007c4c   0x00007c4c   0x00000018   Code   RO         2632    i.L2CAP_HostNumCompletedPkts  CH57xBLE.LIB(l2cap.o)
    0x00007c64   0x00007c64   0x000000b0   Code   RO         2633    i.L2CAP_Init        CH57xBLE.LIB(l2cap.o)
    0x00007d14   0x00007d14   0x0000003e   Code   RO         2634    i.L2CAP_ParseConnectReq  CH57xBLE.LIB(l2cap.o)
    0x00007d52   0x00007d52   0x00000020   Code   RO         2635    i.L2CAP_ParseFlowCtrlCredit  CH57xBLE.LIB(l2cap.o)
    0x00007d72   0x00007d72   0x00000034   Code   RO         3186    i.L2CAP_ParseParamUpdateReq  CH57xBLE.LIB(l2cap_input.o)
    0x00007da6   0x00007da6   0x00000002   PAD
    0x00007da8   0x00007da8   0x00000090   Code   RO         2637    i.L2CAP_ProcessEvent  CH57xBLE.LIB(l2cap.o)
    0x00007e38   0x00007e38   0x0000002c   Code   RO         2640    i.L2CAP_RegisterApp  CH57xBLE.LIB(l2cap.o)
    0x00007e64   0x00007e64   0x0000007c   Code   RO         3214    i.L2CAP_SendData    CH57xBLE.LIB(l2cap_output.o)
    0x00007ee0   0x00007ee0   0x00000010   Code   RO         2642    i.L2CAP_SetBufSize  CH57xBLE.LIB(l2cap.o)
    0x00007ef0   0x00007ef0   0x00000020   Code   RO         2645    i.L2CAP_bm_alloc    CH57xBLE.LIB(l2cap.o)
    0x00007f10   0x00007f10   0x00000038   Code   RO         1027    i.LLE_DevInit       CH57xBLE.LIB(lle.o)
    0x00007f48   0x00007f48   0x00000094   Code   RO         1962    i.LL_AddDeviceToResolvingList  CH57xBLE.LIB(ctl_input.o)
    0x00007fdc   0x00007fdc   0x00000078   Code   RO         1963    i.LL_AddWhiteListDevice  CH57xBLE.LIB(ctl_input.o)
    0x00008054   0x00008054   0x00000084   Code   RO         3255    i.LL_AddrGenerateResolvableAddress  CH57xBLE.LIB(ll_address.o)
    0x000080d8   0x000080d8   0x0000011c   Code   RO         3256    i.LL_AddrInit       CH57xBLE.LIB(ll_address.o)
    0x000081f4   0x000081f4   0x00000012   Code   RO         1800    i.LL_AdvertiseDirectTimeout  CH57xBLE.LIB(ll_advertise.o)
    0x00008206   0x00008206   0x00000002   PAD
    0x00008208   0x00008208   0x0000002c   Code   RO         1801    i.LL_AdvertiseEnalbe  CH57xBLE.LIB(ll_advertise.o)
    0x00008234   0x00008234   0x00000038   Code   RO         1803    i.LL_AdvertiseToStandby  CH57xBLE.LIB(ll_advertise.o)
    0x0000826c   0x0000826c   0x0000000a   Code   RO         1964    i.LL_ClearResolvingList  CH57xBLE.LIB(ctl_input.o)
    0x00008276   0x00008276   0x00000002   PAD
    0x00008278   0x00008278   0x0000004c   Code   RO         1965    i.LL_ClearWhiteList  CH57xBLE.LIB(ctl_input.o)
    0x000082c4   0x000082c4   0x00000100   Code   RO         1966    i.LL_ConnUpdate     CH57xBLE.LIB(ctl_input.o)
    0x000083c4   0x000083c4   0x00000022   Code   RO         1851    i.LL_ConnectFlowcontrolRx  CH57xBLE.LIB(ll_connect.o)
    0x000083e6   0x000083e6   0x00000022   Code   RO         1852    i.LL_ConnectFlowcontrolTx  CH57xBLE.LIB(ll_connect.o)
    0x00008408   0x00008408   0x00000084   Code   RO         1853    i.LL_ConnectFreeTmosPrioritID  CH57xBLE.LIB(ll_connect.o)
    0x0000848c   0x0000848c   0x0000002e   Code   RO         1854    i.LL_ConnectRxPktnumIncrease  CH57xBLE.LIB(ll_connect.o)
    0x000084ba   0x000084ba   0x00000002   PAD
    0x000084bc   0x000084bc   0x00000094   Code   RO         1855    i.LL_ConnectShut    CH57xBLE.LIB(ll_connect.o)
    0x00008550   0x00008550   0x0000007c   Code   RO         1856    i.LL_ConnectToStandby  CH57xBLE.LIB(ll_connect.o)
    0x000085cc   0x000085cc   0x0000003c   Code   RO         1857    i.LL_ConnectTxPktnumIncrease  CH57xBLE.LIB(ll_connect.o)
    0x00008608   0x00008608   0x0000006c   Code   RO         3009    i.LL_ConnectionParamReq  CH57xBLE.LIB(ll_pdu.o)
    0x00008674   0x00008674   0x00000060   Code   RO         3010    i.LL_ConnectionParamRsp  CH57xBLE.LIB(ll_pdu.o)
    0x000086d4   0x000086d4   0x00000060   Code   RO         2970    i.LL_CoreClose      CH57xBLE.LIB(ll_core.o)
    0x00008734   0x00008734   0x00000020   Code   RO         2971    i.LL_CoreDataListFree  CH57xBLE.LIB(ll_core.o)
    0x00008754   0x00008754   0x0000007c   Code   RO         2972    i.LL_CoreDataListInit  CH57xBLE.LIB(ll_core.o)
    0x000087d0   0x000087d0   0x00000020   Code   RO         2973    i.LL_CoreGetCore    CH57xBLE.LIB(ll_core.o)
    0x000087f0   0x000087f0   0x00000038   Code   RO         2974    i.LL_CoreGetDataList  CH57xBLE.LIB(ll_core.o)
    0x00008828   0x00008828   0x00000014   Code   RO         2975    i.LL_CoreInit       CH57xBLE.LIB(ll_core.o)
    0x0000883c   0x0000883c   0x000000a0   Code   RO         2976    i.LL_CoreOpen       CH57xBLE.LIB(ll_core.o)
    0x000088dc   0x000088dc   0x00000020   Code   RO         1968    i.LL_CreateConnCancel  CH57xBLE.LIB(ctl_input.o)
    0x000088fc   0x000088fc   0x00000030   Code   RO         1969    i.LL_Disconnect     CH57xBLE.LIB(ctl_input.o)
    0x0000892c   0x0000892c   0x00000040   Code   RO         3013    i.LL_EncRsp         CH57xBLE.LIB(ll_pdu.o)
    0x0000896c   0x0000896c   0x000000c2   Code   RO         1748    i.LL_Encrypt        CH57xBLE.LIB(aes.o)
    0x00008a2e   0x00008a2e   0x00000034   Code   RO         3015    i.LL_FeatureRsp     CH57xBLE.LIB(ll_pdu.o)
    0x00008a62   0x00008a62   0x00000002   PAD
    0x00008a64   0x00008a64   0x000000c0   Code   RO         1858    i.LL_GetNextConnectEventTime  CH57xBLE.LIB(ll_connect.o)
    0x00008b24   0x00008b24   0x000000b8   Code   RO         3077    i.LL_HopGetChannel  CH57xBLE.LIB(ll_hop.o)
    0x00008bdc   0x00008bdc   0x00000006   Code   RO         3078    i.LL_HopInit        CH57xBLE.LIB(ll_hop.o)
    0x00008be2   0x00008be2   0x00000002   PAD
    0x00008be4   0x00008be4   0x000000cc   Code   RO         2957    i.LL_Init           CH57xBLE.LIB(ll.o)
    0x00008cb0   0x00008cb0   0x00000044   Code   RO         2990    i.LL_InitiateToStandby  CH57xBLE.LIB(ll_initiate.o)
    0x00008cf4   0x00008cf4   0x0000001c   Code   RO         1970    i.LL_LE_ReadBufSize  CH57xBLE.LIB(ctl_input.o)
    0x00008d10   0x00008d10   0x0000007a   Code   RO         3016    i.LL_LengthReq      CH57xBLE.LIB(ll_pdu.o)
    0x00008d8a   0x00008d8a   0x00000068   Code   RO         3017    i.LL_LengthRsp      CH57xBLE.LIB(ll_pdu.o)
    0x00008df2   0x00008df2   0x00000032   Code   RO         1972    i.LL_LtkReqNegReply  CH57xBLE.LIB(ctl_input.o)
    0x00008e24   0x00008e24   0x00000080   Code   RO         1973    i.LL_LtkReqReply    CH57xBLE.LIB(ctl_input.o)
    0x00008ea4   0x00008ea4   0x0000001e   Code   RO         1974    i.LL_MD_Disconnect  CH57xBLE.LIB(ctl_input.o)
    0x00008ec2   0x00008ec2   0x0000001c   Code   RO         3019    i.LL_PauseEncRsp    CH57xBLE.LIB(ll_pdu.o)
    0x00008ede   0x00008ede   0x00000026   Code   RO         3020    i.LL_PingReq        CH57xBLE.LIB(ll_pdu.o)
    0x00008f04   0x00008f04   0x00000018   Code   RO         3021    i.LL_PingRsp        CH57xBLE.LIB(ll_pdu.o)
    0x00008f1c   0x00008f1c   0x00000108   Code   RO         2958    i.LL_ProcessEvent   CH57xBLE.LIB(ll.o)
    0x00009024   0x00009024   0x000004c6   Code   RO         3068    i.LL_ProcessTMOSReportMsg  CH57xBLE.LIB(ll_report.o)
    0x000094ea   0x000094ea   0x0000001c   Code   RO         1975    i.LL_Rand           CH57xBLE.LIB(ctl_input.o)
    0x00009506   0x00009506   0x00000002   PAD
    0x00009508   0x00009508   0x00000020   Code   RO         1978    i.LL_ReadBDAddr     CH57xBLE.LIB(ctl_input.o)
    0x00009528   0x00009528   0x00000034   Code   RO         1993    i.LL_ReceiverTest   CH57xBLE.LIB(ctl_input.o)
    0x0000955c   0x0000955c   0x00000024   Code   RO         3022    i.LL_RejectInd      CH57xBLE.LIB(ll_pdu.o)
    0x00009580   0x00009580   0x00000020   Code   RO         3023    i.LL_RejectIndExt   CH57xBLE.LIB(ll_pdu.o)
    0x000095a0   0x000095a0   0x00000030   Code   RO         1994    i.LL_RemoteConnParamReqNegReply  CH57xBLE.LIB(ctl_input.o)
    0x000095d0   0x000095d0   0x00000104   Code   RO         1995    i.LL_RemoteConnParamReqReply  CH57xBLE.LIB(ctl_input.o)
    0x000096d4   0x000096d4   0x0000002c   Code   RO         3069    i.LL_ReportGenerateEvent  CH57xBLE.LIB(ll_report.o)
    0x00009700   0x00009700   0x000000f0   Code   RO         3100    i.LL_ResolvinglistAdd  CH57xBLE.LIB(ll_resolvinglist.o)
    0x000097f0   0x000097f0   0x00000040   Code   RO         3102    i.LL_ResolvinglistCheckPeerResolution  CH57xBLE.LIB(ll_resolvinglist.o)
    0x00009830   0x00009830   0x00000030   Code   RO         3103    i.LL_ResolvinglistClearall  CH57xBLE.LIB(ll_resolvinglist.o)
    0x00009860   0x00009860   0x00000018   Code   RO         3104    i.LL_ResolvinglistInit  CH57xBLE.LIB(ll_resolvinglist.o)
    0x00009878   0x00009878   0x00000038   Code   RO         3106    i.LL_ResolvinglistPeerIdentifyAddressGetIrk  CH57xBLE.LIB(ll_resolvinglist.o)
    0x000098b0   0x000098b0   0x0000002c   Code   RO         3107    i.LL_ResolvinglistPeerRpaAddressGetIrk  CH57xBLE.LIB(ll_resolvinglist.o)
    0x000098dc   0x000098dc   0x000000d4   Code   RO         3024    i.LL_RxConnParamReq  CH57xBLE.LIB(ll_pdu.o)
    0x000099b0   0x000099b0   0x00000040   Code   RO         3026    i.LL_RxLenUpdate    CH57xBLE.LIB(ll_pdu.o)
    0x000099f0   0x000099f0   0x00000020   Code   RO         3027    i.LL_RxVersionExchange  CH57xBLE.LIB(ll_pdu.o)
    0x00009a10   0x00009a10   0x0000004c   Code   RO         1826    i.LL_ScanToStandby  CH57xBLE.LIB(ll_scan.o)
    0x00009a5c   0x00009a5c   0x00000020   Code   RO         3028    i.LL_SendAck        CH57xBLE.LIB(ll_pdu.o)
    0x00009a7c   0x00009a7c   0x00000138   Code   RO         1999    i.LL_SendDataPkt    CH57xBLE.LIB(ctl_input.o)
    0x00009bb4   0x00009bb4   0x000000a0   Code   RO         3029    i.LL_SendDmaBuf     CH57xBLE.LIB(ll_pdu.o)
    0x00009c54   0x00009c54   0x0000004c   Code   RO         2000    i.LL_SetAddressResolvableEnable  CH57xBLE.LIB(ctl_input.o)
    0x00009ca0   0x00009ca0   0x000000f0   Code   RO         2001    i.LL_SetAdvControl  CH57xBLE.LIB(ctl_input.o)
    0x00009d90   0x00009d90   0x00000040   Code   RO         2002    i.LL_SetAdvData     CH57xBLE.LIB(ctl_input.o)
    0x00009dd0   0x00009dd0   0x000000ac   Code   RO         2003    i.LL_SetAdvParam    CH57xBLE.LIB(ctl_input.o)
    0x00009e7c   0x00009e7c   0x00000068   Code   RO         2005    i.LL_SetDataLength  CH57xBLE.LIB(ctl_input.o)
    0x00009ee4   0x00009ee4   0x0000007c   Code   RO         2007    i.LL_SetRandomAddress  CH57xBLE.LIB(ctl_input.o)
    0x00009f60   0x00009f60   0x0000002c   Code   RO         2008    i.LL_SetResolvableAddressTimeout  CH57xBLE.LIB(ctl_input.o)
    0x00009f8c   0x00009f8c   0x00000084   Code   RO         2009    i.LL_SetScanEnable  CH57xBLE.LIB(ctl_input.o)
    0x0000a010   0x0000a010   0x0000003c   Code   RO         2011    i.LL_SetScanRspData  CH57xBLE.LIB(ctl_input.o)
    0x0000a04c   0x0000a04c   0x00000020   Code   RO         1923    i.LL_SlaveEnalbe    CH57xBLE.LIB(ll_slave.o)
    0x0000a06c   0x0000a06c   0x0000003a   Code   RO         3030    i.LL_SlaveFeatureReq  CH57xBLE.LIB(ll_pdu.o)
    0x0000a0a6   0x0000a0a6   0x0000001c   Code   RO         3031    i.LL_StartEncReq    CH57xBLE.LIB(ll_pdu.o)
    0x0000a0c2   0x0000a0c2   0x0000001c   Code   RO         3032    i.LL_StartEncRsp    CH57xBLE.LIB(ll_pdu.o)
    0x0000a0de   0x0000a0de   0x0000014e   Code   RO         2014    i.LL_StartEncrypt   CH57xBLE.LIB(ctl_input.o)
    0x0000a22c   0x0000a22c   0x0000002c   Code   RO         3033    i.LL_TerminateInd   CH57xBLE.LIB(ll_pdu.o)
    0x0000a258   0x0000a258   0x000000f8   Code   RO         2016    i.LL_TransmitterTest  CH57xBLE.LIB(ctl_input.o)
    0x0000a350   0x0000a350   0x00000022   Code   RO         3034    i.LL_UnknowRsp      CH57xBLE.LIB(ll_pdu.o)
    0x0000a372   0x0000a372   0x00000002   PAD
    0x0000a374   0x0000a374   0x0000003c   Code   RO         3035    i.LL_VersionInd     CH57xBLE.LIB(ll_pdu.o)
    0x0000a3b0   0x0000a3b0   0x00000070   Code   RO         3086    i.LL_WhitelistAdd   CH57xBLE.LIB(ll_whitelist.o)
    0x0000a420   0x0000a420   0x00000024   Code   RO         3087    i.LL_WhitelistClearAll  CH57xBLE.LIB(ll_whitelist.o)
    0x0000a444   0x0000a444   0x00000010   Code   RO         3088    i.LL_WhitelistInit  CH57xBLE.LIB(ll_whitelist.o)
    0x0000a454   0x0000a454   0x00000030   Code   RO         3089    i.LL_WhitelistLookup  CH57xBLE.LIB(ll_whitelist.o)
    0x0000a484   0x0000a484   0x000000cc   Code   RO         1777    i.RFEND_DevInit     CH57xBLE.LIB(rfend.o)
    0x0000a550   0x0000a550   0x000000f4   Code   RO         1779    i.RFEND_RXAdc       CH57xBLE.LIB(rfend.o)
    0x0000a644   0x0000a644   0x00000070   Code   RO         1780    i.RFEND_RXFilter    CH57xBLE.LIB(rfend.o)
    0x0000a6b4   0x0000a6b4   0x00000b7e   Code   RO         1784    i.RFEND_TXCtune     CH57xBLE.LIB(rfend.o)
    0x0000b232   0x0000b232   0x00000002   PAD
    0x0000b234   0x0000b234   0x00000014   Code   RO         1785    i.RFEND_TXFtune     CH57xBLE.LIB(rfend.o)
    0x0000b248   0x0000b248   0x00000018   Code   RO         1020    i.RTC_Get32KClock   CH57xBLE.LIB(tmos_hw.o)
    0x0000b260   0x0000b260   0x00000074   Code   RO          996    i.RTC_GetTickCount  CH57xBLE.LIB(tmos_hw.o)
    0x0000b2d4   0x0000b2d4   0x0000001a   Code   RO          997    i.ReadFlash         CH57xBLE.LIB(tmos_hw.o)
    0x0000b2ee   0x0000b2ee   0x00000042   Code   RO         2732    i.SM_CalcRandomAddr  CH57xBLE.LIB(sm.o)
    0x0000b330   0x0000b330   0x000000a2   Code   RO         2733    i.SM_GenerateAuthenSig  CH57xBLE.LIB(sm.o)
    0x0000b3d2   0x0000b3d2   0x00000002   PAD
    0x0000b3d4   0x0000b3d4   0x00000024   Code   RO         2734    i.SM_Init           CH57xBLE.LIB(sm.o)
    0x0000b3f8   0x0000b3f8   0x00000020   Code   RO         2735    i.SM_InitiatorInit  CH57xBLE.LIB(sm.o)
    0x0000b418   0x0000b418   0x00000048   Code   RO         2737    i.SM_ParamInit      CH57xBLE.LIB(sm.o)
    0x0000b460   0x0000b460   0x00000084   Code   RO         2738    i.SM_PasskeyUpdate  CH57xBLE.LIB(sm.o)
    0x0000b4e4   0x0000b4e4   0x0000007c   Code   RO         2739    i.SM_ProcessEvent   CH57xBLE.LIB(sm.o)
    0x0000b560   0x0000b560   0x0000004c   Code   RO         2740    i.SM_ResolveRandomAddrs  CH57xBLE.LIB(sm.o)
    0x0000b5ac   0x0000b5ac   0x00000020   Code   RO         2741    i.SM_ResponderInit  CH57xBLE.LIB(sm.o)
    0x0000b5cc   0x0000b5cc   0x00000072   Code   RO         2742    i.SM_StartEncryption  CH57xBLE.LIB(sm.o)
    0x0000b63e   0x0000b63e   0x00000096   Code   RO         2743    i.SM_StartPairing   CH57xBLE.LIB(sm.o)
    0x0000b6d4   0x0000b6d4   0x000000f0   Code   RO         2744    i.SM_VerifyAuthenSig  CH57xBLE.LIB(sm.o)
    0x0000b7c4   0x0000b7c4   0x0000006c   Code   RO          913    i.TMOS_CbTimerProcessEvent  CH57xBLE.LIB(tmos.o)
    0x0000b830   0x0000b830   0x00000090   Code   RO          915    i.TMOS_Init         CH57xBLE.LIB(tmos.o)
    0x0000b8c0   0x0000b8c0   0x0000002c   Code   RO          916    i.TMOS_ProcessEventRegister  CH57xBLE.LIB(tmos.o)
    0x0000b8ec   0x0000b8ec   0x00000010   Code   RO          918    i.TMOS_ProcessRegister  CH57xBLE.LIB(tmos.o)
    0x0000b8fc   0x0000b8fc   0x0000022c   Code   RO          919    i.TMOS_SystemProcess  CH57xBLE.LIB(tmos.o)
    0x0000bb28   0x0000bb28   0x00000038   Code   RO          998    i.TMOS_TimerInit    CH57xBLE.LIB(tmos_hw.o)
    0x0000bb60   0x0000bb60   0x00000018   Code   RO          920    i.TMOS_TimerRegister  CH57xBLE.LIB(tmos.o)
    0x0000bb78   0x0000bb78   0x0000005c   Code   RO          999    i.WtireFlash        CH57xBLE.LIB(tmos_hw.o)
    0x0000bbd4   0x0000bbd4   0x00000020   Code   RO         3488    i.__0printf$8       mc_p.l(printf8.o)
    0x0000bbf4   0x0000bbf4   0x00000030   Code   RO         1022    i.__ARM_common_ll_muluu  CH57xBLE.LIB(tmos_hw.o)
    0x0000bc24   0x0000bc24   0x0000001a   Code   RO           23    i.__ARM_common_switch8  hidkbd.o
    0x0000bc3e   0x0000bc3e   0x0000000e   Code   RO         3580    i.__scatterload_copy  mc_p.l(handlers.o)
    0x0000bc4c   0x0000bc4c   0x00000002   Code   RO         3581    i.__scatterload_null  mc_p.l(handlers.o)
    0x0000bc4e   0x0000bc4e   0x0000000e   Code   RO         3582    i.__scatterload_zeroinit  mc_p.l(handlers.o)
    0x0000bc5c   0x0000bc5c   0x00000428   Code   RO         3495    i._printf_core      mc_p.l(printf8.o)
    0x0000c084   0x0000c084   0x00000020   Code   RO         3496    i._printf_post_padding  mc_p.l(printf8.o)
    0x0000c0a4   0x0000c0a4   0x0000002c   Code   RO         3497    i._printf_pre_padding  mc_p.l(printf8.o)
    0x0000c0d0   0x0000c0d0   0x00000088   Code   RO         2389    i.attSendMsg        CH57xBLE.LIB(att.o)
    0x0000c158   0x0000c158   0x00000038   Code   RO         2390    i.attSendRspMsg     CH57xBLE.LIB(att.o)
    0x0000c190   0x0000c190   0x00000050   Code   RO         1042    i.ble_ll_chkcrc     CH57xBLE.LIB(ip.o)
    0x0000c1e0   0x0000c1e0   0x0000001e   Code   RO         1000    i.ble_ll_common_rand16  CH57xBLE.LIB(tmos_hw.o)
    0x0000c1fe   0x0000c1fe   0x0000001c   Code   RO         1001    i.ble_ll_common_rand32  CH57xBLE.LIB(tmos_hw.o)
    0x0000c21a   0x0000c21a   0x0000001e   Code   RO         1002    i.ble_ll_common_rand8  CH57xBLE.LIB(tmos_hw.o)
    0x0000c238   0x0000c238   0x000000f0   Code   RO         1043    i.ble_ll_hw_api_rx  CH57xBLE.LIB(ip.o)
    0x0000c328   0x0000c328   0x0000006c   Code   RO         1044    i.ble_ll_hw_api_rx_test  CH57xBLE.LIB(ip.o)
    0x0000c394   0x0000c394   0x00000060   Code   RO         1045    i.ble_ll_hw_api_shut  CH57xBLE.LIB(ip.o)
    0x0000c3f4   0x0000c3f4   0x00000228   Code   RO         1046    i.ble_ll_hw_api_tx  CH57xBLE.LIB(ip.o)
    0x0000c61c   0x0000c61c   0x00000084   Code   RO         1047    i.ble_ll_hw_api_tx_set_len  CH57xBLE.LIB(ip.o)
    0x0000c6a0   0x0000c6a0   0x000001ac   Code   RO         1048    i.ble_ll_hw_api_tx_test  CH57xBLE.LIB(ip.o)
    0x0000c84c   0x0000c84c   0x00000014   Code   RO         1003    i.ble_ll_set_connect_event  CH57xBLE.LIB(tmos_hw.o)
    0x0000c860   0x0000c860   0x0000005c   Code   RO         1004    i.ble_timeout_process  CH57xBLE.LIB(tmos_hw.o)
    0x0000c8bc   0x0000c8bc   0x0000001a   Code   RO         1097    i.disconnectNext    CH57xBLE.LIB(gap.o)
    0x0000c8d6   0x0000c8d6   0x00000038   Code   RO         1098    i.gapAddAddrAdj     CH57xBLE.LIB(gap.o)
    0x0000c90e   0x0000c90e   0x00000002   PAD
    0x0000c910   0x0000c910   0x0000001c   Code   RO         1596    i.gapBondFreeAuthEvt  CH57xBLE.LIB(gapbondmgr.o)
    0x0000c92c   0x0000c92c   0x0000013c   Code   RO         1597    i.gapBondMgrAddBond  CH57xBLE.LIB(gapbondmgr.o)
    0x0000ca68   0x0000ca68   0x0000018c   Code   RO         1598    i.gapBondMgrAuthenticate  CH57xBLE.LIB(gapbondmgr.o)
    0x0000cbf4   0x0000cbf4   0x0000004e   Code   RO         1599    i.gapBondMgrBondReq  CH57xBLE.LIB(gapbondmgr.o)
    0x0000cc42   0x0000cc42   0x00000002   PAD
    0x0000cc44   0x0000cc44   0x00000034   Code   RO         1600    i.gapBondMgrBondTotal  CH57xBLE.LIB(gapbondmgr.o)
    0x0000cc78   0x0000cc78   0x00000064   Code   RO         1601    i.gapBondMgrChangeState  CH57xBLE.LIB(gapbondmgr.o)
    0x0000ccdc   0x0000ccdc   0x00000024   Code   RO         1602    i.gapBondMgrEraseAllBondings  CH57xBLE.LIB(gapbondmgr.o)
    0x0000cd00   0x0000cd00   0x000000e8   Code   RO         1603    i.gapBondMgrEraseBonding  CH57xBLE.LIB(gapbondmgr.o)
    0x0000cde8   0x0000cde8   0x00000034   Code   RO         1604    i.gapBondMgrFindAddr  CH57xBLE.LIB(gapbondmgr.o)
    0x0000ce1c   0x0000ce1c   0x0000001c   Code   RO         1605    i.gapBondMgrFindCharCfgItem  CH57xBLE.LIB(gapbondmgr.o)
    0x0000ce38   0x0000ce38   0x00000040   Code   RO         1606    i.gapBondMgrGetPublicAddr  CH57xBLE.LIB(gapbondmgr.o)
    0x0000ce78   0x0000ce78   0x00000024   Code   RO         1607    i.gapBondMgrGetStateFlags  CH57xBLE.LIB(gapbondmgr.o)
    0x0000ce9c   0x0000ce9c   0x0000001c   Code   RO         1608    i.gapBondMgrInvertCharCfgItem  CH57xBLE.LIB(gapbondmgr.o)
    0x0000ceb8   0x0000ceb8   0x00000084   Code   RO         1609    i.gapBondMgrReadBonds  CH57xBLE.LIB(gapbondmgr.o)
    0x0000cf3c   0x0000cf3c   0x00000014   Code   RO         1610    i.gapBondMgrSendServiceChange  CH57xBLE.LIB(gapbondmgr.o)
    0x0000cf50   0x0000cf50   0x000000b4   Code   RO         1611    i.gapBondMgrUpdateCharCfg  CH57xBLE.LIB(gapbondmgr.o)
    0x0000d004   0x0000d004   0x00000064   Code   RO         1612    i.gapBondMgr_ProcessTMOSMsg  CH57xBLE.LIB(gapbondmgr.o)
    0x0000d068   0x0000d068   0x00000080   Code   RO         1613    i.gapBondMgr_SyncCharCfg  CH57xBLE.LIB(gapbondmgr.o)
    0x0000d0e8   0x0000d0e8   0x00000070   Code   RO         1614    i.gapBondMgr_SyncResolveList  CH57xBLE.LIB(gapbondmgr.o)
    0x0000d158   0x0000d158   0x00000038   Code   RO         1615    i.gapBondMgr_SyncWhiteList  CH57xBLE.LIB(gapbondmgr.o)
    0x0000d190   0x0000d190   0x00000038   Code   RO         1616    i.gapBondPairStateCB  CH57xBLE.LIB(gapbondmgr.o)
    0x0000d1c8   0x0000d1c8   0x00000064   Code   RO         1617    i.gapBondPasscodeCB  CH57xBLE.LIB(gapbondmgr.o)
    0x0000d22c   0x0000d22c   0x00000020   Code   RO         1618    i.gapBondSetupPrivFlag  CH57xBLE.LIB(gapbondmgr.o)
    0x0000d24c   0x0000d24c   0x00000038   Code   RO         2562    i.gapCancelLinkReq  CH57xBLE.LIB(gap_central.o)
    0x0000d284   0x0000d284   0x000000e8   Code   RO         2563    i.gapCentProcessConnEvt  CH57xBLE.LIB(gap_central.o)
    0x0000d36c   0x0000d36c   0x00000030   Code   RO         2564    i.gapCentProcessHCICmdEvt  CH57xBLE.LIB(gap_central.o)
    0x0000d39c   0x0000d39c   0x00000026   Code   RO         1099    i.gapDetermineAddrType  CH57xBLE.LIB(gap.o)
    0x0000d3c2   0x0000d3c2   0x00000046   Code   RO         1100    i.gapFindADType     CH57xBLE.LIB(gap.o)
    0x0000d408   0x0000d408   0x00000018   Code   RO         1209    i.gapFreeAdvertState  CH57xBLE.LIB(gap_peripheral.o)
    0x0000d420   0x0000d420   0x00000034   Code   RO         1101    i.gapFreeAuthLink   CH57xBLE.LIB(gap.o)
    0x0000d454   0x0000d454   0x00000018   Code   RO         1102    i.gapFreeEstLink    CH57xBLE.LIB(gap.o)
    0x0000d46c   0x0000d46c   0x00000080   Code   RO         2565    i.gapFreeScanRecs   CH57xBLE.LIB(gap_central.o)
    0x0000d4ec   0x0000d4ec   0x00000020   Code   RO         1103    i.gapGetDevAddress  CH57xBLE.LIB(gap.o)
    0x0000d50c   0x0000d50c   0x0000000c   Code   RO         1104    i.gapGetDevAddressMode  CH57xBLE.LIB(gap.o)
    0x0000d518   0x0000d518   0x0000000c   Code   RO         1105    i.gapGetIRK         CH57xBLE.LIB(gap.o)
    0x0000d524   0x0000d524   0x0000000c   Code   RO         1106    i.gapGetSRK         CH57xBLE.LIB(gap.o)
    0x0000d530   0x0000d530   0x0000000c   Code   RO         1107    i.gapGetSignCounter  CH57xBLE.LIB(gap.o)
    0x0000d53c   0x0000d53c   0x00000020   Code   RO         1108    i.gapIncSignCounter  CH57xBLE.LIB(gap.o)
    0x0000d55c   0x0000d55c   0x0000002c   Code   RO         1109    i.gapL2capConnParamUpdateReq  CH57xBLE.LIB(gap.o)
    0x0000d588   0x0000d588   0x0000010e   Code   RO         1110    i.gapPairingCompleteCB  CH57xBLE.LIB(gap.o)
    0x0000d696   0x0000d696   0x00000066   Code   RO         1111    i.gapPasskeyNeededCB  CH57xBLE.LIB(gap.o)
    0x0000d6fc   0x0000d6fc   0x00000090   Code   RO         1210    i.gapPeriProcessConnEvt  CH57xBLE.LIB(gap_peripheral.o)
    0x0000d78c   0x0000d78c   0x00000090   Code   RO         1211    i.gapPeriProcessHCICmdCompleteEvt  CH57xBLE.LIB(gap_peripheral.o)
    0x0000d81c   0x0000d81c   0x00000088   Code   RO         1212    i.gapProcessAdvertisingEvt  CH57xBLE.LIB(gap_peripheral.o)
    0x0000d8a4   0x0000d8a4   0x00000040   Code   RO         1112    i.gapProcessConnEvt  CH57xBLE.LIB(gap.o)
    0x0000d8e4   0x0000d8e4   0x000000cc   Code   RO         1113    i.gapProcessConnectionCompleteEvt  CH57xBLE.LIB(gap.o)
    0x0000d9b0   0x0000d9b0   0x00000074   Code   RO         1114    i.gapProcessDisconnectCompleteEvt  CH57xBLE.LIB(gap.o)
    0x0000da24   0x0000da24   0x000000cc   Code   RO         1115    i.gapProcessEnhancedConnectionCompleteEvt  CH57xBLE.LIB(gap.o)
    0x0000daf0   0x0000daf0   0x00000030   Code   RO         1116    i.gapProcessNewAddr  CH57xBLE.LIB(gap.o)
    0x0000db20   0x0000db20   0x0000006c   Code   RO         1117    i.gapProcessRandomAddrComplete  CH57xBLE.LIB(gap.o)
    0x0000db8c   0x0000db8c   0x00000060   Code   RO         1118    i.gapProcessRemoteConnParamReqEvt  CH57xBLE.LIB(gap.o)
    0x0000dbec   0x0000dbec   0x000000a4   Code   RO         2566    i.gapProcessScanningDirectEvt  CH57xBLE.LIB(gap_central.o)
    0x0000dc90   0x0000dc90   0x0000028c   Code   RO         2567    i.gapProcessScanningEvt  CH57xBLE.LIB(gap_central.o)
    0x0000df1c   0x0000df1c   0x000001f4   Code   RO         1119    i.gapProcessTMOSMsg  CH57xBLE.LIB(gap.o)
    0x0000e110   0x0000e110   0x0000000c   Code   RO         1120    i.gapRegisterCentral  CH57xBLE.LIB(gap.o)
    0x0000e11c   0x0000e11c   0x0000000c   Code   RO         1121    i.gapRegisterCentralConn  CH57xBLE.LIB(gap.o)
    0x0000e128   0x0000e128   0x0000000c   Code   RO         1122    i.gapRegisterPeripheral  CH57xBLE.LIB(gap.o)
    0x0000e134   0x0000e134   0x0000000c   Code   RO         1123    i.gapRegisterPeripheralConn  CH57xBLE.LIB(gap.o)
    0x0000e140   0x0000e140   0x000001cc   Code   RO         1670    i.gapRole_PeripheralProcessGAPMsg  CH57xBLE.LIB(peripheral.o)
    0x0000e30c   0x0000e30c   0x00000050   Code   RO         1671    i.gapRole_PeripheralProcessTMOSMsg  CH57xBLE.LIB(peripheral.o)
    0x0000e35c   0x0000e35c   0x00000046   Code   RO         1124    i.gapSendBondCompleteEvent  CH57xBLE.LIB(gap.o)
    0x0000e3a2   0x0000e3a2   0x00000002   PAD
    0x0000e3a4   0x0000e3a4   0x000000d0   Code   RO         2568    i.gapSendDevDiscEvent  CH57xBLE.LIB(gap_central.o)
    0x0000e474   0x0000e474   0x00000044   Code   RO         1125    i.gapSendDeviceInitDoneEvent  CH57xBLE.LIB(gap.o)
    0x0000e4b8   0x0000e4b8   0x0000005e   Code   RO         1126    i.gapSendEstLinkEvent  CH57xBLE.LIB(gap.o)
    0x0000e516   0x0000e516   0x00000002   PAD
    0x0000e518   0x0000e518   0x0000004c   Code   RO         1127    i.gapSendLinkUpdateEvent  CH57xBLE.LIB(gap.o)
    0x0000e564   0x0000e564   0x00000038   Code   RO         1213    i.gapSendMakeDiscEvent  CH57xBLE.LIB(gap_peripheral.o)
    0x0000e59c   0x0000e59c   0x0000005c   Code   RO         1128    i.gapSendPairingReqEvent  CH57xBLE.LIB(gap.o)
    0x0000e5f8   0x0000e5f8   0x0000001c   Code   RO         2569    i.gapSendScanEnable  CH57xBLE.LIB(gap_central.o)
    0x0000e614   0x0000e614   0x0000003a   Code   RO         1129    i.gapSendSlaveSecurityReqEvent  CH57xBLE.LIB(gap.o)
    0x0000e64e   0x0000e64e   0x00000002   PAD
    0x0000e650   0x0000e650   0x00000080   Code   RO         1214    i.gapSetAdvParams   CH57xBLE.LIB(gap_peripheral.o)
    0x0000e6d0   0x0000e6d0   0x00000048   Code   RO         2570    i.gapSetScanParamStatus  CH57xBLE.LIB(gap_central.o)
    0x0000e718   0x0000e718   0x0000004e   Code   RO         1130    i.gapUpdateConnSignCounter  CH57xBLE.LIB(gap.o)
    0x0000e766   0x0000e766   0x00000014   Code   RO         1131    i.gapValidADType    CH57xBLE.LIB(gap.o)
    0x0000e77a   0x0000e77a   0x00000002   PAD
    0x0000e77c   0x0000e77c   0x000000d4   Code   RO         1215    i.gapWriteAdvEnableStatus  CH57xBLE.LIB(gap_peripheral.o)
    0x0000e850   0x0000e850   0x00000024   Code   RO         1407    i.gattFindServerInfo  CH57xBLE.LIB(gattservapp.o)
    0x0000e874   0x0000e874   0x00000020   Code   RO         1408    i.gattFindService   CH57xBLE.LIB(gattservapp.o)
    0x0000e894   0x0000e894   0x00000068   Code   RO         1304    i.gattGetPayload    CH57xBLE.LIB(gatt.o)
    0x0000e8fc   0x0000e8fc   0x0000002c   Code   RO         1409    i.gattGetServerStatus  CH57xBLE.LIB(gattservapp.o)
    0x0000e928   0x0000e928   0x0000005a   Code   RO         1305    i.gattNotifyEvent   CH57xBLE.LIB(gatt.o)
    0x0000e982   0x0000e982   0x00000004   Code   RO         1410    i.gattProcessExchangeMTUReq  CH57xBLE.LIB(gattservapp.o)
    0x0000e986   0x0000e986   0x00000004   Code   RO         1411    i.gattProcessExecuteWriteReq  CH57xBLE.LIB(gattservapp.o)
    0x0000e98a   0x0000e98a   0x0000002c   Code   RO         1412    i.gattProcessFindByTypeValueReq  CH57xBLE.LIB(gattservapp.o)
    0x0000e9b6   0x0000e9b6   0x00000002   PAD
    0x0000e9b8   0x0000e9b8   0x00000124   Code   RO         1413    i.gattProcessFindInfoReq  CH57xBLE.LIB(gattservapp.o)
    0x0000eadc   0x0000eadc   0x00000026   Code   RO         1414    i.gattProcessPrepareWriteReq  CH57xBLE.LIB(gattservapp.o)
    0x0000eb02   0x0000eb02   0x00000002   PAD
    0x0000eb04   0x0000eb04   0x00000048   Code   RO         1415    i.gattProcessReadByGrpTypeReq  CH57xBLE.LIB(gattservapp.o)
    0x0000eb4c   0x0000eb4c   0x0000002c   Code   RO         1416    i.gattProcessReadByTypeReq  CH57xBLE.LIB(gattservapp.o)
    0x0000eb78   0x0000eb78   0x00000066   Code   RO         1417    i.gattProcessReadMultiReq  CH57xBLE.LIB(gattservapp.o)
    0x0000ebde   0x0000ebde   0x00000022   Code   RO         1418    i.gattProcessReadReq  CH57xBLE.LIB(gattservapp.o)
    0x0000ec00   0x0000ec00   0x00000026   Code   RO         1419    i.gattProcessWriteReq  CH57xBLE.LIB(gattservapp.o)
    0x0000ec26   0x0000ec26   0x00000002   PAD
    0x0000ec28   0x0000ec28   0x0000000c   Code   RO         1313    i.gattRegisterServer  CH57xBLE.LIB(gatt.o)
    0x0000ec34   0x0000ec34   0x00000010   Code   RO         1420    i.gattResetServerInfo  CH57xBLE.LIB(gattservapp.o)
    0x0000ec44   0x0000ec44   0x0000003c   Code   RO         1314    i.gattSendFlowCtrlEvt  CH57xBLE.LIB(gatt.o)
    0x0000ec80   0x0000ec80   0x0000003c   Code   RO         1421    i.gattServApp_ClearPrepareWriteQ  CH57xBLE.LIB(gattservapp.o)
    0x0000ecbc   0x0000ecbc   0x0000000e   Code   RO         1422    i.gattServApp_FindAuthorizeAttrCB  CH57xBLE.LIB(gattservapp.o)
    0x0000ecca   0x0000ecca   0x0000001a   Code   RO         1423    i.gattServApp_FindCharCfgItem  CH57xBLE.LIB(gattservapp.o)
    0x0000ece4   0x0000ece4   0x00000024   Code   RO         1424    i.gattServApp_FindPrepareWriteQ  CH57xBLE.LIB(gattservapp.o)
    0x0000ed08   0x0000ed08   0x00000020   Code   RO         1425    i.gattServApp_FindServiceCBs  CH57xBLE.LIB(gattservapp.o)
    0x0000ed28   0x0000ed28   0x0000005c   Code   RO         1426    i.gattServApp_HandleConnStatusCB  CH57xBLE.LIB(gattservapp.o)
    0x0000ed84   0x0000ed84   0x000000bc   Code   RO         1427    i.gattServApp_IsWriteLong  CH57xBLE.LIB(gattservapp.o)
    0x0000ee40   0x0000ee40   0x000000dc   Code   RO         1428    i.gattServApp_ProcessExecuteWriteReq  CH57xBLE.LIB(gattservapp.o)
    0x0000ef1c   0x0000ef1c   0x0000013c   Code   RO         1429    i.gattServApp_ProcessFindByTypeValueReq  CH57xBLE.LIB(gattservapp.o)
    0x0000f058   0x0000f058   0x00000254   Code   RO         1430    i.gattServApp_ProcessMsg  CH57xBLE.LIB(gattservapp.o)
    0x0000f2ac   0x0000f2ac   0x000000e0   Code   RO         1431    i.gattServApp_ProcessPrepareWriteReq  CH57xBLE.LIB(gattservapp.o)
    0x0000f38c   0x0000f38c   0x00000194   Code   RO         1432    i.gattServApp_ProcessReadByGrpTypeReq  CH57xBLE.LIB(gattservapp.o)
    0x0000f520   0x0000f520   0x00000140   Code   RO         1433    i.gattServApp_ProcessReadByTypeReq  CH57xBLE.LIB(gattservapp.o)
    0x0000f660   0x0000f660   0x00000110   Code   RO         1434    i.gattServApp_ProcessReadMultiReq  CH57xBLE.LIB(gattservapp.o)
    0x0000f770   0x0000f770   0x00000090   Code   RO         1435    i.gattServApp_ProcessWriteReq  CH57xBLE.LIB(gattservapp.o)
    0x0000f800   0x0000f800   0x00000030   Code   RO         1438    i.gattServApp_WriteAttrCB  CH57xBLE.LIB(gattservapp.o)
    0x0000f830   0x0000f830   0x00000080   Code   RO         1439    i.gattServerHandleConnStatusCB  CH57xBLE.LIB(gattservapp.o)
    0x0000f8b0   0x0000f8b0   0x0000002a   Code   RO         1440    i.gattServerHandleTimerCB  CH57xBLE.LIB(gattservapp.o)
    0x0000f8da   0x0000f8da   0x0000001c   Code   RO         1441    i.gattServerNotifyTxCB  CH57xBLE.LIB(gattservapp.o)
    0x0000f8f6   0x0000f8f6   0x00000002   PAD
    0x0000f8f8   0x0000f8f8   0x00000150   Code   RO         1442    i.gattServerProcessMsgCB  CH57xBLE.LIB(gattservapp.o)
    0x0000fa48   0x0000fa48   0x00000016   Code   RO         1443    i.gattServiceLastHandle  CH57xBLE.LIB(gattservapp.o)
    0x0000fa5e   0x0000fa5e   0x0000000e   Code   RO         1315    i.gattStartTimer    CH57xBLE.LIB(gatt.o)
    0x0000fa6c   0x0000fa6c   0x0000001a   Code   RO         1316    i.gattStopTimer     CH57xBLE.LIB(gatt.o)
    0x0000fa86   0x0000fa86   0x00000002   PAD
    0x0000fa88   0x0000fa88   0x0000009c   Code   RO         2745    i.generate_subkey   CH57xBLE.LIB(sm.o)
    0x0000fb24   0x0000fb24   0x000000d8   Code   RO         1249    i.ggs_ReadAttrCB    CH57xBLE.LIB(gapgattserver.o)
    0x0000fbfc   0x0000fbfc   0x0000006e   Code   RO         1250    i.ggs_SetAttrWPermit  CH57xBLE.LIB(gapgattserver.o)
    0x0000fc6a   0x0000fc6a   0x00000002   PAD
    0x0000fc6c   0x0000fc6c   0x00000110   Code   RO         1251    i.ggs_WriteAttrCB   CH57xBLE.LIB(gapgattserver.o)
    0x0000fd7c   0x0000fd7c   0x000000a8   Code   RO         2646    i.l2capAllocConnChannel  CH57xBLE.LIB(l2cap.o)
    0x0000fe24   0x0000fe24   0x00000040   Code   RO         2709    i.l2capBuildCmdReject  CH57xBLE.LIB(l2cap_sdu.o)
    0x0000fe64   0x0000fe64   0x00000036   Code   RO         2710    i.l2capBuildConnectRsp  CH57xBLE.LIB(l2cap_sdu.o)
    0x0000fe9a   0x0000fe9a   0x00000018   Code   RO         2711    i.l2capBuildDisconnectReq  CH57xBLE.LIB(l2cap_sdu.o)
    0x0000feb2   0x0000feb2   0x00000018   Code   RO         2712    i.l2capBuildDisconnectRsp  CH57xBLE.LIB(l2cap_sdu.o)
    0x0000feca   0x0000feca   0x0000002c   Code   RO         2713    i.l2capBuildParamUpdateReq  CH57xBLE.LIB(l2cap_sdu.o)
    0x0000fef6   0x0000fef6   0x0000000e   Code   RO         2714    i.l2capBuildParamUpdateRsp  CH57xBLE.LIB(l2cap_sdu.o)
    0x0000ff04   0x0000ff04   0x00000098   Code   RO         2648    i.l2capDisconnectAllChannels  CH57xBLE.LIB(l2cap.o)
    0x0000ff9c   0x0000ff9c   0x0000001e   Code   RO         2649    i.l2capDisconnectChannel  CH57xBLE.LIB(l2cap.o)
    0x0000ffba   0x0000ffba   0x00000002   PAD
    0x0000ffbc   0x0000ffbc   0x000000b4   Code   RO         3216    i.l2capEncapSendData  CH57xBLE.LIB(l2cap_output.o)
    0x00010070   0x00010070   0x0000002c   Code   RO         2650    i.l2capFindLocalCID  CH57xBLE.LIB(l2cap.o)
    0x0001009c   0x0001009c   0x00000030   Code   RO         2651    i.l2capFindLocalId  CH57xBLE.LIB(l2cap.o)
    0x000100cc   0x000100cc   0x00000030   Code   RO         2652    i.l2capFindPsm      CH57xBLE.LIB(l2cap.o)
    0x000100fc   0x000100fc   0x0000003c   Code   RO         2653    i.l2capFindRemoteCID  CH57xBLE.LIB(l2cap.o)
    0x00010138   0x00010138   0x00000034   Code   RO         2654    i.l2capFreeChannel  CH57xBLE.LIB(l2cap.o)
    0x0001016c   0x0001016c   0x00000030   Code   RO         2655    i.l2capFreePendingPkt  CH57xBLE.LIB(l2cap.o)
    0x0001019c   0x0001019c   0x00000074   Code   RO         3217    i.l2capFreeTxSDU    CH57xBLE.LIB(l2cap_output.o)
    0x00010210   0x00010210   0x00000058   Code   RO         2656    i.l2capGetCoChannelInfo  CH57xBLE.LIB(l2cap.o)
    0x00010268   0x00010268   0x0000002c   Code   RO         2657    i.l2capHandleConnStatusCB  CH57xBLE.LIB(l2cap.o)
    0x00010294   0x00010294   0x0000000a   Code   RO         2658    i.l2capHandleRxError  CH57xBLE.LIB(l2cap.o)
    0x0001029e   0x0001029e   0x0000001c   Code   RO         2659    i.l2capHandleTimerCB  CH57xBLE.LIB(l2cap.o)
    0x000102ba   0x000102ba   0x00000054   Code   RO         3218    i.l2capNotifyChannelEstEvt  CH57xBLE.LIB(l2cap_output.o)
    0x0001030e   0x0001030e   0x0000003a   Code   RO         3219    i.l2capNotifyChannelTermEvt  CH57xBLE.LIB(l2cap_output.o)
    0x00010348   0x00010348   0x00000080   Code   RO         3220    i.l2capNotifyCreditEvt  CH57xBLE.LIB(l2cap_output.o)
    0x000103c8   0x000103c8   0x00000046   Code   RO         3221    i.l2capNotifyData   CH57xBLE.LIB(l2cap_output.o)
    0x0001040e   0x0001040e   0x0000004e   Code   RO         3222    i.l2capNotifyEvent  CH57xBLE.LIB(l2cap_output.o)
    0x0001045c   0x0001045c   0x0000004e   Code   RO         3223    i.l2capNotifySignal  CH57xBLE.LIB(l2cap_output.o)
    0x000104aa   0x000104aa   0x00000002   PAD
    0x000104ac   0x000104ac   0x00000040   Code   RO         2660    i.l2capNumActiveChannnels  CH57xBLE.LIB(l2cap.o)
    0x000104ec   0x000104ec   0x00000040   Code   RO         3187    i.l2capParseCmdReject  CH57xBLE.LIB(l2cap_input.o)
    0x0001052c   0x0001052c   0x0000003e   Code   RO         3188    i.l2capParseConnectRsp  CH57xBLE.LIB(l2cap_input.o)
    0x0001056a   0x0001056a   0x00000020   Code   RO         3189    i.l2capParseDisconnectReq  CH57xBLE.LIB(l2cap_input.o)
    0x0001058a   0x0001058a   0x00000020   Code   RO         3190    i.l2capParseDisconnectRsp  CH57xBLE.LIB(l2cap_input.o)
    0x000105aa   0x000105aa   0x00000060   Code   RO         3191    i.l2capParsePacket  CH57xBLE.LIB(l2cap_input.o)
    0x0001060a   0x0001060a   0x00000016   Code   RO         3192    i.l2capParseParamUpdateRsp  CH57xBLE.LIB(l2cap_input.o)
    0x00010620   0x00010620   0x00000014   Code   RO         3193    i.l2capParseSignalHdr  CH57xBLE.LIB(l2cap_input.o)
    0x00010634   0x00010634   0x000000c0   Code   RO         3194    i.l2capProcessConnectReq  CH57xBLE.LIB(l2cap_input.o)
    0x000106f4   0x000106f4   0x00000134   Code   RO         3195    i.l2capProcessReq   CH57xBLE.LIB(l2cap_input.o)
    0x00010828   0x00010828   0x0000010e   Code   RO         3196    i.l2capProcessRsp   CH57xBLE.LIB(l2cap_input.o)
    0x00010936   0x00010936   0x00000002   PAD
    0x00010938   0x00010938   0x000000e4   Code   RO         3197    i.l2capProcessRxData  CH57xBLE.LIB(l2cap_input.o)
    0x00010a1c   0x00010a1c   0x00000120   Code   RO         3224    i.l2capReassembleSegment  CH57xBLE.LIB(l2cap_output.o)
    0x00010b3c   0x00010b3c   0x00000068   Code   RO         3225    i.l2capSendCmd      CH57xBLE.LIB(l2cap_output.o)
    0x00010ba4   0x00010ba4   0x00000088   Code   RO         2715    i.l2capSendConnectRsp  CH57xBLE.LIB(l2cap_sdu.o)
    0x00010c2c   0x00010c2c   0x00000050   Code   RO         3226    i.l2capSendFCPkt    CH57xBLE.LIB(l2cap_output.o)
    0x00010c7c   0x00010c7c   0x00000098   Code   RO         3227    i.l2capSendNextSegment  CH57xBLE.LIB(l2cap_output.o)
    0x00010d14   0x00010d14   0x00000040   Code   RO         3228    i.l2capSendPkt      CH57xBLE.LIB(l2cap_output.o)
    0x00010d54   0x00010d54   0x0000009c   Code   RO         3229    i.l2capSendReq      CH57xBLE.LIB(l2cap_output.o)
    0x00010df0   0x00010df0   0x000000c0   Code   RO         3230    i.l2capSendSegment  CH57xBLE.LIB(l2cap_output.o)
    0x00010eb0   0x00010eb0   0x0000002c   Code   RO         2661    i.l2capStartTimer   CH57xBLE.LIB(l2cap.o)
    0x00010edc   0x00010edc   0x00000010   Code   RO         2662    i.l2capStopTimer    CH57xBLE.LIB(l2cap.o)
    0x00010eec   0x00010eec   0x00000028   Code   RO         3231    i.l2capStoreFCPkt   CH57xBLE.LIB(l2cap_output.o)
    0x00010f14   0x00010f14   0x0000001c   Code   RO         2746    i.leftshift_onebit  CH57xBLE.LIB(sm.o)
    0x00010f30   0x00010f30   0x00000070   Code   RO         1523    i.linkDB_Add        CH57xBLE.LIB(linkdb.o)
    0x00010fa0   0x00010fa0   0x00000058   Code   RO         1524    i.linkDB_Authen     CH57xBLE.LIB(linkdb.o)
    0x00010ff8   0x00010ff8   0x00000030   Code   RO         1525    i.linkDB_Find       CH57xBLE.LIB(linkdb.o)
    0x00011028   0x00011028   0x0000003c   Code   RO         1526    i.linkDB_FindFirst  CH57xBLE.LIB(linkdb.o)
    0x00011064   0x00011064   0x00000038   Code   RO         1527    i.linkDB_GetHandleFromSMEvtID  CH57xBLE.LIB(linkdb.o)
    0x0001109c   0x0001109c   0x00000058   Code   RO         1528    i.linkDB_GetPairingParam  CH57xBLE.LIB(linkdb.o)
    0x000110f4   0x000110f4   0x0000004c   Code   RO         1529    i.linkDB_GetSMEvtID  CH57xBLE.LIB(linkdb.o)
    0x00011140   0x00011140   0x00000064   Code   RO         1530    i.linkDB_Init       CH57xBLE.LIB(linkdb.o)
    0x000111a4   0x000111a4   0x0000000e   Code   RO         1531    i.linkDB_MTU        CH57xBLE.LIB(linkdb.o)
    0x000111b2   0x000111b2   0x00000002   PAD
    0x000111b4   0x000111b4   0x00000048   Code   RO         1532    i.linkDB_NeedSendKey  CH57xBLE.LIB(linkdb.o)
    0x000111fc   0x000111fc   0x0000002c   Code   RO         1533    i.linkDB_NumActive  CH57xBLE.LIB(linkdb.o)
    0x00011228   0x00011228   0x0000000c   Code   RO         1534    i.linkDB_NumConns   CH57xBLE.LIB(linkdb.o)
    0x00011234   0x00011234   0x00000030   Code   RO         1535    i.linkDB_PerformFunc  CH57xBLE.LIB(linkdb.o)
    0x00011264   0x00011264   0x00000038   Code   RO         1536    i.linkDB_PeripheralLinkNum  CH57xBLE.LIB(linkdb.o)
    0x0001129c   0x0001129c   0x00000024   Code   RO         1537    i.linkDB_Register   CH57xBLE.LIB(linkdb.o)
    0x000112c0   0x000112c0   0x00000036   Code   RO         1538    i.linkDB_Remove     CH57xBLE.LIB(linkdb.o)
    0x000112f6   0x000112f6   0x0000000e   Code   RO         1539    i.linkDB_Role       CH57xBLE.LIB(linkdb.o)
    0x00011304   0x00011304   0x00000020   Code   RO         1540    i.linkDB_State      CH57xBLE.LIB(linkdb.o)
    0x00011324   0x00011324   0x0000001c   Code   RO         1542    i.linkDB_UpdateMTU  CH57xBLE.LIB(linkdb.o)
    0x00011340   0x00011340   0x00000054   Code   RO         1804    i.llAdvTraverseallChannel  CH57xBLE.LIB(ll_advertise.o)
    0x00011394   0x00011394   0x00000060   Code   RO         1805    i.llAdvertiseCreateCore  CH57xBLE.LIB(ll_advertise.o)
    0x000113f4   0x000113f4   0x0000010c   Code   RO         1806    i.llAdvertiseSet    CH57xBLE.LIB(ll_advertise.o)
    0x00011500   0x00011500   0x0000008c   Code   RO         1807    i.llAdvertiseStart  CH57xBLE.LIB(ll_advertise.o)
    0x0001158c   0x0001158c   0x000000a8   Code   RO         1924    i.llSlaveCreateCore  CH57xBLE.LIB(ll_slave.o)
    0x00011634   0x00011634   0x00000124   Code   RO         1925    i.llSlaveSetFirstTimer  CH57xBLE.LIB(ll_slave.o)
    0x00011758   0x00011758   0x00000404   Code   RO         1808    i.ll_advertise_process  CH57xBLE.LIB(ll_advertise.o)
    0x00011b5c   0x00011b5c   0x0000018c   Code   RO         1809    i.ll_advertise_tx   CH57xBLE.LIB(ll_advertise.o)
    0x00011ce8   0x00011ce8   0x0000028c   Code   RO         1860    i.ll_connect_action_in_connintervaltimeout  CH57xBLE.LIB(ll_connect.o)
    0x00011f74   0x00011f74   0x0000001a   Code   RO         1861    i.ll_connect_auth_timeout  CH57xBLE.LIB(ll_connect.o)
    0x00011f8e   0x00011f8e   0x00000080   Code   RO         1862    i.ll_connect_calculate_effective_len  CH57xBLE.LIB(ll_connect.o)
    0x0001200e   0x0001200e   0x00000002   PAD
    0x00012010   0x00012010   0x000001ac   Code   RO         1863    i.ll_connect_change_connect_point  CH57xBLE.LIB(ll_connect.o)
    0x000121bc   0x000121bc   0x000000b0   Code   RO         1864    i.ll_connect_event_continue  CH57xBLE.LIB(ll_connect.o)
    0x0001226c   0x0001226c   0x0000000a   Code   RO         1865    i.ll_connect_flowcontrol_init  CH57xBLE.LIB(ll_connect.o)
    0x00012276   0x00012276   0x00000002   PAD
    0x00012278   0x00012278   0x0000001c   Code   RO         1866    i.ll_connect_get_master_number  CH57xBLE.LIB(ll_connect.o)
    0x00012294   0x00012294   0x0000001c   Code   RO         1867    i.ll_connect_get_slave_number  CH57xBLE.LIB(ll_connect.o)
    0x000122b0   0x000122b0   0x00000088   Code   RO         1869    i.ll_connect_get_update_point  CH57xBLE.LIB(ll_connect.o)
    0x00012338   0x00012338   0x00000084   Code   RO         1870    i.ll_connect_init_dataLen  CH57xBLE.LIB(ll_connect.o)
    0x000123bc   0x000123bc   0x0000002a   Code   RO         1871    i.ll_connect_init_pingOffset  CH57xBLE.LIB(ll_connect.o)
    0x000123e6   0x000123e6   0x00000026   Code   RO         1872    i.ll_connect_parse_datapdu_head  CH57xBLE.LIB(ll_connect.o)
    0x0001240c   0x0001240c   0x0000001e   Code   RO         1873    i.ll_connect_procedure_timeout  CH57xBLE.LIB(ll_connect.o)
    0x0001242a   0x0001242a   0x00000002   PAD
    0x0001242c   0x0001242c   0x000000b4   Code   RO         1874    i.ll_connect_recv_data  CH57xBLE.LIB(ll_connect.o)
    0x000124e0   0x000124e0   0x00000100   Code   RO         1875    i.ll_connect_send_data  CH57xBLE.LIB(ll_connect.o)
    0x000125e0   0x000125e0   0x00000040   Code   RO         1876    i.ll_connect_set_auth_timeout  CH57xBLE.LIB(ll_connect.o)
    0x00012620   0x00012620   0x0000002c   Code   RO         1877    i.ll_connect_set_connect_timeout  CH57xBLE.LIB(ll_connect.o)
    0x0001264c   0x0001264c   0x0000002c   Code   RO         1878    i.ll_connect_set_procedure_timeout  CH57xBLE.LIB(ll_connect.o)
    0x00012678   0x00012678   0x00000028   Code   RO         1879    i.ll_connect_supervision_timeout  CH57xBLE.LIB(ll_connect.o)
    0x000126a0   0x000126a0   0x000000ac   Code   RO         1880    i.ll_connect_update_get_offset  CH57xBLE.LIB(ll_connect.o)
    0x0001274c   0x0001274c   0x00000028   Code   RO         2959    i.ll_get_prime_number  CH57xBLE.LIB(ll.o)
    0x00012774   0x00012774   0x00000064   Code   RO         1049    i.ll_hw_api_rx_set_txlen  CH57xBLE.LIB(ip.o)
    0x000127d8   0x000127d8   0x00000020   Code   RO         1051    i.ll_hw_api_set_pkt_dec  CH57xBLE.LIB(ip.o)
    0x000127f8   0x000127f8   0x00000020   Code   RO         1052    i.ll_hw_api_set_pkt_enc  CH57xBLE.LIB(ip.o)
    0x00012818   0x00012818   0x00000074   Code   RO         1005    i.ll_hw_temp_sample  CH57xBLE.LIB(tmos_hw.o)
    0x0001288c   0x0001288c   0x00000016   Code   RO         1926    i.ll_hw_timer_slave_recv_timeout  CH57xBLE.LIB(ll_slave.o)
    0x000128a2   0x000128a2   0x00000002   PAD
    0x000128a4   0x000128a4   0x00000034   Code   RO         1881    i.ll_hw_timer_window_widening  CH57xBLE.LIB(ll_connect.o)
    0x000128d8   0x000128d8   0x00000052   Code   RO         3109    i.ll_resolvinglist_checkRPA  CH57xBLE.LIB(ll_resolvinglist.o)
    0x0001292a   0x0001292a   0x00000002   PAD
    0x0001292c   0x0001292c   0x00000048   Code   RO         3110    i.ll_resolvinglist_renew_rpa  CH57xBLE.LIB(ll_resolvinglist.o)
    0x00012974   0x00012974   0x00000014   Code   RO         3111    i.ll_resolvinglist_renew_set  CH57xBLE.LIB(ll_resolvinglist.o)
    0x00012988   0x00012988   0x00000050   Code   RO         3112    i.ll_resolvinglist_timeout_renew_rpa  CH57xBLE.LIB(ll_resolvinglist.o)
    0x000129d8   0x000129d8   0x000001a8   Code   RO         1883    i.ll_slave_check_connect_point  CH57xBLE.LIB(ll_connect.o)
    0x00012b80   0x00012b80   0x00000ce0   Code   RO         1927    i.ll_slave_process  CH57xBLE.LIB(ll_slave.o)
    0x00013860   0x00013860   0x0000028c   Code   RO         1928    i.ll_slave_process_after_tx  CH57xBLE.LIB(ll_slave.o)
    0x00013aec   0x00013aec   0x00000264   Code   RO         1929    i.ll_slave_process_event  CH57xBLE.LIB(ll_slave.o)
    0x00013d50   0x00013d50   0x00000026   Code   RO         2747    i.padding           CH57xBLE.LIB(sm.o)
    0x00013d76   0x00013d76   0x00000002   PAD
    0x00013d78   0x00013d78   0x00000024   Code   RO         1543    i.reportStatusChange  CH57xBLE.LIB(linkdb.o)
    0x00013d9c   0x00013d9c   0x000000d0   Code   RO         1132    i.sendAuthEvent     CH57xBLE.LIB(gap.o)
    0x00013e6c   0x00013e6c   0x00000030   Code   RO         1133    i.sendTerminateEvent  CH57xBLE.LIB(gap.o)
    0x00013e9c   0x00013e9c   0x0000004e   Code   RO         2748    i.setupInitiatorKeys  CH57xBLE.LIB(sm.o)
    0x00013eea   0x00013eea   0x0000001e   Code   RO         2750    i.smDetermineKeySize  CH57xBLE.LIB(sm.o)
    0x00013f08   0x00013f08   0x00000048   Code   RO         2751    i.smEndPairing      CH57xBLE.LIB(sm.o)
    0x00013f50   0x00013f50   0x0000004e   Code   RO         2752    i.smFreePairingParams  CH57xBLE.LIB(sm.o)
    0x00013f9e   0x00013f9e   0x00000002   PAD
    0x00013fa0   0x00013fa0   0x00000024   Code   RO         2753    i.smGenerateConfirm  CH57xBLE.LIB(sm.o)
    0x00013fc4   0x00013fc4   0x00000034   Code   RO         2754    i.smGeneratePairingReqRsp  CH57xBLE.LIB(sm.o)
    0x00013ff8   0x00013ff8   0x00000028   Code   RO         1134    i.smGenerateRandBuf  CH57xBLE.LIB(gap.o)
    0x00014020   0x00014020   0x00000024   Code   RO         2755    i.smGenerateRandMsg  CH57xBLE.LIB(sm.o)
    0x00014044   0x00014044   0x00000160   Code   RO         2756    i.smInitiatorSendNextKeyInfo  CH57xBLE.LIB(sm.o)
    0x000141a4   0x000141a4   0x00000020   Code   RO         2757    i.smLinkCheck       CH57xBLE.LIB(sm.o)
    0x000141c4   0x000141c4   0x00000040   Code   RO         2758    i.smNextPairingState  CH57xBLE.LIB(sm.o)
    0x00014204   0x00014204   0x00000014   Code   RO         2759    i.smPairingSendEncInfo  CH57xBLE.LIB(sm.o)
    0x00014218   0x00014218   0x00000028   Code   RO         2760    i.smPairingSendIdentityAddrInfo  CH57xBLE.LIB(sm.o)
    0x00014240   0x00014240   0x00000014   Code   RO         2761    i.smPairingSendIdentityInfo  CH57xBLE.LIB(sm.o)
    0x00014254   0x00014254   0x00000028   Code   RO         2762    i.smPairingSendMasterID  CH57xBLE.LIB(sm.o)
    0x0001427c   0x0001427c   0x00000014   Code   RO         2763    i.smPairingSendSingingInfo  CH57xBLE.LIB(sm.o)
    0x00014290   0x00014290   0x000000c8   Code   RO         2764    i.smProcessDataMsg  CH57xBLE.LIB(sm.o)
    0x00014358   0x00014358   0x000000bc   Code   RO         2765    i.smProcessEncryptChange  CH57xBLE.LIB(sm.o)
    0x00014414   0x00014414   0x0000004c   Code   RO         2766    i.smProcessPairingReq  CH57xBLE.LIB(sm.o)
    0x00014460   0x00014460   0x00000078   Code   RO         2767    i.smProcessRandComplete  CH57xBLE.LIB(sm.o)
    0x000144d8   0x000144d8   0x00000088   Code   RO         2768    i.smProcessTMOSMsg  CH57xBLE.LIB(sm.o)
    0x00014560   0x00014560   0x00000180   Code   RO         2771    i.smResponderProcessLTKReq  CH57xBLE.LIB(sm.o)
    0x000146e0   0x000146e0   0x000001b8   Code   RO         2772    i.smResponderSendNextKeyInfo  CH57xBLE.LIB(sm.o)
    0x00014898   0x00014898   0x00000164   Code   RO         2773    i.smSavePairInfo    CH57xBLE.LIB(sm.o)
    0x000149fc   0x000149fc   0x00000024   Code   RO         2774    i.smSendFailAndEnd  CH57xBLE.LIB(sm.o)
    0x00014a20   0x00014a20   0x0000004a   Code   RO         2775    i.smSendSMMsg       CH57xBLE.LIB(sm.o)
    0x00014a6a   0x00014a6a   0x00000038   Code   RO         2776    i.smSetPairingReqRsp  CH57xBLE.LIB(sm.o)
    0x00014aa2   0x00014aa2   0x00000002   PAD
    0x00014aa4   0x00014aa4   0x00000020   Code   RO         2777    i.smStartEncryption  CH57xBLE.LIB(sm.o)
    0x00014ac4   0x00014ac4   0x0000002c   Code   RO         2778    i.smStartRspTimer   CH57xBLE.LIB(sm.o)
    0x00014af0   0x00014af0   0x00000014   Code   RO         2779    i.smStopRspTimer    CH57xBLE.LIB(sm.o)
    0x00014b04   0x00014b04   0x00000018   Code   RO         2780    i.smTimedOut        CH57xBLE.LIB(sm.o)
    0x00014b1c   0x00014b1c   0x00000004   Code   RO         2781    i.smUint8ToAuthReq  CH57xBLE.LIB(sm.o)
    0x00014b20   0x00014b20   0x00000126   Code   RO         2782    i.sm_CMAC           CH57xBLE.LIB(sm.o)
    0x00014c46   0x00014c46   0x0000005a   Code   RO         2783    i.sm_ah             CH57xBLE.LIB(sm.o)
    0x00014ca0   0x00014ca0   0x00000082   Code   RO         2784    i.sm_c1             CH57xBLE.LIB(sm.o)
    0x00014d22   0x00014d22   0x000000e0   Code   RO         2785    i.sm_c1new          CH57xBLE.LIB(sm.o)
    0x00014e02   0x00014e02   0x00000062   Code   RO         2786    i.sm_s1             CH57xBLE.LIB(sm.o)
    0x00014e64   0x00014e64   0x00000016   Code   RO         2787    i.sm_xor            CH57xBLE.LIB(sm.o)
    0x00014e7a   0x00014e7a   0x00000020   Code   RO         2788    i.smpBuildEncInfo   CH57xBLE.LIB(sm.o)
    0x00014e9a   0x00014e9a   0x00000024   Code   RO         2789    i.smpBuildIdentityAddrInfo  CH57xBLE.LIB(sm.o)
    0x00014ebe   0x00014ebe   0x00000020   Code   RO         2790    i.smpBuildIdentityInfo  CH57xBLE.LIB(sm.o)
    0x00014ede   0x00014ede   0x0000002a   Code   RO         2791    i.smpBuildMasterID  CH57xBLE.LIB(sm.o)
    0x00014f08   0x00014f08   0x00000020   Code   RO         2792    i.smpBuildPairingConfirm  CH57xBLE.LIB(sm.o)
    0x00014f28   0x00014f28   0x00000018   Code   RO         2793    i.smpBuildPairingFailed  CH57xBLE.LIB(sm.o)
    0x00014f40   0x00014f40   0x00000020   Code   RO         2794    i.smpBuildPairingRandom  CH57xBLE.LIB(sm.o)
    0x00014f60   0x00014f60   0x0000000e   Code   RO         2795    i.smpBuildPairingReq  CH57xBLE.LIB(sm.o)
    0x00014f6e   0x00014f6e   0x00000092   Code   RO         2796    i.smpBuildPairingReqRsp  CH57xBLE.LIB(sm.o)
    0x00015000   0x00015000   0x0000000e   Code   RO         2797    i.smpBuildPairingRsp  CH57xBLE.LIB(sm.o)
    0x0001500e   0x0001500e   0x00000018   Code   RO         2798    i.smpBuildSecurityReq  CH57xBLE.LIB(sm.o)
    0x00015026   0x00015026   0x00000020   Code   RO         2799    i.smpBuildSigningInfo  CH57xBLE.LIB(sm.o)
    0x00015046   0x00015046   0x000001c8   Code   RO         2800    i.smpInitiatorProcessIncoming  CH57xBLE.LIB(sm.o)
    0x0001520e   0x0001520e   0x000000be   Code   RO         2801    i.smpInitiatorProcessPairingRsp  CH57xBLE.LIB(sm.o)
    0x000152cc   0x000152cc   0x0000001e   Code   RO         2802    i.smpParseEncInfo   CH57xBLE.LIB(sm.o)
    0x000152ea   0x000152ea   0x00000022   Code   RO         2803    i.smpParseIdentityAddrInfo  CH57xBLE.LIB(sm.o)
    0x0001530c   0x0001530c   0x0000001e   Code   RO         2804    i.smpParseIdentityInfo  CH57xBLE.LIB(sm.o)
    0x0001532a   0x0001532a   0x00000028   Code   RO         2805    i.smpParseMasterID  CH57xBLE.LIB(sm.o)
    0x00015352   0x00015352   0x0000001e   Code   RO         2806    i.smpParsePairingConfirm  CH57xBLE.LIB(sm.o)
    0x00015370   0x00015370   0x00000020   Code   RO         2807    i.smpParsePairingFailed  CH57xBLE.LIB(sm.o)
    0x00015390   0x00015390   0x0000001e   Code   RO         2808    i.smpParsePairingRandom  CH57xBLE.LIB(sm.o)
    0x000153ae   0x000153ae   0x00000002   PAD
    0x000153b0   0x000153b0   0x000000fc   Code   RO         2809    i.smpParsePairingReq  CH57xBLE.LIB(sm.o)
    0x000154ac   0x000154ac   0x00000014   Code   RO         2810    i.smpParseSecurityReq  CH57xBLE.LIB(sm.o)
    0x000154c0   0x000154c0   0x0000001e   Code   RO         2811    i.smpParseSigningInfo  CH57xBLE.LIB(sm.o)
    0x000154de   0x000154de   0x000001ce   Code   RO         2812    i.smpResponderProcessIncoming  CH57xBLE.LIB(sm.o)
    0x000156ac   0x000156ac   0x0000009e   Code   RO         2813    i.smpResponderProcessPairingReq  CH57xBLE.LIB(sm.o)
    0x0001574a   0x0001574a   0x00000002   PAD
    0x0001574c   0x0001574c   0x00000020   Code   RO          921    i.tmosFindTask      CH57xBLE.LIB(tmos.o)
    0x0001576c   0x0001576c   0x00000034   Code   RO         1711    i.tmos_bm_adjust_header  CH57xBLE.LIB(memory.o)
    0x000157a0   0x000157a0   0x00000024   Code   RO          922    i.tmos_clear_event  CH57xBLE.LIB(tmos.o)
    0x000157c4   0x000157c4   0x00000012   Code   RO          924    i.tmos_get_task_timer  CH57xBLE.LIB(tmos.o)
    0x000157d6   0x000157d6   0x0000001e   Code   RO          925    i.tmos_isbufset     CH57xBLE.LIB(tmos.o)
    0x000157f4   0x000157f4   0x0000001c   Code   RO          926    i.tmos_memcmp       CH57xBLE.LIB(tmos.o)
    0x00015810   0x00015810   0x00000018   Code   RO          927    i.tmos_memcpy       CH57xBLE.LIB(tmos.o)
    0x00015828   0x00015828   0x0000001e   Code   RO          928    i.tmos_memdup       CH57xBLE.LIB(tmos.o)
    0x00015846   0x00015846   0x00000002   PAD
    0x00015848   0x00015848   0x000000ac   Code   RO         1712    i.tmos_memory_allocate  CH57xBLE.LIB(memory.o)
    0x000158f4   0x000158f4   0x000000ac   Code   RO         1713    i.tmos_memory_free  CH57xBLE.LIB(memory.o)
    0x000159a0   0x000159a0   0x00000060   Code   RO         1715    i.tmos_memory_init  CH57xBLE.LIB(memory.o)
    0x00015a00   0x00015a00   0x00000010   Code   RO          929    i.tmos_memset       CH57xBLE.LIB(tmos.o)
    0x00015a10   0x00015a10   0x00000028   Code   RO          974    i.tmos_msg_allocate  CH57xBLE.LIB(message.o)
    0x00015a38   0x00015a38   0x00000020   Code   RO          975    i.tmos_msg_deallocate  CH57xBLE.LIB(message.o)
    0x00015a58   0x00015a58   0x00000024   Code   RO          976    i.tmos_msg_enqueue  CH57xBLE.LIB(message.o)
    0x00015a7c   0x00015a7c   0x0000000c   Code   RO          977    i.tmos_msg_init     CH57xBLE.LIB(message.o)
    0x00015a88   0x00015a88   0x00000070   Code   RO          980    i.tmos_msg_receive  CH57xBLE.LIB(message.o)
    0x00015af8   0x00015af8   0x00000058   Code   RO          981    i.tmos_msg_send     CH57xBLE.LIB(message.o)
    0x00015b50   0x00015b50   0x00000038   Code   RO          930    i.tmos_rand         CH57xBLE.LIB(tmos.o)
    0x00015b88   0x00015b88   0x00000012   Code   RO          931    i.tmos_revmemcpy    CH57xBLE.LIB(tmos.o)
    0x00015b9a   0x00015b9a   0x00000002   PAD
    0x00015b9c   0x00015b9c   0x00000024   Code   RO          932    i.tmos_set_event    CH57xBLE.LIB(tmos.o)
    0x00015bc0   0x00015bc0   0x00000044   Code   RO         1726    i.tmos_snv_clear    CH57xBLE.LIB(tmos_snv.o)
    0x00015c04   0x00015c04   0x00000004   Code   RO         1727    i.tmos_snv_compact  CH57xBLE.LIB(tmos_snv.o)
    0x00015c08   0x00015c08   0x00000034   Code   RO         1728    i.tmos_snv_init     CH57xBLE.LIB(tmos_snv.o)
    0x00015c3c   0x00015c3c   0x00000040   Code   RO         1729    i.tmos_snv_notify   CH57xBLE.LIB(tmos_snv.o)
    0x00015c7c   0x00015c7c   0x00000088   Code   RO         1730    i.tmos_snv_read     CH57xBLE.LIB(tmos_snv.o)
    0x00015d04   0x00015d04   0x000000ac   Code   RO         1731    i.tmos_snv_write    CH57xBLE.LIB(tmos_snv.o)
    0x00015db0   0x00015db0   0x0000006c   Code   RO          933    i.tmos_start_callback_task  CH57xBLE.LIB(tmos.o)
    0x00015e1c   0x00015e1c   0x00000022   Code   RO          934    i.tmos_start_reload_task  CH57xBLE.LIB(tmos.o)
    0x00015e3e   0x00015e3e   0x00000002   PAD
    0x00015e40   0x00015e40   0x00000074   Code   RO          935    i.tmos_start_task   CH57xBLE.LIB(tmos.o)
    0x00015eb4   0x00015eb4   0x00000048   Code   RO          936    i.tmos_stop_callback_task  CH57xBLE.LIB(tmos.o)
    0x00015efc   0x00015efc   0x00000026   Code   RO          937    i.tmos_stop_task    CH57xBLE.LIB(tmos.o)
    0x00015f22   0x00015f22   0x00000012   Code   RO          938    i.tmos_strlen       CH57xBLE.LIB(tmos.o)
    0x00015f34   0x00015f34   0x00000064   Code   RO          939    i.tmos_update_callback_timer  CH57xBLE.LIB(tmos.o)
    0x00015f98   0x00015f98   0x00000016   Code   RO         2814    i.xor_128           CH57xBLE.LIB(sm.o)
    0x00015fae   0x00015fae   0x00000015   Data   RO            4    .constdata          hidkbd.o
    0x00015fc3   0x00015fc3   0x000000f4   Data   RO          179    .constdata          usbhid.o
    0x000160b7   0x000160b7   0x00000001   PAD
    0x000160b8   0x000160b8   0x000000a8   Data   RO          237    .constdata          mykeyboard.o
    0x00016160   0x00016160   0x00000002   Data   RO          288    .constdata          battservice.o
    0x00016162   0x00016162   0x00000002   Data   RO          289    .constdata          battservice.o
    0x00016164   0x00016164   0x00000008   Data   RO          290    .constdata          battservice.o
    0x0001616c   0x0001616c   0x00000002   Data   RO          307    .constdata          devinfoservice.o
    0x0001616e   0x0001616e   0x00000002   Data   RO          308    .constdata          devinfoservice.o
    0x00016170   0x00016170   0x00000002   Data   RO          309    .constdata          devinfoservice.o
    0x00016172   0x00016172   0x00000002   Data   RO          310    .constdata          devinfoservice.o
    0x00016174   0x00016174   0x00000002   Data   RO          311    .constdata          devinfoservice.o
    0x00016176   0x00016176   0x00000002   Data   RO          312    .constdata          devinfoservice.o
    0x00016178   0x00016178   0x00000002   Data   RO          313    .constdata          devinfoservice.o
    0x0001617a   0x0001617a   0x00000002   Data   RO          314    .constdata          devinfoservice.o
    0x0001617c   0x0001617c   0x00000002   Data   RO          315    .constdata          devinfoservice.o
    0x0001617e   0x0001617e   0x00000002   Data   RO          316    .constdata          devinfoservice.o
    0x00016180   0x00016180   0x00000008   Data   RO          317    .constdata          devinfoservice.o
    0x00016188   0x00016188   0x00000071   Data   RO          318    .constdata          devinfoservice.o
    0x000161f9   0x000161f9   0x00000002   Data   RO          371    .constdata          hidkbdservice.o
    0x000161fb   0x000161fb   0x00000002   Data   RO          372    .constdata          hidkbdservice.o
    0x000161fd   0x000161fd   0x00000002   Data   RO          373    .constdata          hidkbdservice.o
    0x000161ff   0x000161ff   0x00000002   Data   RO          374    .constdata          hidkbdservice.o
    0x00016201   0x00016201   0x00000002   Data   RO          375    .constdata          hidkbdservice.o
    0x00016203   0x00016203   0x00000002   Data   RO          376    .constdata          hidkbdservice.o
    0x00016205   0x00016205   0x00000002   Data   RO          377    .constdata          hidkbdservice.o
    0x00016207   0x00016207   0x00000002   Data   RO          378    .constdata          hidkbdservice.o
    0x00016209   0x00016209   0x00000004   Data   RO          379    .constdata          hidkbdservice.o
    0x0001620d   0x0001620d   0x0000003f   Data   RO          380    .constdata          hidkbdservice.o
    0x0001624c   0x0001624c   0x00000008   Data   RO          381    .constdata          hidkbdservice.o
    0x00016254   0x00016254   0x00000002   Data   RO          417    .constdata          scanparamservice.o
    0x00016256   0x00016256   0x00000002   Data   RO          418    .constdata          scanparamservice.o
    0x00016258   0x00016258   0x00000002   Data   RO          419    .constdata          scanparamservice.o
    0x0001625a   0x0001625a   0x00000002   PAD
    0x0001625c   0x0001625c   0x00000008   Data   RO          420    .constdata          scanparamservice.o
    0x00016264   0x00016264   0x00000014   Data   RO         1054    .constdata          CH57xBLE.LIB(ip.o)
    0x00016278   0x00016278   0x00000008   Data   RO         1253    .constdata          CH57xBLE.LIB(gapgattserver.o)
    0x00016280   0x00016280   0x00000060   Data   RO         1445    .constdata          CH57xBLE.LIB(gattservapp.o)
    0x000162e0   0x000162e0   0x0000002a   Data   RO         1572    .constdata          CH57xBLE.LIB(gatt_uuid.o)
    0x0001630a   0x0001630a   0x00000002   Data   RO         1573    .constdata          CH57xBLE.LIB(gatt_uuid.o)
    0x0001630c   0x0001630c   0x00000010   Data   RO         1930    .constdata          CH57xBLE.LIB(ll_slave.o)
    0x0001631c   0x0001631c   0x00000010   Data   RO         2391    .constdata          CH57xBLE.LIB(att.o)
    0x0001632c   0x0001632c   0x00000029   Data   RO         2815    .constdata          CH57xBLE.LIB(sm.o)
    0x00016355   0x00016355   0x00000017   Data   RO         2961    .constdata          CH57xBLE.LIB(ll.o)
    0x0001636c   0x0001636c   0x00000132   Data   RO          238    .conststring        mykeyboard.o
    0x0001649e   0x0001649e   0x00000002   PAD
    0x000164a0   0x000164a0   0x00000030   Data   RO         3578    Region$$Table       anon$$obj.o


    Execution Region RW_IRAM1 (Exec base: 0x20004000, Load base: 0x000164d0, Size: 0x00003338, Max: 0x00004000, ABSOLUTE, COMPRESSED[0x0000035c])

    Exec Addr    Load Addr    Size         Type   Attr      Idx    E Section Name        Object

    0x20004000   0x000164d0   0x0000021c   Code   RO          567    .text               ch57x_int.o
    0x2000421c   0x000166ec   0x0000000c   Ven    RO         3591    Veneer$$Code        anon$$obj.o
    0x20004228   COMPRESSED   0x0000004c   Data   RW            5    .data               hidkbd.o
    0x20004274   COMPRESSED   0x0000000c   Data   RW          180    .data               usbhid.o
    0x20004280   COMPRESSED   0x00000002   Data   RW          212    .data               power.o
    0x20004282   COMPRESSED   0x00000002   PAD
    0x20004284   COMPRESSED   0x0000011c   Data   RW          239    .data               mykeyboard.o
    0x200043a0   COMPRESSED   0x00000003   Data   RW          264    .data               ws2812.o
    0x200043a3   COMPRESSED   0x00000001   PAD
    0x200043a4   COMPRESSED   0x00000074   Data   RW          291    .data               battservice.o
    0x20004418   COMPRESSED   0x00000001   Data   RW          292    .data               battservice.o
    0x20004419   COMPRESSED   0x00000001   Data   RW          319    .data               devinfoservice.o
    0x2000441a   COMPRESSED   0x00000002   PAD
    0x2000441c   COMPRESSED   0x0000014c   Data   RW          320    .data               devinfoservice.o
    0x20004568   COMPRESSED   0x00000001   Data   RW          321    .data               devinfoservice.o
    0x20004569   COMPRESSED   0x00000001   Data   RW          322    .data               devinfoservice.o
    0x2000456a   COMPRESSED   0x00000001   Data   RW          323    .data               devinfoservice.o
    0x2000456b   COMPRESSED   0x00000001   Data   RW          324    .data               devinfoservice.o
    0x2000456c   COMPRESSED   0x00000001   Data   RW          325    .data               devinfoservice.o
    0x2000456d   COMPRESSED   0x00000001   Data   RW          326    .data               devinfoservice.o
    0x2000456e   COMPRESSED   0x00000001   Data   RW          327    .data               devinfoservice.o
    0x2000456f   COMPRESSED   0x00000001   Data   RW          328    .data               devinfoservice.o
    0x20004570   COMPRESSED   0x0000002c   Data   RW          346    .data               hiddev.o
    0x2000459c   COMPRESSED   0x00000002   Data   RW          382    .data               hidkbdservice.o
    0x2000459e   COMPRESSED   0x00000002   Data   RW          383    .data               hidkbdservice.o
    0x200045a0   COMPRESSED   0x00000001   Data   RW          384    .data               hidkbdservice.o
    0x200045a1   COMPRESSED   0x00000001   Data   RW          385    .data               hidkbdservice.o
    0x200045a2   COMPRESSED   0x00000002   Data   RW          386    .data               hidkbdservice.o
    0x200045a4   COMPRESSED   0x00000001   Data   RW          387    .data               hidkbdservice.o
    0x200045a5   COMPRESSED   0x00000001   Data   RW          388    .data               hidkbdservice.o
    0x200045a6   COMPRESSED   0x00000001   Data   RW          389    .data               hidkbdservice.o
    0x200045a7   COMPRESSED   0x00000001   Data   RW          390    .data               hidkbdservice.o
    0x200045a8   COMPRESSED   0x000001b8   Data   RW          391    .data               hidkbdservice.o
    0x20004760   COMPRESSED   0x00000001   Data   RW          392    .data               hidkbdservice.o
    0x20004761   COMPRESSED   0x00000001   Data   RW          393    .data               hidkbdservice.o
    0x20004762   COMPRESSED   0x00000001   Data   RW          394    .data               hidkbdservice.o
    0x20004763   COMPRESSED   0x00000001   Data   RW          395    .data               hidkbdservice.o
    0x20004764   COMPRESSED   0x00000001   Data   RW          396    .data               hidkbdservice.o
    0x20004765   COMPRESSED   0x00000001   Data   RW          397    .data               hidkbdservice.o
    0x20004766   COMPRESSED   0x00000001   Data   RW          398    .data               hidkbdservice.o
    0x20004767   COMPRESSED   0x00000001   Data   RW          421    .data               scanparamservice.o
    0x20004768   COMPRESSED   0x00000001   Data   RW          422    .data               scanparamservice.o
    0x20004769   COMPRESSED   0x00000003   PAD
    0x2000476c   COMPRESSED   0x00000074   Data   RW          423    .data               scanparamservice.o
    0x200047e0   COMPRESSED   0x00000001   Data   RW          424    .data               scanparamservice.o
    0x200047e1   COMPRESSED   0x00000003   PAD
    0x200047e4   COMPRESSED   0x00000010   Data   RW          650    .data               ch57x_usbdev.o
    0x200047f4   COMPRESSED   0x00000001   Data   RW          819    .data               mcu.o
    0x200047f5   COMPRESSED   0x00000003   PAD
    0x200047f8   COMPRESSED   0x00000004   Data   RW          863    .data               rtc.o
    0x200047fc   COMPRESSED   0x00000018   Data   RW          941    .data               CH57xBLE.LIB(tmos.o)
    0x20004814   COMPRESSED   0x00000004   Data   RW          982    .data               CH57xBLE.LIB(message.o)
    0x20004818   COMPRESSED   0x00000004   Data   RW         1006    .data               CH57xBLE.LIB(tmos_hw.o)
    0x2000481c   COMPRESSED   0x00000004   Data   RW         1028    .data               CH57xBLE.LIB(lle.o)
    0x20004820   COMPRESSED   0x00000008   Data   RW         1055    .data               CH57xBLE.LIB(ip.o)
    0x20004828   COMPRESSED   0x0000002a   Data   RW         1136    .data               CH57xBLE.LIB(gap.o)
    0x20004852   COMPRESSED   0x00000002   PAD
    0x20004854   COMPRESSED   0x00000014   Data   RW         1217    .data               CH57xBLE.LIB(gap_peripheral.o)
    0x20004868   COMPRESSED   0x000000b0   Data   RW         1254    .data               CH57xBLE.LIB(gapgattserver.o)
    0x20004918   COMPRESSED   0x0000000c   Data   RW         1319    .data               CH57xBLE.LIB(gatt.o)
    0x20004924   COMPRESSED   0x00000070   Data   RW         1446    .data               CH57xBLE.LIB(gattservapp.o)
    0x20004994   COMPRESSED   0x00000008   Data   RW         1545    .data               CH57xBLE.LIB(linkdb.o)
    0x2000499c   COMPRESSED   0x00000050   Data   RW         1620    .data               CH57xBLE.LIB(gapbondmgr.o)
    0x200049ec   COMPRESSED   0x00000004   Data   RW         1673    .data               CH57xBLE.LIB(peripheral.o)
    0x200049f0   COMPRESSED   0x00000043   Data   RW         1696    .data               CH57xBLE.LIB(role.o)
    0x20004a33   COMPRESSED   0x00000001   PAD
    0x20004a34   COMPRESSED   0x0000000c   Data   RW         1716    .data               CH57xBLE.LIB(memory.o)
    0x20004a40   COMPRESSED   0x00000004   Data   RW         1749    .data               CH57xBLE.LIB(aes.o)
    0x20004a44   COMPRESSED   0x00000004   Data   RW         1763    .data               CH57xBLE.LIB(bb.o)
    0x20004a48   COMPRESSED   0x00000004   Data   RW         1771    .data               CH57xBLE.LIB(dma.o)
    0x20004a4c   COMPRESSED   0x00000004   Data   RW         1786    .data               CH57xBLE.LIB(rfend.o)
    0x20004a50   COMPRESSED   0x00000004   Data   RW         1884    .data               CH57xBLE.LIB(ll_connect.o)
    0x20004a54   COMPRESSED   0x00000010   Data   RW         2253    .data               CH57xBLE.LIB(host_input.o)
    0x20004a64   COMPRESSED   0x00000008   Data   RW         2392    .data               CH57xBLE.LIB(att.o)
    0x20004a6c   COMPRESSED   0x00000014   Data   RW         2572    .data               CH57xBLE.LIB(gap_central.o)
    0x20004a80   COMPRESSED   0x00000018   Data   RW         2665    .data               CH57xBLE.LIB(l2cap.o)
    0x20004a98   COMPRESSED   0x00000024   Data   RW         2816    .data               CH57xBLE.LIB(sm.o)
    0x20004abc   COMPRESSED   0x00000004   Data   RW         2909    .data               CH57xBLE.LIB(broadcaster.o)
    0x20004ac0   COMPRESSED   0x00000004   Data   RW         2962    .data               CH57xBLE.LIB(ll.o)
    0x20004ac4   COMPRESSED   0x00000004   Data   RW         3556    .data               mc_p.l(stdout.o)
    0x20004ac8        -       0x00002000   Zero   RW          127    .bss                hidkbd_main.o
    0x20006ac8        -       0x00000240   Zero   RW          178    .bss                usbhid.o
    0x20006d08        -       0x0000004f   Zero   RW          235    .bss                mykeyboard.o
    0x20006d57   COMPRESSED   0x00000001   PAD
    0x20006d58        -       0x00000200   Zero   RW          263    .bss                ws2812.o
    0x20006f58        -       0x00000010   Zero   RW          287    .bss                battservice.o
    0x20006f68        -       0x00000084   Zero   RW          345    .bss                hiddev.o
    0x20006fec        -       0x00000058   Zero   RW          370    .bss                hidkbdservice.o
    0x20007044        -       0x00000010   Zero   RW          416    .bss                scanparamservice.o
    0x20007054        -       0x00000070   Zero   RW          940    .bss                CH57xBLE.LIB(tmos.o)
    0x200070c4        -       0x00000018   Zero   RW         1053    .bss                CH57xBLE.LIB(ip.o)
    0x200070dc        -       0x00000054   Zero   RW         1135    .bss                CH57xBLE.LIB(gap.o)
    0x20007130        -       0x0000000c   Zero   RW         1216    .bss                CH57xBLE.LIB(gap_peripheral.o)
    0x2000713c        -       0x00000016   Zero   RW         1252    .bss                CH57xBLE.LIB(gapgattserver.o)
    0x20007152   COMPRESSED   0x00000002   PAD
    0x20007154        -       0x00000036   Zero   RW         1444    .bss                CH57xBLE.LIB(gattservapp.o)
    0x2000718a   COMPRESSED   0x00000002   PAD
    0x2000718c        -       0x00000030   Zero   RW         1544    .bss                CH57xBLE.LIB(linkdb.o)
    0x200071bc        -       0x00000020   Zero   RW         1619    .bss                CH57xBLE.LIB(gapbondmgr.o)
    0x200071dc        -       0x00000020   Zero   RW         1672    .bss                CH57xBLE.LIB(peripheral.o)
    0x200071fc        -       0x0000003f   Zero   RW         1695    .bss                CH57xBLE.LIB(role.o)
    0x2000723b   COMPRESSED   0x00000001   PAD
    0x2000723c        -       0x0000000c   Zero   RW         2571    .bss                CH57xBLE.LIB(gap_central.o)
    0x20007248        -       0x00000010   Zero   RW         2663    .bss                CH57xBLE.LIB(l2cap.o)
    0x20007258        -       0x00000030   Zero   RW         2664    .bss                CH57xBLE.LIB(l2cap.o)
    0x20007288        -       0x000000b0   Zero   RW         2960    .bss                CH57xBLE.LIB(ll.o)


==============================================================================

Image component sizes


      Code (inc. data)   RO Data    RW Data    ZI Data      Debug   Object Name

       604         28         12        117         16       5255   battservice.o
       380         34          0          0          0       2830   ch57x_adc.o
      1748         62          0          0          0      48832   ch57x_clk.o
       336         22          0          0          0       1791   ch57x_gpio.o
       540         18          0          0          0       1823   ch57x_int.o
       408         12          0          0          0       2010   ch57x_pwr.o
       600          6          0          0          0       3976   ch57x_spi0.o
       260         16          0          0          0       2639   ch57x_sys.o
       172          4          0          0          0       2157   ch57x_uart1.o
       156         12          0         16          0       1523   ch57x_usbdev.o
       464         34        141        341          0       4145   devinfoservice.o
      2020        134          0         44        132      12487   hiddev.o
       718        206         21         76          0     100451   hidkbd.o
       304        148          0          0       8192       2166   hidkbd_main.o
       324         24         91        459         88       9363   hidkbdservice.o
       472        122          0          1          0      40086   mcu.o
      1988        152        474        284         79       5105   mykeyboard.o
       552        126          0          2          0       1734   power.o
       116         12          0          4          0       1047   rtc.o
       304         22         14        119         16       4238   scanparamservice.o
        28         10        144          0          0        596   startup_armcm0.o
      1092        142        244         12        576      10408   usbhid.o
       804         28          0          3        512       3906   ws2812.o

    ----------------------------------------------------------------------
     14438       1390       1194       1492       9612     268568   Object Totals
        48         16         48          0          0          0   (incl. Generated)
         0          0          5         14          1          0   (incl. Padding)

    ----------------------------------------------------------------------

      Code (inc. data)   RO Data    RW Data    ZI Data      Debug   Library Member Name

       838         30          0          4          0        360   aes.o
       840        134          0          0          0       1868   api_c.o
       566         42         16          8          0        776   att.o
      1054         58          0          0          0       2160   att_server.o
        28         14          0          4          0         60   bb.o
         0          0          0          4          0          0   broadcaster.o
      3392        156          0          0          0       2156   ctl_input.o
       200          0          0          0          0       1260   ctl_output.o
        48         10          0          4          0         60   dma.o
      4374        288          0         42         84       3888   gap.o
      1808        108          0         20         12        868   gap_central.o
      1764        222          0         20         12       1036   gap_peripheral.o
      5370        306          0         80         32       2860   gapbondmgr.o
      1254         92          8        176         22        520   gapgattserver.o
      1056         78          0         12          0       1072   gatt.o
         0          0         44          0          0          0   gatt_uuid.o
      6896        334         96        112         54       4540   gattservapp.o
      1346        106          0         16          0       1292   host_input.o
       308          6          0          0          0       1868   host_output.o
      2236        268         20          8         24        980   ip.o
      1486        124          0         24         64       1732   l2cap.o
      1378         26          0          0          0        820   l2cap_input.o
      1992         98          0          0          0       1296   l2cap_output.o
       476         36          0          0          0        724   l2cap_sdu.o
      1074        116          0          8         48       1420   linkdb.o
       508         44         23          4        176        216   ll.o
       416         14          0          0          0        156   ll_address.o
      2130        162          0          0          0        648   ll_advertise.o
      3900        206          0          4          0       2092   ll_connect.o
       520         50          0          0          0        492   ll_core.o
       190          0          0          0          0        136   ll_hop.o
        68         10          0          0          0         72   ll_initiate.o
      1456         22          0          0          0       1436   ll_pdu.o
      1266         18          0          0          0        156   ll_report.o
       730         46          0          0          0        728   ll_resolvinglist.o
        76         12          0          0          0         72   ll_scan.o
      5074        166         16          0          0        520   ll_slave.o
       212         18          0          0          0        280   ll_whitelist.o
       432         40          0          4          0        136   lle.o
       492         58          0         12          0        308   memory.o
       320         18          0          4          0        400   message.o
      1290        230          0          4         32        444   peripheral.o
      3522         30          0          4          0        360   rfend.o
       792         96          0         67         63        360   role.o
      7752        270         41         36          0       5620   sm.o
      1950        126          0         24        112       1700   tmos.o
       754        106          0          4          0        912   tmos_hw.o
       496         40          0          0          0        428   tmos_snv.o
        86          0          0          0          0          0   __dczerorl2.o
         0          0          0          0          0          0   entry.o
         0          0          0          0          0          0   entry10a.o
         0          0          0          0          0          0   entry11a.o
         8          4          0          0          0          0   entry2.o
         4          0          0          0          0          0   entry5.o
         0          0          0          0          0          0   entry7b.o
         0          0          0          0          0          0   entry8b.o
         8          4          0          0          0          0   entry9a.o
        30          0          0          0          0          0   handlers.o
        40          0          0          0          0         72   idiv.o
        36          8          0          0          0         68   init.o
       122          0          0          0          0         84   llmul.o
        32          0          0          0          0         68   llshl.o
        34          0          0          0          0         68   llushr.o
        36          0          0          0          0         60   memcpya.o
      1172         52          0          0          0        324   printf8.o
         0          0          0          4          0          0   stdout.o
        28          0          0          0          0         68   strcmp.o
        44          0          0          0          0         72   uidiv.o
        96          0          0          0          0         84   uldiv.o

    ----------------------------------------------------------------------
     76000       4502        264        716        740      52256   Library Totals
        94          0          0          3          5          0   (incl. Padding)

    ----------------------------------------------------------------------

      Code (inc. data)   RO Data    RW Data    ZI Data      Debug   Library Name

     74130       4434        264        709        735      51288   CH57xBLE.LIB
      1776         68          0          4          0        968   mc_p.l

    ----------------------------------------------------------------------
     76000       4502        264        716        740      52256   Library Totals

    ----------------------------------------------------------------------

==============================================================================


      Code (inc. data)   RO Data    RW Data    ZI Data      Debug   

     90438       5892       1458       2208      10352     286552   Grand Totals
     90438       5892       1458        860      10352     286552   ELF Image Totals (compressed)
     90438       5892       1458        860          0          0   ROM Totals

==============================================================================

    Total RO  Size (Code + RO Data)                91896 (  89.74kB)
    Total RW  Size (RW Data + ZI Data)             12560 (  12.27kB)
    Total ROM Size (Code + RO Data + RW Data)      92756 (  90.58kB)

==============================================================================

