Component: ARM Compiler 5.06 update 7 (build 960) Tool: armlink [4d3601]

==============================================================================

Section Cross References

    hidkbd.o(.text) refers to message.o(i.tmos_msg_receive) for tmos_msg_receive
    hidkbd.o(.text) refers to message.o(i.tmos_msg_deallocate) for tmos_msg_deallocate
    hidkbd.o(.text) refers to peripheral.o(i.GAPRole_PeripheralConnParamUpdateReq) for GAPRole_PeripheralConnParamUpdateReq
    hidkbd.o(.text) refers to hiddev.o(.text) for HidDev_Report
    hidkbd.o(.text) refers to tmos.o(i.tmos_start_task) for tmos_start_task
    hidkbd.o(.text) refers to tmos.o(i.TMOS_ProcessEventRegister) for TMOS_ProcessEventRegister
    hidkbd.o(.text) refers to role.o(i.GAPRole_SetParameter) for GAPRole_SetParameter
    hidkbd.o(.text) refers to gapgattserver.o(i.GGS_SetParameter) for GGS_SetParameter
    hidkbd.o(.text) refers to gapbondmgr.o(i.GAPBondMgr_SetParameter) for GAPBondMgr_SetParameter
    hidkbd.o(.text) refers to battservice.o(.text) for Batt_SetParameter
    hidkbd.o(.text) refers to hidkbdservice.o(.text) for Hid_AddService
    hidkbd.o(.text) refers to tmos.o(i.tmos_set_event) for tmos_set_event
    hidkbd.o(.text) refers to hidkbd.o(i.__ARM_common_switch8) for __ARM_common_switch8
    hidkbd.o(.text) refers to role.o(i.GAPRole_GetParameter) for GAPRole_GetParameter
    hidkbd.o(.text) refers to gap_peripheral.o(i.GAP_ConfigDeviceAddr) for GAP_ConfigDeviceAddr
    hidkbd.o(.text) refers to printf8.o(i.__0printf$8) for __2printf
    hidkbd.o(.text) refers to hidkbd.o(.data) for .data
    hidkbd.o(.text) refers to mykeyboard.o(.data) for keyboard_mode_flag
    hidkbd.o(.text) refers to hidkbd.o(.constdata) for .constdata
    hidkbd.o(.data) refers to hidkbd.o(.text) for hidEmuRptCB
    hidkbd_main.o(.text) refers to mcu.o(.text) for CH57X_BLEInit
    hidkbd_main.o(.text) refers to printf8.o(i.__0printf$8) for __2printf
    hidkbd_main.o(.text) refers to role.o(i.GAPRole_PeripheralInit) for GAPRole_PeripheralInit
    hidkbd_main.o(.text) refers to ws2812.o(.text) for WS2812_Init
    hidkbd_main.o(.text) refers to hiddev.o(.text) for HidDev_Init
    hidkbd_main.o(.text) refers to hidkbd.o(.text) for HidEmu_Init
    hidkbd_main.o(.text) refers to usbhid.o(.text) for UsbHid_Init
    hidkbd_main.o(.text) refers to mykeyboard.o(.text) for Keyboard_Init
    hidkbd_main.o(.text) refers to ch57x_sys.o(.text) for mDelaymS
    hidkbd_main.o(.text) refers to ch57x_clk.o(.text) for SetSysClock
    hidkbd_main.o(.text) refers to ch57x_pwr.o(.text) for PWR_UnitModCfg
    hidkbd_main.o(.text) refers to ch57x_gpio.o(.text) for GPIOA_ModeCfg
    hidkbd_main.o(.text) refers to ch57x_uart1.o(.text) for UART1_DefInit
    hidkbd_main.o(.text) refers to tmos.o(i.TMOS_SystemProcess) for TMOS_SystemProcess
    hidkbd_main.o(.text) refers to ip.o(.constdata) for VER_LIB
    usbhid.o(.text) refers to ch57x_usbdev.o(.text) for DevEP3_IN_Deal
    usbhid.o(.text) refers to hidkbd.o(i.__ARM_common_switch8) for __ARM_common_switch8
    usbhid.o(.text) refers to memcpya.o(.text) for __aeabi_memcpy
    usbhid.o(.text) refers to printf8.o(i.__0printf$8) for __2printf
    usbhid.o(.text) refers to message.o(i.tmos_msg_receive) for tmos_msg_receive
    usbhid.o(.text) refers to message.o(i.tmos_msg_deallocate) for tmos_msg_deallocate
    usbhid.o(.text) refers to tmos.o(i.tmos_start_task) for tmos_start_task
    usbhid.o(.text) refers to tmos.o(i.TMOS_ProcessEventRegister) for TMOS_ProcessEventRegister
    usbhid.o(.text) refers to tmos.o(i.tmos_set_event) for tmos_set_event
    usbhid.o(.text) refers to ch57x_usbdev.o(.data) for pEP3_RAM_Addr
    usbhid.o(.text) refers to hidkbd.o(.data) for buf
    usbhid.o(.text) refers to usbhid.o(.data) for .data
    usbhid.o(.text) refers to usbhid.o(.constdata) for .constdata
    usbhid.o(.text) refers to mykeyboard.o(.data) for keyboard_mode_flag
    usbhid.o(.text) refers to usbhid.o(.bss) for .bss
    power.o(.text) refers to hidkbd.o(i.__ARM_common_switch8) for __ARM_common_switch8
    power.o(.text) refers to printf8.o(i.__0printf$8) for __2printf
    power.o(.text) refers to ch57x_sys.o(.text) for mDelaymS
    power.o(.text) refers to ch57x_pwr.o(.text) for LowPower_Idle
    power.o(.text) refers to ch57x_int.o(.text) for LowPower_Halt_1
    power.o(.text) refers to ch57x_clk.o(.text) for HSECFG_Current
    power.o(.text) refers to message.o(i.tmos_msg_receive) for tmos_msg_receive
    power.o(.text) refers to message.o(i.tmos_msg_deallocate) for tmos_msg_deallocate
    power.o(.text) refers to tmos.o(i.tmos_start_task) for tmos_start_task
    power.o(.text) refers to tmos.o(i.TMOS_ProcessEventRegister) for TMOS_ProcessEventRegister
    power.o(.text) refers to ch57x_gpio.o(.text) for GPIOB_ModeCfg
    power.o(.text) refers to power.o(.data) for .data
    mykeyboard.o(.text) refers to ch57x_gpio.o(.text) for GPIOB_ModeCfg
[...]
    0x00006e40   0x00006e40   0x00000052   Code   RO         1437    i.GATT_VerifyPrepareWritePermissions  CH57xBLE.LIB(gattservapp.o)
    0x00006e92   0x00006e92   0x00000056   Code   RO         1438    i.GATT_VerifyReadPermissions  CH57xBLE.LIB(gattservapp.o)
    0x00006ee8   0x00006ee8   0x00000064   Code   RO         1439    i.GATT_VerifyWritePermissions  CH57xBLE.LIB(gattservapp.o)
    0x00006f4c   0x00006f4c   0x0000008c   Code   RO         1334    i.GATT_bm_alloc     CH57xBLE.LIB(gatt.o)
    0x00006fd8   0x00006fd8   0x00000010   Code   RO         1335    i.GATT_bm_free      CH57xBLE.LIB(gatt.o)
    0x00006fe8   0x00006fe8   0x0000002c   Code   RO         1274    i.GGS_AddService    CH57xBLE.LIB(gapgattserver.o)
    0x00007014   0x00007014   0x00000128   Code   RO         1278    i.GGS_ParamInit     CH57xBLE.LIB(gapgattserver.o)
    0x0000713c   0x0000713c   0x00000094   Code   RO         1281    i.GGS_SetParameter  CH57xBLE.LIB(gapgattserver.o)
    0x000071d0   0x000071d0   0x0000004c   Code   RO         1044    i.GetTxPower        CH57xBLE.LIB(ip.o)
    0x0000721c   0x0000721c   0x00000002   Code   RO         3156    i.HCI_AuthenticatedPayloadTimeoutExpiredCback  CH57xBLE.LIB(ctl_output.o)
    0x0000721e   0x0000721e   0x00000008   Code   RO         3157    i.HCI_CommandCompleteCback  CH57xBLE.LIB(ctl_output.o)
    0x00007226   0x00007226   0x00000008   Code   RO         3158    i.HCI_CommandStatusCback  CH57xBLE.LIB(ctl_output.o)
    0x0000722e   0x0000722e   0x00000008   Code   RO         3159    i.HCI_DataBufferOverflowCback  CH57xBLE.LIB(ctl_output.o)
    0x00007236   0x00007236   0x00000008   Code   RO         2306    i.HCI_DisconnectCmd  CH57xBLE.LIB(host_output.o)
    0x0000723e   0x0000723e   0x00000008   Code   RO         3160    i.HCI_DisconnectionCompleteCback  CH57xBLE.LIB(ctl_output.o)
    0x00007246   0x00007246   0x00000008   Code   RO         3161    i.HCI_EncryptionChangeCback  CH57xBLE.LIB(ctl_output.o)
    0x0000724e   0x0000724e   0x00000008   Code   RO         3162    i.HCI_EncryptionKeyRefreshCompleteCback  CH57xBLE.LIB(ctl_output.o)
    0x00007256   0x00007256   0x0000000a   Code   RO         2308    i.HCI_HostNumCompletedPktCmd  CH57xBLE.LIB(host_output.o)
    0x00007260   0x00007260   0x00000008   Code   RO         2309    i.HCI_LE_AddDeviceToResolvingList  CH57xBLE.LIB(host_output.o)
    0x00007268   0x00007268   0x00000008   Code   RO         2310    i.HCI_LE_AddWhiteListCmd  CH57xBLE.LIB(host_output.o)
    0x00007270   0x00007270   0x00000008   Code   RO         2311    i.HCI_LE_ClearResolvingList  CH57xBLE.LIB(host_output.o)
    0x00007278   0x00007278   0x00000008   Code   RO         2312    i.HCI_LE_ClearWhiteListCmd  CH57xBLE.LIB(host_output.o)
    0x00007280   0x00007280   0x00000010   Code   RO         2313    i.HCI_LE_ConnUpdateCmd  CH57xBLE.LIB(host_output.o)
    0x00007290   0x00007290   0x0000001a   Code   RO         3165    i.HCI_LE_ConnectionCompleteCback  CH57xBLE.LIB(ctl_output.o)
    0x000072aa   0x000072aa   0x0000000c   Code   RO         3166    i.HCI_LE_ConnectionUpdateCompleteCback  CH57xBLE.LIB(ctl_output.o)
    0x000072b6   0x000072b6   0x00000008   Code   RO         2314    i.HCI_LE_CreateConnCancelCmd  CH57xBLE.LIB(host_output.o)
    0x000072be   0x000072be   0x0000000c   Code   RO         3167    i.HCI_LE_DataLengthChangeCback  CH57xBLE.LIB(ctl_output.o)
    0x000072ca   0x000072ca   0x00000020   Code   RO         3169    i.HCI_LE_EnhancedConnectionCompleteCback  CH57xBLE.LIB(ctl_output.o)
    0x000072ea   0x000072ea   0x00000008   Code   RO         3171    i.HCI_LE_LongTermKeyRequestCback  CH57xBLE.LIB(ctl_output.o)
    0x000072f2   0x000072f2   0x00000008   Code   RO         2316    i.HCI_LE_LtkReqNegReplyCmd  CH57xBLE.LIB(host_output.o)
    0x000072fa   0x000072fa   0x00000008   Code   RO         2317    i.HCI_LE_LtkReqReplyCmd  CH57xBLE.LIB(host_output.o)
    0x00007302   0x00007302   0x00000008   Code   RO         2318    i.HCI_LE_RandCmd    CH57xBLE.LIB(host_output.o)
    0x0000730a   0x0000730a   0x00000008   Code   RO         2319    i.HCI_LE_ReadBufSizeCmd  CH57xBLE.LIB(host_output.o)
    0x00007312   0x00007312   0x00000008   Code   RO         3173    i.HCI_LE_ReadRemoteUsedFeaturesCompleteCback  CH57xBLE.LIB(ctl_output.o)
    0x0000731a   0x0000731a   0x00000008   Code   RO         2324    i.HCI_LE_RemoteConnParamReqNegReplyCmd  CH57xBLE.LIB(host_output.o)
    0x00007322   0x00007322   0x00000010   Code   RO         2325    i.HCI_LE_RemoteConnParamReqReplyCmd  CH57xBLE.LIB(host_output.o)
    0x00007332   0x00007332   0x0000000c   Code   RO         3174    i.HCI_LE_RemoteConnectionParameterRequestCback  CH57xBLE.LIB(ctl_output.o)
    0x0000733e   0x0000733e   0x00000008   Code   RO         2327    i.HCI_LE_SetAddressResolvableEnableCmd  CH57xBLE.LIB(host_output.o)
    0x00007346   0x00007346   0x00000008   Code   RO         2328    i.HCI_LE_SetAdvDataCmd  CH57xBLE.LIB(host_output.o)
    0x0000734e   0x0000734e   0x00000008   Code   RO         2329    i.HCI_LE_SetAdvEnableCmd  CH57xBLE.LIB(host_output.o)
    0x00007356   0x00007356   0x00000016   Code   RO         2330    i.HCI_LE_SetAdvParamCmd  CH57xBLE.LIB(host_output.o)
    0x0000736c   0x0000736c   0x00000008   Code   RO         2333    i.HCI_LE_SetRandomAddressCmd  CH57xBLE.LIB(host_output.o)
    0x00007374   0x00007374   0x00000008   Code   RO         2334    i.HCI_LE_SetResolvableAddressTimeoutCmd  CH57xBLE.LIB(host_output.o)
    0x0000737c   0x0000737c   0x00000008   Code   RO         2335    i.HCI_LE_SetScanEnableCmd  CH57xBLE.LIB(host_output.o)
    0x00007384   0x00007384   0x00000008   Code   RO         2337    i.HCI_LE_SetScanRspDataCmd  CH57xBLE.LIB(host_output.o)
    0x0000738c   0x0000738c   0x00000010   Code   RO         2338    i.HCI_LE_StartEncyptCmd  CH57xBLE.LIB(host_output.o)
    0x0000739c   0x0000739c   0x00000008   Code   RO         2339    i.HCI_MB_DisconnectCmd  CH57xBLE.LIB(host_output.o)
    0x000073a4   0x000073a4   0x00000008   Code   RO         3175    i.HCI_NumberOfCompletedPacketsCback  CH57xBLE.LIB(ctl_output.o)
    0x000073ac   0x000073ac   0x00000008   Code   RO         2340    i.HCI_ReadBDADDRCmd  CH57xBLE.LIB(host_output.o)
    0x000073b4   0x000073b4   0x0000000c   Code   RO         3176    i.HCI_ReadRemoteVersionInfoCback  CH57xBLE.LIB(ctl_output.o)
    0x000073c0   0x000073c0   0x0000000c   Code   RO         3177    i.HCI_RemoteConnectionParameterRequestCback  CH57xBLE.LIB(ctl_output.o)
    0x000073cc   0x000073cc   0x00000008   Code   RO         3178    i.HCI_RxDataCompleteCback  CH57xBLE.LIB(ctl_output.o)
    0x000073d4   0x000073d4   0x00000008   Code   RO         2347    i.HCI_SendDataPkt   CH57xBLE.LIB(host_output.o)
    0x000073dc   0x000073dc   0x0000003c   Code   RO         2351    i.HCI_ValidConnTimeParams  CH57xBLE.LIB(host_output.o)
    0x00007418   0x00007418   0x00000040   Code   RO         2257    i.HOST_CommandCompleteEvent  CH57xBLE.LIB(host_input.o)
    0x00007458   0x00007458   0x00000030   Code   RO         2258    i.HOST_CommandStatusEvent  CH57xBLE.LIB(host_input.o)
    0x00007488   0x00007488   0x00000028   Code   RO         2259    i.HOST_DataBufferOverflowEvent  CH57xBLE.LIB(host_input.o)
    0x000074b0   0x000074b0   0x00000030   Code   RO         2260    i.HOST_DisconnectionCompleteEvent  CH57xBLE.LIB(host_input.o)
    0x000074e0   0x000074e0   0x00000034   Code   RO         2261    i.HOST_EncryptionChangeEvent  CH57xBLE.LIB(host_input.o)
    0x00007514   0x00007514   0x0000002c   Code   RO         2262    i.HOST_EncryptionKeyRefreshCompleteEvent  CH57xBLE.LIB(host_input.o)
    0x00007540   0x00007540   0x00000080   Code   RO         2265    i.HOST_LE_ConnectionCompleteEvent  CH57xBLE.LIB(host_input.o)
    0x000075c0   0x000075c0   0x0000003c   Code   RO         2266    i.HOST_LE_ConnectionUpdateCompleteEvent  CH57xBLE.LIB(host_input.o)
    0x000075fc   0x000075fc   0x0000003c   Code   RO         2267    i.HOST_LE_DataLengthChangeEvent  CH57xBLE.LIB(host_input.o)
    0x00007638   0x00007638   0x000000b4   Code   RO         2269    i.HOST_LE_EnhancedConnectionCompleteEvent  CH57xBLE.LIB(host_input.o)
    0x000076ec   0x000076ec   0x0000003c   Code   RO         2271    i.HOST_LE_LongTermKeyRequestEvent  CH57xBLE.LIB(host_input.o)
    0x00007728   0x00007728   0x0000003c   Code   RO         2273    i.HOST_LE_ReadRemoteUsedFeaturesCompleteEvent  CH57xBLE.LIB(host_input.o)
    0x00007764   0x00007764   0x0000003c   Code   RO         2274    i.HOST_LE_RemoteConnectionParameterRequestEvent  CH57xBLE.LIB(host_input.o)
    0x000077a0   0x000077a0   0x00000030   Code   RO         2275    i.HOST_NumberOfCompletedPacketsEvent  CH57xBLE.LIB(host_input.o)
    0x000077d0   0x000077d0   0x00000038   Code   RO         2276    i.HOST_ReadRemoteVersionInfoEvent  CH57xBLE.LIB(host_input.o)
    0x00007808   0x00007808   0x00000124   Code   RO         2277    i.HOST_RecvDataPackets  CH57xBLE.LIB(host_input.o)
    0x0000792c   0x0000792c   0x0000002e   Code   RO         2278    i.HOST_RemoteConnectionParameterRequestEvent  CH57xBLE.LIB(host_input.o)
    0x0000795a   0x0000795a   0x00000002   PAD
    0x0000795c   0x0000795c   0x00000018   Code   RO         2730    i.L2CAP_CmdReject   CH57xBLE.LIB(l2cap_sdu.o)
    0x00007974   0x00007974   0x0000001c   Code   RO         2731    i.L2CAP_ConnParamUpdateReq  CH57xBLE.LIB(l2cap_sdu.o)
    0x00007990   0x00007990   0x00000018   Code   RO         2732    i.L2CAP_ConnParamUpdateRsp  CH57xBLE.LIB(l2cap_sdu.o)
    0x000079a8   0x000079a8   0x00000028   Code   RO         2734    i.L2CAP_DisconnectReq  CH57xBLE.LIB(l2cap_sdu.o)
    0x000079d0   0x000079d0   0x0000000c   Code   RO         2657    i.L2CAP_GetMTU      CH57xBLE.LIB(l2cap.o)
    0x000079dc   0x000079dc   0x00000018   Code   RO         2658    i.L2CAP_HostNumCompletedPkts  CH57xBLE.LIB(l2cap.o)
    0x000079f4   0x000079f4   0x000000b0   Code   RO         2659    i.L2CAP_Init        CH57xBLE.LIB(l2cap.o)
    0x00007aa4   0x00007aa4   0x0000003e   Code   RO         2660    i.L2CAP_ParseConnectReq  CH57xBLE.LIB(l2cap.o)
    0x00007ae2   0x00007ae2   0x00000020   Code   RO         2661    i.L2CAP_ParseFlowCtrlCredit  CH57xBLE.LIB(l2cap.o)
    0x00007b02   0x00007b02   0x00000034   Code   RO         3212    i.L2CAP_ParseParamUpdateReq  CH57xBLE.LIB(l2cap_input.o)
    0x00007b36   0x00007b36   0x00000002   PAD
    0x00007b38   0x00007b38   0x00000090   Code   RO         2663    i.L2CAP_ProcessEvent  CH57xBLE.LIB(l2cap.o)
    0x00007bc8   0x00007bc8   0x0000002c   Code   RO         2666    i.L2CAP_RegisterApp  CH57xBLE.LIB(l2cap.o)
    0x00007bf4   0x00007bf4   0x0000007c   Code   RO         3240    i.L2CAP_SendData    CH57xBLE.LIB(l2cap_output.o)
    0x00007c70   0x00007c70   0x00000010   Code   RO         2668    i.L2CAP_SetBufSize  CH57xBLE.LIB(l2cap.o)
    0x00007c80   0x00007c80   0x00000020   Code   RO         2671    i.L2CAP_bm_alloc    CH57xBLE.LIB(l2cap.o)
    0x00007ca0   0x00007ca0   0x0000003c   Code   RO         1030    i.LLE_DevInit       CH57xBLE.LIB(lle.o)
    0x00007cdc   0x00007cdc   0x00000094   Code   RO         1988    i.LL_AddDeviceToResolvingList  CH57xBLE.LIB(ctl_input.o)
    0x00007d70   0x00007d70   0x00000078   Code   RO         1989    i.LL_AddWhiteListDevice  CH57xBLE.LIB(ctl_input.o)
    0x00007de8   0x00007de8   0x00000084   Code   RO         3281    i.LL_AddrGenerateResolvableAddress  CH57xBLE.LIB(ll_address.o)
    0x00007e6c   0x00007e6c   0x0000011c   Code   RO         3282    i.LL_AddrInit       CH57xBLE.LIB(ll_address.o)
    0x00007f88   0x00007f88   0x00000012   Code   RO         1831    i.LL_AdvertiseDirectTimeout  CH57xBLE.LIB(ll_advertise.o)
    0x00007f9a   0x00007f9a   0x00000002   PAD
    0x00007f9c   0x00007f9c   0x0000002c   Code   RO         1832    i.LL_AdvertiseEnalbe  CH57xBLE.LIB(ll_advertise.o)
    0x00007fc8   0x00007fc8   0x00000038   Code   RO         1834    i.LL_AdvertiseToStandby  CH57xBLE.LIB(ll_advertise.o)
    0x00008000   0x00008000   0x0000000a   Code   RO         1990    i.LL_ClearResolvingList  CH57xBLE.LIB(ctl_input.o)
    0x0000800a   0x0000800a   0x00000002   PAD
    0x0000800c   0x0000800c   0x0000004c   Code   RO         1991    i.LL_ClearWhiteList  CH57xBLE.LIB(ctl_input.o)
    0x00008058   0x00008058   0x00000100   Code   RO         1992    i.LL_ConnUpdate     CH57xBLE.LIB(ctl_input.o)
    0x00008158   0x00008158   0x00000022   Code   RO         1878    i.LL_ConnectFlowcontrolRx  CH57xBLE.LIB(ll_connect.o)
    0x0000817a   0x0000817a   0x00000022   Code   RO         1879    i.LL_ConnectFlowcontrolTx  CH57xBLE.LIB(ll_connect.o)
    0x0000819c   0x0000819c   0x00000084   Code   RO         1880    i.LL_ConnectFreeTmosPrioritID  CH57xBLE.LIB(ll_connect.o)
    0x00008220   0x00008220   0x0000002e   Code   RO         1881    i.LL_ConnectRxPktnumIncrease  CH57xBLE.LIB(ll_connect.o)
    0x0000824e   0x0000824e   0x00000002   PAD
    0x00008250   0x00008250   0x00000094   Code   RO         1882    i.LL_ConnectShut    CH57xBLE.LIB(ll_connect.o)
    0x000082e4   0x000082e4   0x0000007c   Code   RO         1883    i.LL_ConnectToStandby  CH57xBLE.LIB(ll_connect.o)
    0x00008360   0x00008360   0x0000003c   Code   RO         1884    i.LL_ConnectTxPktnumIncrease  CH57xBLE.LIB(ll_connect.o)
    0x0000839c   0x0000839c   0x0000006c   Code   RO         3035    i.LL_ConnectionParamReq  CH57xBLE.LIB(ll_pdu.o)
    0x00008408   0x00008408   0x00000060   Code   RO         3036    i.LL_ConnectionParamRsp  CH57xBLE.LIB(ll_pdu.o)
    0x00008468   0x00008468   0x00000060   Code   RO         2996    i.LL_CoreClose      CH57xBLE.LIB(ll_core.o)
    0x000084c8   0x000084c8   0x00000020   Code   RO         2997    i.LL_CoreDataListFree  CH57xBLE.LIB(ll_core.o)
    0x000084e8   0x000084e8   0x00000080   Code   RO         2998    i.LL_CoreDataListInit  CH57xBLE.LIB(ll_core.o)
    0x00008568   0x00008568   0x00000020   Code   RO         2999    i.LL_CoreGetCore    CH57xBLE.LIB(ll_core.o)
    0x00008588   0x00008588   0x00000038   Code   RO         3000    i.LL_CoreGetDataList  CH57xBLE.LIB(ll_core.o)
    0x000085c0   0x000085c0   0x00000014   Code   RO         3001    i.LL_CoreInit       CH57xBLE.LIB(ll_core.o)
    0x000085d4   0x000085d4   0x000000a0   Code   RO         3002    i.LL_CoreOpen       CH57xBLE.LIB(ll_core.o)
    0x00008674   0x00008674   0x00000020   Code   RO         1994    i.LL_CreateConnCancel  CH57xBLE.LIB(ctl_input.o)
    0x00008694   0x00008694   0x00000030   Code   RO         1995    i.LL_Disconnect     CH57xBLE.LIB(ctl_input.o)
    0x000086c4   0x000086c4   0x00000040   Code   RO         3039    i.LL_EncRsp         CH57xBLE.LIB(ll_pdu.o)
    0x00008704   0x00008704   0x000000c2   Code   RO         1781    i.LL_Encrypt        CH57xBLE.LIB(aes.o)
    0x000087c6   0x000087c6   0x00000034   Code   RO         3041    i.LL_FeatureRsp     CH57xBLE.LIB(ll_pdu.o)
    0x000087fa   0x000087fa   0x00000002   PAD
    0x000087fc   0x000087fc   0x000000c0   Code   RO         1885    i.LL_GetNextConnectEventTime  CH57xBLE.LIB(ll_connect.o)
    0x000088bc   0x000088bc   0x000000b8   Code   RO         3103    i.LL_HopGetChannel  CH57xBLE.LIB(ll_hop.o)
    0x00008974   0x00008974   0x00000006   Code   RO         3104    i.LL_HopInit        CH57xBLE.LIB(ll_hop.o)
    0x0000897a   0x0000897a   0x00000002   PAD
    0x0000897c   0x0000897c   0x000000cc   Code   RO         2983    i.LL_Init           CH57xBLE.LIB(ll.o)
    0x00008a48   0x00008a48   0x00000044   Code   RO         3016    i.LL_InitiateToStandby  CH57xBLE.LIB(ll_initiate.o)
    0x00008a8c   0x00008a8c   0x0000001c   Code   RO         1996    i.LL_LE_ReadBufSize  CH57xBLE.LIB(ctl_input.o)
    0x00008aa8   0x00008aa8   0x0000007a   Code   RO         3042    i.LL_LengthReq      CH57xBLE.LIB(ll_pdu.o)
    0x00008b22   0x00008b22   0x00000068   Code   RO         3043    i.LL_LengthRsp      CH57xBLE.LIB(ll_pdu.o)
    0x00008b8a   0x00008b8a   0x00000030   Code   RO         1998    i.LL_LtkReqNegReply  CH57xBLE.LIB(ctl_input.o)
    0x00008bba   0x00008bba   0x00000080   Code   RO         1999    i.LL_LtkReqReply    CH57xBLE.LIB(ctl_input.o)
    0x00008c3a   0x00008c3a   0x0000001e   Code   RO         2000    i.LL_MD_Disconnect  CH57xBLE.LIB(ctl_input.o)
    0x00008c58   0x00008c58   0x0000001c   Code   RO         3045    i.LL_PauseEncRsp    CH57xBLE.LIB(ll_pdu.o)
    0x00008c74   0x00008c74   0x00000026   Code   RO         3046    i.LL_PingReq        CH57xBLE.LIB(ll_pdu.o)
    0x00008c9a   0x00008c9a   0x00000018   Code   RO         3047    i.LL_PingRsp        CH57xBLE.LIB(ll_pdu.o)
    0x00008cb2   0x00008cb2   0x00000002   PAD
    0x00008cb4   0x00008cb4   0x00000108   Code   RO         2984    i.LL_ProcessEvent   CH57xBLE.LIB(ll.o)
    0x00008dbc   0x00008dbc   0x000004a6   Code   RO         3094    i.LL_ProcessTMOSReportMsg  CH57xBLE.LIB(ll_report.o)
    0x00009262   0x00009262   0x0000001c   Code   RO         2001    i.LL_Rand           CH57xBLE.LIB(ctl_input.o)
    0x0000927e   0x0000927e   0x00000002   PAD
    0x00009280   0x00009280   0x00000020   Code   RO         2004    i.LL_ReadBDAddr     CH57xBLE.LIB(ctl_input.o)
    0x000092a0   0x000092a0   0x00000034   Code   RO         2019    i.LL_ReceiverTest   CH57xBLE.LIB(ctl_input.o)
    0x000092d4   0x000092d4   0x00000024   Code   RO         3048    i.LL_RejectInd      CH57xBLE.LIB(ll_pdu.o)
    0x000092f8   0x000092f8   0x00000020   Code   RO         3049    i.LL_RejectIndExt   CH57xBLE.LIB(ll_pdu.o)
    0x00009318   0x00009318   0x00000030   Code   RO         2020    i.LL_RemoteConnParamReqNegReply  CH57xBLE.LIB(ctl_input.o)
    0x00009348   0x00009348   0x00000104   Code   RO         2021    i.LL_RemoteConnParamReqReply  CH57xBLE.LIB(ctl_input.o)
    0x0000944c   0x0000944c   0x0000002c   Code   RO         3095    i.LL_ReportGenerateEvent  CH57xBLE.LIB(ll_report.o)
    0x00009478   0x00009478   0x000000f0   Code   RO         3126    i.LL_ResolvinglistAdd  CH57xBLE.LIB(ll_resolvinglist.o)
    0x00009568   0x00009568   0x00000040   Code   RO         3128    i.LL_ResolvinglistCheckPeerResolution  CH57xBLE.LIB(ll_resolvinglist.o)
    0x000095a8   0x000095a8   0x00000030   Code   RO         3129    i.LL_ResolvinglistClearall  CH57xBLE.LIB(ll_resolvinglist.o)
    0x000095d8   0x000095d8   0x00000018   Code   RO         3130    i.LL_ResolvinglistInit  CH57xBLE.LIB(ll_resolvinglist.o)
    0x000095f0   0x000095f0   0x00000038   Code   RO         3132    i.LL_ResolvinglistPeerIdentifyAddressGetIrk  CH57xBLE.LIB(ll_resolvinglist.o)
    0x00009628   0x00009628   0x0000002c   Code   RO         3133    i.LL_ResolvinglistPeerRpaAddressGetIrk  CH57xBLE.LIB(ll_resolvinglist.o)
    0x00009654   0x00009654   0x000000d4   Code   RO         3050    i.LL_RxConnParamReq  CH57xBLE.LIB(ll_pdu.o)
    0x00009728   0x00009728   0x00000040   Code   RO         3052    i.LL_RxLenUpdate    CH57xBLE.LIB(ll_pdu.o)
    0x00009768   0x00009768   0x00000020   Code   RO         3053    i.LL_RxVersionExchange  CH57xBLE.LIB(ll_pdu.o)
    0x00009788   0x00009788   0x0000004c   Code   RO         1857    i.LL_ScanToStandby  CH57xBLE.LIB(ll_scan.o)
    0x000097d4   0x000097d4   0x00000020   Code   RO         3054    i.LL_SendAck        CH57xBLE.LIB(ll_pdu.o)
    0x000097f4   0x000097f4   0x000000b0   Code   RO         2025    i.LL_SendDataPkt    CH57xBLE.LIB(ctl_input.o)
    0x000098a4   0x000098a4   0x000000a0   Code   RO         3055    i.LL_SendDmaBuf     CH57xBLE.LIB(ll_pdu.o)
    0x00009944   0x00009944   0x0000004c   Code   RO         2026    i.LL_SetAddressResolvableEnable  CH57xBLE.LIB(ctl_input.o)
    0x00009990   0x00009990   0x000000f0   Code   RO         2027    i.LL_SetAdvControl  CH57xBLE.LIB(ctl_input.o)
    0x00009a80   0x00009a80   0x00000040   Code   RO         2028    i.LL_SetAdvData     CH57xBLE.LIB(ctl_input.o)
    0x00009ac0   0x00009ac0   0x000000ac   Code   RO         2029    i.LL_SetAdvParam    CH57xBLE.LIB(ctl_input.o)
    0x00009b6c   0x00009b6c   0x00000068   Code   RO         2031    i.LL_SetDataLength  CH57xBLE.LIB(ctl_input.o)
    0x00009bd4   0x00009bd4   0x0000007c   Code   RO         2033    i.LL_SetRandomAddress  CH57xBLE.LIB(ctl_input.o)
    0x00009c50   0x00009c50   0x0000002c   Code   RO         2034    i.LL_SetResolvableAddressTimeout  CH57xBLE.LIB(ctl_input.o)
    0x00009c7c   0x00009c7c   0x00000084   Code   RO         2035    i.LL_SetScanEnable  CH57xBLE.LIB(ctl_input.o)
    0x00009d00   0x00009d00   0x0000003c   Code   RO         2037    i.LL_SetScanRspData  CH57xBLE.LIB(ctl_input.o)
    0x00009d3c   0x00009d3c   0x00000020   Code   RO         1950    i.LL_SlaveEnalbe    CH57xBLE.LIB(ll_slave.o)
    0x00009d5c   0x00009d5c   0x0000003a   Code   RO         3056    i.LL_SlaveFeatureReq  CH57xBLE.LIB(ll_pdu.o)
    0x00009d96   0x00009d96   0x0000001c   Code   RO         3057    i.LL_StartEncReq    CH57xBLE.LIB(ll_pdu.o)
    0x00009db2   0x00009db2   0x0000001c   Code   RO         3058    i.LL_StartEncRsp    CH57xBLE.LIB(ll_pdu.o)
    0x00009dce   0x00009dce   0x0000014e   Code   RO         2040    i.LL_StartEncrypt   CH57xBLE.LIB(ctl_input.o)
    0x00009f1c   0x00009f1c   0x0000002c   Code   RO         3059    i.LL_TerminateInd   CH57xBLE.LIB(ll_pdu.o)
    0x00009f48   0x00009f48   0x000000e8   Code   RO         2042    i.LL_TransmitterTest  CH57xBLE.LIB(ctl_input.o)
    0x0000a030   0x0000a030   0x00000022   Code   RO         3060    i.LL_UnknowRsp      CH57xBLE.LIB(ll_pdu.o)
    0x0000a052   0x0000a052   0x00000002   PAD
    0x0000a054   0x0000a054   0x0000003c   Code   RO         3061    i.LL_VersionInd     CH57xBLE.LIB(ll_pdu.o)
    0x0000a090   0x0000a090   0x00000070   Code   RO         3112    i.LL_WhitelistAdd   CH57xBLE.LIB(ll_whitelist.o)
    0x0000a100   0x0000a100   0x00000024   Code   RO         3113    i.LL_WhitelistClearAll  CH57xBLE.LIB(ll_whitelist.o)
    0x0000a124   0x0000a124   0x00000010   Code   RO         3114    i.LL_WhitelistInit  CH57xBLE.LIB(ll_whitelist.o)
    0x0000a134   0x0000a134   0x00000030   Code   RO         3115    i.LL_WhitelistLookup  CH57xBLE.LIB(ll_whitelist.o)
    0x0000a164   0x0000a164   0x000000cc   Code   RO         1810    i.RFEND_DevInit     CH57xBLE.LIB(rfend.o)
    0x0000a230   0x0000a230   0x000000f4   Code   RO         1812    i.RFEND_RXAdc       CH57xBLE.LIB(rfend.o)
    0x0000a324   0x0000a324   0x00000070   Code   RO         1813    i.RFEND_RXFilter    CH57xBLE.LIB(rfend.o)
    0x0000a394   0x0000a394   0x00000b7e   Code   RO         1816    i.RFEND_TXCtune     CH57xBLE.LIB(rfend.o)
    0x0000af12   0x0000af12   0x00000002   PAD
    0x0000af14   0x0000af14   0x00000014   Code   RO         1817    i.RFEND_TXFtune     CH57xBLE.LIB(rfend.o)
    0x0000af28   0x0000af28   0x00000018   Code   RO         1023    i.RTC_Get32KClock   CH57xBLE.LIB(tmos_hw.o)
    0x0000af40   0x0000af40   0x00000074   Code   RO          999    i.RTC_GetTickCount  CH57xBLE.LIB(tmos_hw.o)
    0x0000afb4   0x0000afb4   0x0000001a   Code   RO         1000    i.ReadFlash         CH57xBLE.LIB(tmos_hw.o)
    0x0000afce   0x0000afce   0x00000042   Code   RO         2758    i.SM_CalcRandomAddr  CH57xBLE.LIB(sm.o)
    0x0000b010   0x0000b010   0x000000a2   Code   RO         2759    i.SM_GenerateAuthenSig  CH57xBLE.LIB(sm.o)
    0x0000b0b2   0x0000b0b2   0x00000002   PAD
    0x0000b0b4   0x0000b0b4   0x00000024   Code   RO         2760    i.SM_Init           CH57xBLE.LIB(sm.o)
    0x0000b0d8   0x0000b0d8   0x00000020   Code   RO         2761    i.SM_InitiatorInit  CH57xBLE.LIB(sm.o)
    0x0000b0f8   0x0000b0f8   0x00000048   Code   RO         2763    i.SM_ParamInit      CH57xBLE.LIB(sm.o)
    0x0000b140   0x0000b140   0x00000084   Code   RO         2764    i.SM_PasskeyUpdate  CH57xBLE.LIB(sm.o)
    0x0000b1c4   0x0000b1c4   0x0000007c   Code   RO         2765    i.SM_ProcessEvent   CH57xBLE.LIB(sm.o)
    0x0000b240   0x0000b240   0x0000004c   Code   RO         2766    i.SM_ResolveRandomAddrs  CH57xBLE.LIB(sm.o)
    0x0000b28c   0x0000b28c   0x00000020   Code   RO         2767    i.SM_ResponderInit  CH57xBLE.LIB(sm.o)
    0x0000b2ac   0x0000b2ac   0x00000072   Code   RO         2768    i.SM_StartEncryption  CH57xBLE.LIB(sm.o)
    0x0000b31e   0x0000b31e   0x00000096   Code   RO         2769    i.SM_StartPairing   CH57xBLE.LIB(sm.o)
    0x0000b3b4   0x0000b3b4   0x000000f0   Code   RO         2770    i.SM_VerifyAuthenSig  CH57xBLE.LIB(sm.o)
    0x0000b4a4   0x0000b4a4   0x0000006c   Code   RO          916    i.TMOS_CbTimerProcessEvent  CH57xBLE.LIB(tmos.o)
    0x0000b510   0x0000b510   0x00000090   Code   RO          918    i.TMOS_Init         CH57xBLE.LIB(tmos.o)
    0x0000b5a0   0x0000b5a0   0x0000002c   Code   RO          919    i.TMOS_ProcessEventRegister  CH57xBLE.LIB(tmos.o)
    0x0000b5cc   0x0000b5cc   0x00000010   Code   RO          921    i.TMOS_ProcessRegister  CH57xBLE.LIB(tmos.o)
    0x0000b5dc   0x0000b5dc   0x0000022c   Code   RO          922    i.TMOS_SystemProcess  CH57xBLE.LIB(tmos.o)
    0x0000b808   0x0000b808   0x00000038   Code   RO         1001    i.TMOS_TimerInit    CH57xBLE.LIB(tmos_hw.o)
    0x0000b840   0x0000b840   0x00000018   Code   RO          923    i.TMOS_TimerRegister  CH57xBLE.LIB(tmos.o)
    0x0000b858   0x0000b858   0x0000005c   Code   RO         1002    i.WtireFlash        CH57xBLE.LIB(tmos_hw.o)
    0x0000b8b4   0x0000b8b4   0x00000020   Code   RO         3514    i.__0printf$8       mc_p.l(printf8.o)
    0x0000b8d4   0x0000b8d4   0x00000030   Code   RO         1025    i.__ARM_common_ll_muluu  CH57xBLE.LIB(tmos_hw.o)
    0x0000b904   0x0000b904   0x0000001a   Code   RO           23    i.__ARM_common_switch8  hidkbd.o
    0x0000b91e   0x0000b91e   0x0000000e   Code   RO         3612    i.__scatterload_copy  mc_p.l(handlers.o)
    0x0000b92c   0x0000b92c   0x00000002   Code   RO         3613    i.__scatterload_null  mc_p.l(handlers.o)
    0x0000b92e   0x0000b92e   0x0000000e   Code   RO         3614    i.__scatterload_zeroinit  mc_p.l(handlers.o)
    0x0000b93c   0x0000b93c   0x00000428   Code   RO         3521    i._printf_core      mc_p.l(printf8.o)
    0x0000bd64   0x0000bd64   0x00000020   Code   RO         3522    i._printf_post_padding  mc_p.l(printf8.o)
    0x0000bd84   0x0000bd84   0x0000002c   Code   RO         3523    i._printf_pre_padding  mc_p.l(printf8.o)
    0x0000bdb0   0x0000bdb0   0x00000088   Code   RO         2415    i.attSendMsg        CH57xBLE.LIB(att.o)
    0x0000be38   0x0000be38   0x00000038   Code   RO         2416    i.attSendRspMsg     CH57xBLE.LIB(att.o)
    0x0000be70   0x0000be70   0x00000050   Code   RO         1059    i.ble_ll_chkcrc     CH57xBLE.LIB(ip.o)
    0x0000bec0   0x0000bec0   0x0000001e   Code   RO         1003    i.ble_ll_common_rand16  CH57xBLE.LIB(tmos_hw.o)
    0x0000bede   0x0000bede   0x0000001c   Code   RO         1004    i.ble_ll_common_rand32  CH57xBLE.LIB(tmos_hw.o)
    0x0000befa   0x0000befa   0x0000001e   Code   RO         1005    i.ble_ll_common_rand8  CH57xBLE.LIB(tmos_hw.o)
    0x0000bf18   0x0000bf18   0x000000f0   Code   RO         1060    i.ble_ll_hw_api_rx  CH57xBLE.LIB(ip.o)
    0x0000c008   0x0000c008   0x0000006c   Code   RO         1061    i.ble_ll_hw_api_rx_test  CH57xBLE.LIB(ip.o)
    0x0000c074   0x0000c074   0x00000060   Code   RO         1062    i.ble_ll_hw_api_shut  CH57xBLE.LIB(ip.o)
    0x0000c0d4   0x0000c0d4   0x00000228   Code   RO         1063    i.ble_ll_hw_api_tx  CH57xBLE.LIB(ip.o)
    0x0000c2fc   0x0000c2fc   0x00000084   Code   RO         1064    i.ble_ll_hw_api_tx_set_len  CH57xBLE.LIB(ip.o)
    0x0000c380   0x0000c380   0x000001ac   Code   RO         1065    i.ble_ll_hw_api_tx_test  CH57xBLE.LIB(ip.o)
    0x0000c52c   0x0000c52c   0x00000014   Code   RO         1006    i.ble_ll_set_connect_event  CH57xBLE.LIB(tmos_hw.o)
    0x0000c540   0x0000c540   0x0000005c   Code   RO         1007    i.ble_timeout_process  CH57xBLE.LIB(tmos_hw.o)
    0x0000c59c   0x0000c59c   0x0000001a   Code   RO         1130    i.disconnectNext    CH57xBLE.LIB(gap.o)
    0x0000c5b6   0x0000c5b6   0x00000038   Code   RO         1131    i.gapAddAddrAdj     CH57xBLE.LIB(gap.o)
    0x0000c5ee   0x0000c5ee   0x00000002   PAD
    0x0000c5f0   0x0000c5f0   0x0000001c   Code   RO         1629    i.gapBondFreeAuthEvt  CH57xBLE.LIB(gapbondmgr.o)
    0x0000c60c   0x0000c60c   0x0000013c   Code   RO         1630    i.gapBondMgrAddBond  CH57xBLE.LIB(gapbondmgr.o)
    0x0000c748   0x0000c748   0x0000018c   Code   RO         1631    i.gapBondMgrAuthenticate  CH57xBLE.LIB(gapbondmgr.o)
    0x0000c8d4   0x0000c8d4   0x0000004e   Code   RO         1632    i.gapBondMgrBondReq  CH57xBLE.LIB(gapbondmgr.o)
    0x0000c922   0x0000c922   0x00000002   PAD
    0x0000c924   0x0000c924   0x00000034   Code   RO         1633    i.gapBondMgrBondTotal  CH57xBLE.LIB(gapbondmgr.o)
    0x0000c958   0x0000c958   0x00000064   Code   RO         1634    i.gapBondMgrChangeState  CH57xBLE.LIB(gapbondmgr.o)
    0x0000c9bc   0x0000c9bc   0x00000024   Code   RO         1635    i.gapBondMgrEraseAllBondings  CH57xBLE.LIB(gapbondmgr.o)
    0x0000c9e0   0x0000c9e0   0x000000e8   Code   RO         1636    i.gapBondMgrEraseBonding  CH57xBLE.LIB(gapbondmgr.o)
    0x0000cac8   0x0000cac8   0x00000034   Code   RO         1637    i.gapBondMgrFindAddr  CH57xBLE.LIB(gapbondmgr.o)
    0x0000cafc   0x0000cafc   0x0000001c   Code   RO         1638    i.gapBondMgrFindCharCfgItem  CH57xBLE.LIB(gapbondmgr.o)
    0x0000cb18   0x0000cb18   0x00000040   Code   RO         1639    i.gapBondMgrGetPublicAddr  CH57xBLE.LIB(gapbondmgr.o)
    0x0000cb58   0x0000cb58   0x00000024   Code   RO         1640    i.gapBondMgrGetStateFlags  CH57xBLE.LIB(gapbondmgr.o)
    0x0000cb7c   0x0000cb7c   0x0000001c   Code   RO         1641    i.gapBondMgrInvertCharCfgItem  CH57xBLE.LIB(gapbondmgr.o)
    0x0000cb98   0x0000cb98   0x00000084   Code   RO         1642    i.gapBondMgrReadBonds  CH57xBLE.LIB(gapbondmgr.o)
    0x0000cc1c   0x0000cc1c   0x00000014   Code   RO         1643    i.gapBondMgrSendServiceChange  CH57xBLE.LIB(gapbondmgr.o)
    0x0000cc30   0x0000cc30   0x000000b4   Code   RO         1644    i.gapBondMgrUpdateCharCfg  CH57xBLE.LIB(gapbondmgr.o)
    0x0000cce4   0x0000cce4   0x00000064   Code   RO         1645    i.gapBondMgr_ProcessTMOSMsg  CH57xBLE.LIB(gapbondmgr.o)
    0x0000cd48   0x0000cd48   0x00000080   Code   RO         1646    i.gapBondMgr_SyncCharCfg  CH57xBLE.LIB(gapbondmgr.o)
    0x0000cdc8   0x0000cdc8   0x00000070   Code   RO         1647    i.gapBondMgr_SyncResolveList  CH57xBLE.LIB(gapbondmgr.o)
    0x0000ce38   0x0000ce38   0x00000038   Code   RO         1648    i.gapBondMgr_SyncWhiteList  CH57xBLE.LIB(gapbondmgr.o)
    0x0000ce70   0x0000ce70   0x00000038   Code   RO         1649    i.gapBondPairStateCB  CH57xBLE.LIB(gapbondmgr.o)
    0x0000cea8   0x0000cea8   0x00000064   Code   RO         1650    i.gapBondPasscodeCB  CH57xBLE.LIB(gapbondmgr.o)
    0x0000cf0c   0x0000cf0c   0x00000020   Code   RO         1651    i.gapBondSetupPrivFlag  CH57xBLE.LIB(gapbondmgr.o)
    0x0000cf2c   0x0000cf2c   0x00000038   Code   RO         2588    i.gapCancelLinkReq  CH57xBLE.LIB(gap_central.o)
    0x0000cf64   0x0000cf64   0x000000e8   Code   RO         2589    i.gapCentProcessConnEvt  CH57xBLE.LIB(gap_central.o)
    0x0000d04c   0x0000d04c   0x00000030   Code   RO         2590    i.gapCentProcessHCICmdEvt  CH57xBLE.LIB(gap_central.o)
    0x0000d07c   0x0000d07c   0x00000026   Code   RO         1132    i.gapDetermineAddrType  CH57xBLE.LIB(gap.o)
    0x0000d0a2   0x0000d0a2   0x00000046   Code   RO         1133    i.gapFindADType     CH57xBLE.LIB(gap.o)
    0x0000d0e8   0x0000d0e8   0x00000018   Code   RO         1242    i.gapFreeAdvertState  CH57xBLE.LIB(gap_peripheral.o)
    0x0000d100   0x0000d100   0x00000034   Code   RO         1134    i.gapFreeAuthLink   CH57xBLE.LIB(gap.o)
    0x0000d134   0x0000d134   0x00000018   Code   RO         1135    i.gapFreeEstLink    CH57xBLE.LIB(gap.o)
    0x0000d14c   0x0000d14c   0x00000080   Code   RO         2591    i.gapFreeScanRecs   CH57xBLE.LIB(gap_central.o)
    0x0000d1cc   0x0000d1cc   0x00000020   Code   RO         1136    i.gapGetDevAddress  CH57xBLE.LIB(gap.o)
    0x0000d1ec   0x0000d1ec   0x0000000c   Code   RO         1137    i.gapGetDevAddressMode  CH57xBLE.LIB(gap.o)
    0x0000d1f8   0x0000d1f8   0x0000000c   Code   RO         1138    i.gapGetIRK         CH57xBLE.LIB(gap.o)
    0x0000d204   0x0000d204   0x0000000c   Code   RO         1139    i.gapGetSRK         CH57xBLE.LIB(gap.o)
    0x0000d210   0x0000d210   0x0000000c   Code   RO         1140    i.gapGetSignCounter  CH57xBLE.LIB(gap.o)
    0x0000d21c   0x0000d21c   0x00000020   Code   RO         1141    i.gapIncSignCounter  CH57xBLE.LIB(gap.o)
    0x0000d23c   0x0000d23c   0x0000002c   Code   RO         1142    i.gapL2capConnParamUpdateReq  CH57xBLE.LIB(gap.o)
    0x0000d268   0x0000d268   0x0000010e   Code   RO         1143    i.gapPairingCompleteCB  CH57xBLE.LIB(gap.o)
    0x0000d376   0x0000d376   0x00000066   Code   RO         1144    i.gapPasskeyNeededCB  CH57xBLE.LIB(gap.o)
    0x0000d3dc   0x0000d3dc   0x00000090   Code   RO         1243    i.gapPeriProcessConnEvt  CH57xBLE.LIB(gap_peripheral.o)
    0x0000d46c   0x0000d46c   0x00000090   Code   RO         1244    i.gapPeriProcessHCICmdCompleteEvt  CH57xBLE.LIB(gap_peripheral.o)
    0x0000d4fc   0x0000d4fc   0x00000088   Code   RO         1245    i.gapProcessAdvertisingEvt  CH57xBLE.LIB(gap_peripheral.o)
    0x0000d584   0x0000d584   0x00000040   Code   RO         1145    i.gapProcessConnEvt  CH57xBLE.LIB(gap.o)
    0x0000d5c4   0x0000d5c4   0x000000cc   Code   RO         1146    i.gapProcessConnectionCompleteEvt  CH57xBLE.LIB(gap.o)
    0x0000d690   0x0000d690   0x00000074   Code   RO         1147    i.gapProcessDisconnectCompleteEvt  CH57xBLE.LIB(gap.o)
    0x0000d704   0x0000d704   0x000000cc   Code   RO         1148    i.gapProcessEnhancedConnectionCompleteEvt  CH57xBLE.LIB(gap.o)
    0x0000d7d0   0x0000d7d0   0x00000030   Code   RO         1149    i.gapProcessNewAddr  CH57xBLE.LIB(gap.o)
    0x0000d800   0x0000d800   0x0000006c   Code   RO         1150    i.gapProcessRandomAddrComplete  CH57xBLE.LIB(gap.o)
    0x0000d86c   0x0000d86c   0x00000060   Code   RO         1151    i.gapProcessRemoteConnParamReqEvt  CH57xBLE.LIB(gap.o)
    0x0000d8cc   0x0000d8cc   0x000000a4   Code   RO         2592    i.gapProcessScanningDirectEvt  CH57xBLE.LIB(gap_central.o)
    0x0000d970   0x0000d970   0x0000028c   Code   RO         2593    i.gapProcessScanningEvt  CH57xBLE.LIB(gap_central.o)
    0x0000dbfc   0x0000dbfc   0x000001f4   Code   RO         1152    i.gapProcessTMOSMsg  CH57xBLE.LIB(gap.o)
    0x0000ddf0   0x0000ddf0   0x0000000c   Code   RO         1153    i.gapRegisterCentral  CH57xBLE.LIB(gap.o)
    0x0000ddfc   0x0000ddfc   0x0000000c   Code   RO         1154    i.gapRegisterCentralConn  CH57xBLE.LIB(gap.o)
    0x0000de08   0x0000de08   0x0000000c   Code   RO         1155    i.gapRegisterPeripheral  CH57xBLE.LIB(gap.o)
    0x0000de14   0x0000de14   0x0000000c   Code   RO         1156    i.gapRegisterPeripheralConn  CH57xBLE.LIB(gap.o)
    0x0000de20   0x0000de20   0x000001cc   Code   RO         1703    i.gapRole_PeripheralProcessGAPMsg  CH57xBLE.LIB(peripheral.o)
    0x0000dfec   0x0000dfec   0x00000050   Code   RO         1704    i.gapRole_PeripheralProcessTMOSMsg  CH57xBLE.LIB(peripheral.o)
    0x0000e03c   0x0000e03c   0x00000046   Code   RO         1157    i.gapSendBondCompleteEvent  CH57xBLE.LIB(gap.o)
    0x0000e082   0x0000e082   0x00000002   PAD
    0x0000e084   0x0000e084   0x000000d0   Code   RO         2594    i.gapSendDevDiscEvent  CH57xBLE.LIB(gap_central.o)
    0x0000e154   0x0000e154   0x00000044   Code   RO         1158    i.gapSendDeviceInitDoneEvent  CH57xBLE.LIB(gap.o)
    0x0000e198   0x0000e198   0x0000005e   Code   RO         1159    i.gapSendEstLinkEvent  CH57xBLE.LIB(gap.o)
    0x0000e1f6   0x0000e1f6   0x00000002   PAD
    0x0000e1f8   0x0000e1f8   0x0000004c   Code   RO         1160    i.gapSendLinkUpdateEvent  CH57xBLE.LIB(gap.o)
    0x0000e244   0x0000e244   0x00000038   Code   RO         1246    i.gapSendMakeDiscEvent  CH57xBLE.LIB(gap_peripheral.o)
    0x0000e27c   0x0000e27c   0x0000005c   Code   RO         1161    i.gapSendPairingReqEvent  CH57xBLE.LIB(gap.o)
    0x0000e2d8   0x0000e2d8   0x0000001c   Code   RO         2595    i.gapSendScanEnable  CH57xBLE.LIB(gap_central.o)
    0x0000e2f4   0x0000e2f4   0x0000003a   Code   RO         1162    i.gapSendSlaveSecurityReqEvent  CH57xBLE.LIB(gap.o)
    0x0000e32e   0x0000e32e   0x00000002   PAD
    0x0000e330   0x0000e330   0x00000080   Code   RO         1247    i.gapSetAdvParams   CH57xBLE.LIB(gap_peripheral.o)
    0x0000e3b0   0x0000e3b0   0x00000048   Code   RO         2596    i.gapSetScanParamStatus  CH57xBLE.LIB(gap_central.o)
    0x0000e3f8   0x0000e3f8   0x0000004e   Code   RO         1163    i.gapUpdateConnSignCounter  CH57xBLE.LIB(gap.o)
    0x0000e446   0x0000e446   0x00000014   Code   RO         1164    i.gapValidADType    CH57xBLE.LIB(gap.o)
    0x0000e45a   0x0000e45a   0x00000002   PAD
    0x0000e45c   0x0000e45c   0x000000d4   Code   RO         1248    i.gapWriteAdvEnableStatus  CH57xBLE.LIB(gap_peripheral.o)
    0x0000e530   0x0000e530   0x00000024   Code   RO         1440    i.gattFindServerInfo  CH57xBLE.LIB(gattservapp.o)
    0x0000e554   0x0000e554   0x00000020   Code   RO         1441    i.gattFindService   CH57xBLE.LIB(gattservapp.o)
    0x0000e574   0x0000e574   0x00000068   Code   RO         1337    i.gattGetPayload    CH57xBLE.LIB(gatt.o)
    0x0000e5dc   0x0000e5dc   0x0000002c   Code   RO         1442    i.gattGetServerStatus  CH57xBLE.LIB(gattservapp.o)
    0x0000e608   0x0000e608   0x0000005a   Code   RO         1338    i.gattNotifyEvent   CH57xBLE.LIB(gatt.o)
    0x0000e662   0x0000e662   0x00000004   Code   RO         1443    i.gattProcessExchangeMTUReq  CH57xBLE.LIB(gattservapp.o)
    0x0000e666   0x0000e666   0x00000004   Code   RO         1444    i.gattProcessExecuteWriteReq  CH57xBLE.LIB(gattservapp.o)
    0x0000e66a   0x0000e66a   0x0000002c   Code   RO         1445    i.gattProcessFindByTypeValueReq  CH57xBLE.LIB(gattservapp.o)
    0x0000e696   0x0000e696   0x00000002   PAD
    0x0000e698   0x0000e698   0x00000124   Code   RO         1446    i.gattProcessFindInfoReq  CH57xBLE.LIB(gattservapp.o)
    0x0000e7bc   0x0000e7bc   0x00000026   Code   RO         1447    i.gattProcessPrepareWriteReq  CH57xBLE.LIB(gattservapp.o)
    0x0000e7e2   0x0000e7e2   0x00000002   PAD
    0x0000e7e4   0x0000e7e4   0x00000048   Code   RO         1448    i.gattProcessReadByGrpTypeReq  CH57xBLE.LIB(gattservapp.o)
    0x0000e82c   0x0000e82c   0x0000002c   Code   RO         1449    i.gattProcessReadByTypeReq  CH57xBLE.LIB(gattservapp.o)
    0x0000e858   0x0000e858   0x00000066   Code   RO         1450    i.gattProcessReadMultiReq  CH57xBLE.LIB(gattservapp.o)
    0x0000e8be   0x0000e8be   0x00000022   Code   RO         1451    i.gattProcessReadReq  CH57xBLE.LIB(gattservapp.o)
    0x0000e8e0   0x0000e8e0   0x00000026   Code   RO         1452    i.gattProcessWriteReq  CH57xBLE.LIB(gattservapp.o)
    0x0000e906   0x0000e906   0x00000002   PAD
    0x0000e908   0x0000e908   0x0000000c   Code   RO         1346    i.gattRegisterServer  CH57xBLE.LIB(gatt.o)
    0x0000e914   0x0000e914   0x00000010   Code   RO         1453    i.gattResetServerInfo  CH57xBLE.LIB(gattservapp.o)
    0x0000e924   0x0000e924   0x0000003c   Code   RO         1347    i.gattSendFlowCtrlEvt  CH57xBLE.LIB(gatt.o)
    0x0000e960   0x0000e960   0x0000003c   Code   RO         1454    i.gattServApp_ClearPrepareWriteQ  CH57xBLE.LIB(gattservapp.o)
    0x0000e99c   0x0000e99c   0x0000000e   Code   RO         1455    i.gattServApp_FindAuthorizeAttrCB  CH57xBLE.LIB(gattservapp.o)
    0x0000e9aa   0x0000e9aa   0x0000001a   Code   RO         1456    i.gattServApp_FindCharCfgItem  CH57xBLE.LIB(gattservapp.o)
    0x0000e9c4   0x0000e9c4   0x00000024   Code   RO         1457    i.gattServApp_FindPrepareWriteQ  CH57xBLE.LIB(gattservapp.o)
    0x0000e9e8   0x0000e9e8   0x00000020   Code   RO         1458    i.gattServApp_FindServiceCBs  CH57xBLE.LIB(gattservapp.o)
    0x0000ea08   0x0000ea08   0x0000005c   Code   RO         1459    i.gattServApp_HandleConnStatusCB  CH57xBLE.LIB(gattservapp.o)
    0x0000ea64   0x0000ea64   0x000000bc   Code   RO         1460    i.gattServApp_IsWriteLong  CH57xBLE.LIB(gattservapp.o)
    0x0000eb20   0x0000eb20   0x000000dc   Code   RO         1461    i.gattServApp_ProcessExecuteWriteReq  CH57xBLE.LIB(gattservapp.o)
    0x0000ebfc   0x0000ebfc   0x0000013c   Code   RO         1462    i.gattServApp_ProcessFindByTypeValueReq  CH57xBLE.LIB(gattservapp.o)
    0x0000ed38   0x0000ed38   0x00000254   Code   RO         1463    i.gattServApp_ProcessMsg  CH57xBLE.LIB(gattservapp.o)
    0x0000ef8c   0x0000ef8c   0x000000e0   Code   RO         1464    i.gattServApp_ProcessPrepareWriteReq  CH57xBLE.LIB(gattservapp.o)
    0x0000f06c   0x0000f06c   0x00000194   Code   RO         1465    i.gattServApp_ProcessReadByGrpTypeReq  CH57xBLE.LIB(gattservapp.o)
    0x0000f200   0x0000f200   0x00000140   Code   RO         1466    i.gattServApp_ProcessReadByTypeReq  CH57xBLE.LIB(gattservapp.o)
    0x0000f340   0x0000f340   0x00000110   Code   RO         1467    i.gattServApp_ProcessReadMultiReq  CH57xBLE.LIB(gattservapp.o)
    0x0000f450   0x0000f450   0x00000090   Code   RO         1468    i.gattServApp_ProcessWriteReq  CH57xBLE.LIB(gattservapp.o)
    0x0000f4e0   0x0000f4e0   0x00000030   Code   RO         1471    i.gattServApp_WriteAttrCB  CH57xBLE.LIB(gattservapp.o)
    0x0000f510   0x0000f510   0x00000080   Code   RO         1472    i.gattServerHandleConnStatusCB  CH57xBLE.LIB(gattservapp.o)
    0x0000f590   0x0000f590   0x0000002a   Code   RO         1473    i.gattServerHandleTimerCB  CH57xBLE.LIB(gattservapp.o)
    0x0000f5ba   0x0000f5ba   0x0000001c   Code   RO         1474    i.gattServerNotifyTxCB  CH57xBLE.LIB(gattservapp.o)
    0x0000f5d6   0x0000f5d6   0x00000002   PAD
    0x0000f5d8   0x0000f5d8   0x00000150   Code   RO         1475    i.gattServerProcessMsgCB  CH57xBLE.LIB(gattservapp.o)
    0x0000f728   0x0000f728   0x00000016   Code   RO         1476    i.gattServiceLastHandle  CH57xBLE.LIB(gattservapp.o)
    0x0000f73e   0x0000f73e   0x0000000e   Code   RO         1348    i.gattStartTimer    CH57xBLE.LIB(gatt.o)
    0x0000f74c   0x0000f74c   0x0000001a   Code   RO         1349    i.gattStopTimer     CH57xBLE.LIB(gatt.o)
    0x0000f766   0x0000f766   0x00000002   PAD
    0x0000f768   0x0000f768   0x0000009c   Code   RO         2771    i.generate_subkey   CH57xBLE.LIB(sm.o)
    0x0000f804   0x0000f804   0x000000d8   Code   RO         1282    i.ggs_ReadAttrCB    CH57xBLE.LIB(gapgattserver.o)
    0x0000f8dc   0x0000f8dc   0x0000006e   Code   RO         1283    i.ggs_SetAttrWPermit  CH57xBLE.LIB(gapgattserver.o)
    0x0000f94a   0x0000f94a   0x00000002   PAD
    0x0000f94c   0x0000f94c   0x00000110   Code   RO         1284    i.ggs_WriteAttrCB   CH57xBLE.LIB(gapgattserver.o)
    0x0000fa5c   0x0000fa5c   0x000000a8   Code   RO         2672    i.l2capAllocConnChannel  CH57xBLE.LIB(l2cap.o)
    0x0000fb04   0x0000fb04   0x00000040   Code   RO         2735    i.l2capBuildCmdReject  CH57xBLE.LIB(l2cap_sdu.o)
    0x0000fb44   0x0000fb44   0x00000036   Code   RO         2736    i.l2capBuildConnectRsp  CH57xBLE.LIB(l2cap_sdu.o)
    0x0000fb7a   0x0000fb7a   0x00000018   Code   RO         2737    i.l2capBuildDisconnectReq  CH57xBLE.LIB(l2cap_sdu.o)
    0x0000fb92   0x0000fb92   0x00000018   Code   RO         2738    i.l2capBuildDisconnectRsp  CH57xBLE.LIB(l2cap_sdu.o)
    0x0000fbaa   0x0000fbaa   0x0000002c   Code   RO         2739    i.l2capBuildParamUpdateReq  CH57xBLE.LIB(l2cap_sdu.o)
    0x0000fbd6   0x0000fbd6   0x0000000e   Code   RO         2740    i.l2capBuildParamUpdateRsp  CH57xBLE.LIB(l2cap_sdu.o)
    0x0000fbe4   0x0000fbe4   0x00000098   Code   RO         2674    i.l2capDisconnectAllChannels  CH57xBLE.LIB(l2cap.o)
    0x0000fc7c   0x0000fc7c   0x0000001e   Code   RO         2675    i.l2capDisconnectChannel  CH57xBLE.LIB(l2cap.o)
    0x0000fc9a   0x0000fc9a   0x00000002   PAD
    0x0000fc9c   0x0000fc9c   0x000000b4   Code   RO         3242    i.l2capEncapSendData  CH57xBLE.LIB(l2cap_output.o)
    0x0000fd50   0x0000fd50   0x0000002c   Code   RO         2676    i.l2capFindLocalCID  CH57xBLE.LIB(l2cap.o)
    0x0000fd7c   0x0000fd7c   0x00000030   Code   RO         2677    i.l2capFindLocalId  CH57xBLE.LIB(l2cap.o)
    0x0000fdac   0x0000fdac   0x00000030   Code   RO         2678    i.l2capFindPsm      CH57xBLE.LIB(l2cap.o)
    0x0000fddc   0x0000fddc   0x0000003c   Code   RO         2679    i.l2capFindRemoteCID  CH57xBLE.LIB(l2cap.o)
    0x0000fe18   0x0000fe18   0x00000034   Code   RO         2680    i.l2capFreeChannel  CH57xBLE.LIB(l2cap.o)
    0x0000fe4c   0x0000fe4c   0x00000030   Code   RO         2681    i.l2capFreePendingPkt  CH57xBLE.LIB(l2cap.o)
    0x0000fe7c   0x0000fe7c   0x00000074   Code   RO         3243    i.l2capFreeTxSDU    CH57xBLE.LIB(l2cap_output.o)
    0x0000fef0   0x0000fef0   0x00000058   Code   RO         2682    i.l2capGetCoChannelInfo  CH57xBLE.LIB(l2cap.o)
    0x0000ff48   0x0000ff48   0x0000002c   Code   RO         2683    i.l2capHandleConnStatusCB  CH57xBLE.LIB(l2cap.o)
    0x0000ff74   0x0000ff74   0x0000000a   Code   RO         2684    i.l2capHandleRxError  CH57xBLE.LIB(l2cap.o)
    0x0000ff7e   0x0000ff7e   0x0000001c   Code   RO         2685    i.l2capHandleTimerCB  CH57xBLE.LIB(l2cap.o)
    0x0000ff9a   0x0000ff9a   0x00000054   Code   RO         3244    i.l2capNotifyChannelEstEvt  CH57xBLE.LIB(l2cap_output.o)
    0x0000ffee   0x0000ffee   0x0000003a   Code   RO         3245    i.l2capNotifyChannelTermEvt  CH57xBLE.LIB(l2cap_output.o)
    0x00010028   0x00010028   0x00000080   Code   RO         3246    i.l2capNotifyCreditEvt  CH57xBLE.LIB(l2cap_output.o)
    0x000100a8   0x000100a8   0x00000046   Code   RO         3247    i.l2capNotifyData   CH57xBLE.LIB(l2cap_output.o)
    0x000100ee   0x000100ee   0x0000004e   Code   RO         3248    i.l2capNotifyEvent  CH57xBLE.LIB(l2cap_output.o)
    0x0001013c   0x0001013c   0x0000004e   Code   RO         3249    i.l2capNotifySignal  CH57xBLE.LIB(l2cap_output.o)
    0x0001018a   0x0001018a   0x00000002   PAD
    0x0001018c   0x0001018c   0x00000040   Code   RO         2686    i.l2capNumActiveChannnels  CH57xBLE.LIB(l2cap.o)
    0x000101cc   0x000101cc   0x00000040   Code   RO         3213    i.l2capParseCmdReject  CH57xBLE.LIB(l2cap_input.o)
    0x0001020c   0x0001020c   0x0000003e   Code   RO         3214    i.l2capParseConnectRsp  CH57xBLE.LIB(l2cap_input.o)
    0x0001024a   0x0001024a   0x00000020   Code   RO         3215    i.l2capParseDisconnectReq  CH57xBLE.LIB(l2cap_input.o)
    0x0001026a   0x0001026a   0x00000020   Code   RO         3216    i.l2capParseDisconnectRsp  CH57xBLE.LIB(l2cap_input.o)
    0x0001028a   0x0001028a   0x00000060   Code   RO         3217    i.l2capParsePacket  CH57xBLE.LIB(l2cap_input.o)
    0x000102ea   0x000102ea   0x00000016   Code   RO         3218    i.l2capParseParamUpdateRsp  CH57xBLE.LIB(l2cap_input.o)
    0x00010300   0x00010300   0x00000014   Code   RO         3219    i.l2capParseSignalHdr  CH57xBLE.LIB(l2cap_input.o)
    0x00010314   0x00010314   0x000000c0   Code   RO         3220    i.l2capProcessConnectReq  CH57xBLE.LIB(l2cap_input.o)
    0x000103d4   0x000103d4   0x00000134   Code   RO         3221    i.l2capProcessReq   CH57xBLE.LIB(l2cap_input.o)
    0x00010508   0x00010508   0x0000010e   Code   RO         3222    i.l2capProcessRsp   CH57xBLE.LIB(l2cap_input.o)
    0x00010616   0x00010616   0x00000002   PAD
    0x00010618   0x00010618   0x000000e4   Code   RO         3223    i.l2capProcessRxData  CH57xBLE.LIB(l2cap_input.o)
    0x000106fc   0x000106fc   0x00000120   Code   RO         3250    i.l2capReassembleSegment  CH57xBLE.LIB(l2cap_output.o)
    0x0001081c   0x0001081c   0x00000068   Code   RO         3251    i.l2capSendCmd      CH57xBLE.LIB(l2cap_output.o)
    0x00010884   0x00010884   0x00000088   Code   RO         2741    i.l2capSendConnectRsp  CH57xBLE.LIB(l2cap_sdu.o)
    0x0001090c   0x0001090c   0x00000050   Code   RO         3252    i.l2capSendFCPkt    CH57xBLE.LIB(l2cap_output.o)
    0x0001095c   0x0001095c   0x00000098   Code   RO         3253    i.l2capSendNextSegment  CH57xBLE.LIB(l2cap_output.o)
    0x000109f4   0x000109f4   0x00000040   Code   RO         3254    i.l2capSendPkt      CH57xBLE.LIB(l2cap_output.o)
    0x00010a34   0x00010a34   0x0000009c   Code   RO         3255    i.l2capSendReq      CH57xBLE.LIB(l2cap_output.o)
    0x00010ad0   0x00010ad0   0x000000c0   Code   RO         3256    i.l2capSendSegment  CH57xBLE.LIB(l2cap_output.o)
    0x00010b90   0x00010b90   0x0000002c   Code   RO         2687    i.l2capStartTimer   CH57xBLE.LIB(l2cap.o)
    0x00010bbc   0x00010bbc   0x00000010   Code   RO         2688    i.l2capStopTimer    CH57xBLE.LIB(l2cap.o)
    0x00010bcc   0x00010bcc   0x00000028   Code   RO         3257    i.l2capStoreFCPkt   CH57xBLE.LIB(l2cap_output.o)
    0x00010bf4   0x00010bf4   0x0000001c   Code   RO         2772    i.leftshift_onebit  CH57xBLE.LIB(sm.o)
    0x00010c10   0x00010c10   0x00000070   Code   RO         1556    i.linkDB_Add        CH57xBLE.LIB(linkdb.o)
    0x00010c80   0x00010c80   0x00000058   Code   RO         1557    i.linkDB_Authen     CH57xBLE.LIB(linkdb.o)
    0x00010cd8   0x00010cd8   0x00000030   Code   RO         1558    i.linkDB_Find       CH57xBLE.LIB(linkdb.o)
    0x00010d08   0x00010d08   0x0000003c   Code   RO         1559    i.linkDB_FindFirst  CH57xBLE.LIB(linkdb.o)
    0x00010d44   0x00010d44   0x00000038   Code   RO         1560    i.linkDB_GetHandleFromSMEvtID  CH57xBLE.LIB(linkdb.o)
    0x00010d7c   0x00010d7c   0x00000058   Code   RO         1561    i.linkDB_GetPairingParam  CH57xBLE.LIB(linkdb.o)
    0x00010dd4   0x00010dd4   0x0000004c   Code   RO         1562    i.linkDB_GetSMEvtID  CH57xBLE.LIB(linkdb.o)
    0x00010e20   0x00010e20   0x00000064   Code   RO         1563    i.linkDB_Init       CH57xBLE.LIB(linkdb.o)
    0x00010e84   0x00010e84   0x0000000e   Code   RO         1564    i.linkDB_MTU        CH57xBLE.LIB(linkdb.o)
    0x00010e92   0x00010e92   0x00000002   PAD
    0x00010e94   0x00010e94   0x00000048   Code   RO         1565    i.linkDB_NeedSendKey  CH57xBLE.LIB(linkdb.o)
    0x00010edc   0x00010edc   0x0000002c   Code   RO         1566    i.linkDB_NumActive  CH57xBLE.LIB(linkdb.o)
    0x00010f08   0x00010f08   0x0000000c   Code   RO         1567    i.linkDB_NumConns   CH57xBLE.LIB(linkdb.o)
    0x00010f14   0x00010f14   0x00000030   Code   RO         1568    i.linkDB_PerformFunc  CH57xBLE.LIB(linkdb.o)
    0x00010f44   0x00010f44   0x00000038   Code   RO         1569    i.linkDB_PeripheralLinkNum  CH57xBLE.LIB(linkdb.o)
    0x00010f7c   0x00010f7c   0x00000024   Code   RO         1570    i.linkDB_Register   CH57xBLE.LIB(linkdb.o)
    0x00010fa0   0x00010fa0   0x00000036   Code   RO         1571    i.linkDB_Remove     CH57xBLE.LIB(linkdb.o)
    0x00010fd6   0x00010fd6   0x0000000e   Code   RO         1572    i.linkDB_Role       CH57xBLE.LIB(linkdb.o)
    0x00010fe4   0x00010fe4   0x00000020   Code   RO         1573    i.linkDB_State      CH57xBLE.LIB(linkdb.o)
    0x00011004   0x00011004   0x0000001c   Code   RO         1575    i.linkDB_UpdateMTU  CH57xBLE.LIB(linkdb.o)
    0x00011020   0x00011020   0x00000054   Code   RO         1835    i.llAdvTraverseallChannel  CH57xBLE.LIB(ll_advertise.o)
    0x00011074   0x00011074   0x00000060   Code   RO         1836    i.llAdvertiseCreateCore  CH57xBLE.LIB(ll_advertise.o)
    0x000110d4   0x000110d4   0x0000010c   Code   RO         1837    i.llAdvertiseSet    CH57xBLE.LIB(ll_advertise.o)
    0x000111e0   0x000111e0   0x0000008c   Code   RO         1838    i.llAdvertiseStart  CH57xBLE.LIB(ll_advertise.o)
    0x0001126c   0x0001126c   0x000000a8   Code   RO         1951    i.llSlaveCreateCore  CH57xBLE.LIB(ll_slave.o)
    0x00011314   0x00011314   0x000001a8   Code   RO         1952    i.llSlaveSetFirstTimer  CH57xBLE.LIB(ll_slave.o)
    0x000114bc   0x000114bc   0x00000404   Code   RO         1839    i.ll_advertise_process  CH57xBLE.LIB(ll_advertise.o)
    0x000118c0   0x000118c0   0x0000018c   Code   RO         1840    i.ll_advertise_tx   CH57xBLE.LIB(ll_advertise.o)
    0x00011a4c   0x00011a4c   0x00000290   Code   RO         1887    i.ll_connect_action_in_connintervaltimeout  CH57xBLE.LIB(ll_connect.o)
    0x00011cdc   0x00011cdc   0x0000001a   Code   RO         1888    i.ll_connect_auth_timeout  CH57xBLE.LIB(ll_connect.o)
    0x00011cf6   0x00011cf6   0x00000080   Code   RO         1889    i.ll_connect_calculate_effective_len  CH57xBLE.LIB(ll_connect.o)
    0x00011d76   0x00011d76   0x00000002   PAD
    0x00011d78   0x00011d78   0x000001ac   Code   RO         1890    i.ll_connect_change_connect_point  CH57xBLE.LIB(ll_connect.o)
    0x00011f24   0x00011f24   0x000000b0   Code   RO         1891    i.ll_connect_event_continue  CH57xBLE.LIB(ll_connect.o)
    0x00011fd4   0x00011fd4   0x0000000a   Code   RO         1892    i.ll_connect_flowcontrol_init  CH57xBLE.LIB(ll_connect.o)
    0x00011fde   0x00011fde   0x00000002   PAD
    0x00011fe0   0x00011fe0   0x0000001c   Code   RO         1893    i.ll_connect_get_master_number  CH57xBLE.LIB(ll_connect.o)
    0x00011ffc   0x00011ffc   0x0000001c   Code   RO         1894    i.ll_connect_get_slave_number  CH57xBLE.LIB(ll_connect.o)
    0x00012018   0x00012018   0x00000088   Code   RO         1896    i.ll_connect_get_update_point  CH57xBLE.LIB(ll_connect.o)
    0x000120a0   0x000120a0   0x00000084   Code   RO         1897    i.ll_connect_init_dataLen  CH57xBLE.LIB(ll_connect.o)
    0x00012124   0x00012124   0x0000002a   Code   RO         1898    i.ll_connect_init_pingOffset  CH57xBLE.LIB(ll_connect.o)
    0x0001214e   0x0001214e   0x00000026   Code   RO         1899    i.ll_connect_parse_datapdu_head  CH57xBLE.LIB(ll_connect.o)
    0x00012174   0x00012174   0x0000001e   Code   RO         1900    i.ll_connect_procedure_timeout  CH57xBLE.LIB(ll_connect.o)
    0x00012192   0x00012192   0x00000002   PAD
    0x00012194   0x00012194   0x000000b4   Code   RO         1901    i.ll_connect_recv_data  CH57xBLE.LIB(ll_connect.o)
    0x00012248   0x00012248   0x00000060   Code   RO         1902    i.ll_connect_send_data  CH57xBLE.LIB(ll_connect.o)
    0x000122a8   0x000122a8   0x00000040   Code   RO         1903    i.ll_connect_set_auth_timeout  CH57xBLE.LIB(ll_connect.o)
    0x000122e8   0x000122e8   0x0000002c   Code   RO         1904    i.ll_connect_set_connect_timeout  CH57xBLE.LIB(ll_connect.o)
    0x00012314   0x00012314   0x0000002c   Code   RO         1905    i.ll_connect_set_procedure_timeout  CH57xBLE.LIB(ll_connect.o)
    0x00012340   0x00012340   0x00000026   Code   RO         1906    i.ll_connect_supervision_timeout  CH57xBLE.LIB(ll_connect.o)
    0x00012366   0x00012366   0x00000002   PAD
    0x00012368   0x00012368   0x000000ac   Code   RO         1907    i.ll_connect_update_get_offset  CH57xBLE.LIB(ll_connect.o)
    0x00012414   0x00012414   0x00000028   Code   RO         2985    i.ll_get_prime_number  CH57xBLE.LIB(ll.o)
    0x0001243c   0x0001243c   0x00000064   Code   RO         1066    i.ll_hw_api_rx_set_txlen  CH57xBLE.LIB(ip.o)
    0x000124a0   0x000124a0   0x00000020   Code   RO         1068    i.ll_hw_api_set_pkt_dec  CH57xBLE.LIB(ip.o)
    0x000124c0   0x000124c0   0x00000020   Code   RO         1069    i.ll_hw_api_set_pkt_enc  CH57xBLE.LIB(ip.o)
    0x000124e0   0x000124e0   0x00000074   Code   RO         1008    i.ll_hw_temp_sample  CH57xBLE.LIB(tmos_hw.o)
    0x00012554   0x00012554   0x00000016   Code   RO         1953    i.ll_hw_timer_slave_recv_timeout  CH57xBLE.LIB(ll_slave.o)
    0x0001256a   0x0001256a   0x00000002   PAD
    0x0001256c   0x0001256c   0x00000034   Code   RO         1908    i.ll_hw_timer_window_widening  CH57xBLE.LIB(ll_connect.o)
    0x000125a0   0x000125a0   0x00000052   Code   RO         3135    i.ll_resolvinglist_checkRPA  CH57xBLE.LIB(ll_resolvinglist.o)
    0x000125f2   0x000125f2   0x00000002   PAD
    0x000125f4   0x000125f4   0x00000048   Code   RO         3136    i.ll_resolvinglist_renew_rpa  CH57xBLE.LIB(ll_resolvinglist.o)
    0x0001263c   0x0001263c   0x00000014   Code   RO         3137    i.ll_resolvinglist_renew_set  CH57xBLE.LIB(ll_resolvinglist.o)
    0x00012650   0x00012650   0x00000050   Code   RO         3138    i.ll_resolvinglist_timeout_renew_rpa  CH57xBLE.LIB(ll_resolvinglist.o)
    0x000126a0   0x000126a0   0x000001a8   Code   RO         1910    i.ll_slave_check_connect_point  CH57xBLE.LIB(ll_connect.o)
    0x00012848   0x00012848   0x00000c70   Code   RO         1954    i.ll_slave_process  CH57xBLE.LIB(ll_slave.o)
    0x000134b8   0x000134b8   0x00000290   Code   RO         1955    i.ll_slave_process_after_tx  CH57xBLE.LIB(ll_slave.o)
    0x00013748   0x00013748   0x0000026c   Code   RO         1956    i.ll_slave_process_event  CH57xBLE.LIB(ll_slave.o)
    0x000139b4   0x000139b4   0x00000026   Code   RO         2773    i.padding           CH57xBLE.LIB(sm.o)
    0x000139da   0x000139da   0x00000002   PAD
    0x000139dc   0x000139dc   0x00000024   Code   RO         1576    i.reportStatusChange  CH57xBLE.LIB(linkdb.o)
    0x00013a00   0x00013a00   0x000000d0   Code   RO         1165    i.sendAuthEvent     CH57xBLE.LIB(gap.o)
    0x00013ad0   0x00013ad0   0x00000030   Code   RO         1166    i.sendTerminateEvent  CH57xBLE.LIB(gap.o)
    0x00013b00   0x00013b00   0x0000004e   Code   RO         2774    i.setupInitiatorKeys  CH57xBLE.LIB(sm.o)
    0x00013b4e   0x00013b4e   0x0000001e   Code   RO         2776    i.smDetermineKeySize  CH57xBLE.LIB(sm.o)
    0x00013b6c   0x00013b6c   0x00000048   Code   RO         2777    i.smEndPairing      CH57xBLE.LIB(sm.o)
    0x00013bb4   0x00013bb4   0x0000004e   Code   RO         2778    i.smFreePairingParams  CH57xBLE.LIB(sm.o)
    0x00013c02   0x00013c02   0x00000002   PAD
    0x00013c04   0x00013c04   0x00000024   Code   RO         2779    i.smGenerateConfirm  CH57xBLE.LIB(sm.o)
    0x00013c28   0x00013c28   0x00000034   Code   RO         2780    i.smGeneratePairingReqRsp  CH57xBLE.LIB(sm.o)
    0x00013c5c   0x00013c5c   0x00000028   Code   RO         1167    i.smGenerateRandBuf  CH57xBLE.LIB(gap.o)
    0x00013c84   0x00013c84   0x00000024   Code   RO         2781    i.smGenerateRandMsg  CH57xBLE.LIB(sm.o)
    0x00013ca8   0x00013ca8   0x00000160   Code   RO         2782    i.smInitiatorSendNextKeyInfo  CH57xBLE.LIB(sm.o)
    0x00013e08   0x00013e08   0x00000020   Code   RO         2783    i.smLinkCheck       CH57xBLE.LIB(sm.o)
    0x00013e28   0x00013e28   0x00000040   Code   RO         2784    i.smNextPairingState  CH57xBLE.LIB(sm.o)
    0x00013e68   0x00013e68   0x00000014   Code   RO         2785    i.smPairingSendEncInfo  CH57xBLE.LIB(sm.o)
    0x00013e7c   0x00013e7c   0x00000028   Code   RO         2786    i.smPairingSendIdentityAddrInfo  CH57xBLE.LIB(sm.o)
    0x00013ea4   0x00013ea4   0x00000014   Code   RO         2787    i.smPairingSendIdentityInfo  CH57xBLE.LIB(sm.o)
    0x00013eb8   0x00013eb8   0x00000028   Code   RO         2788    i.smPairingSendMasterID  CH57xBLE.LIB(sm.o)
    0x00013ee0   0x00013ee0   0x00000014   Code   RO         2789    i.smPairingSendSingingInfo  CH57xBLE.LIB(sm.o)
    0x00013ef4   0x00013ef4   0x000000c8   Code   RO         2790    i.smProcessDataMsg  CH57xBLE.LIB(sm.o)
    0x00013fbc   0x00013fbc   0x000000bc   Code   RO         2791    i.smProcessEncryptChange  CH57xBLE.LIB(sm.o)
    0x00014078   0x00014078   0x0000004c   Code   RO         2792    i.smProcessPairingReq  CH57xBLE.LIB(sm.o)
    0x000140c4   0x000140c4   0x00000078   Code   RO         2793    i.smProcessRandComplete  CH57xBLE.LIB(sm.o)
    0x0001413c   0x0001413c   0x00000088   Code   RO         2794    i.smProcessTMOSMsg  CH57xBLE.LIB(sm.o)
    0x000141c4   0x000141c4   0x00000180   Code   RO         2797    i.smResponderProcessLTKReq  CH57xBLE.LIB(sm.o)
    0x00014344   0x00014344   0x000001b8   Code   RO         2798    i.smResponderSendNextKeyInfo  CH57xBLE.LIB(sm.o)
    0x000144fc   0x000144fc   0x00000164   Code   RO         2799    i.smSavePairInfo    CH57xBLE.LIB(sm.o)
    0x00014660   0x00014660   0x00000024   Code   RO         2800    i.smSendFailAndEnd  CH57xBLE.LIB(sm.o)
    0x00014684   0x00014684   0x0000004a   Code   RO         2801    i.smSendSMMsg       CH57xBLE.LIB(sm.o)
    0x000146ce   0x000146ce   0x00000038   Code   RO         2802    i.smSetPairingReqRsp  CH57xBLE.LIB(sm.o)
    0x00014706   0x00014706   0x00000002   PAD
    0x00014708   0x00014708   0x00000020   Code   RO         2803    i.smStartEncryption  CH57xBLE.LIB(sm.o)
    0x00014728   0x00014728   0x0000002c   Code   RO         2804    i.smStartRspTimer   CH57xBLE.LIB(sm.o)
    0x00014754   0x00014754   0x00000014   Code   RO         2805    i.smStopRspTimer    CH57xBLE.LIB(sm.o)
    0x00014768   0x00014768   0x00000018   Code   RO         2806    i.smTimedOut        CH57xBLE.LIB(sm.o)
    0x00014780   0x00014780   0x00000004   Code   RO         2807    i.smUint8ToAuthReq  CH57xBLE.LIB(sm.o)
    0x00014784   0x00014784   0x00000126   Code   RO         2808    i.sm_CMAC           CH57xBLE.LIB(sm.o)
    0x000148aa   0x000148aa   0x0000005a   Code   RO         2809    i.sm_ah             CH57xBLE.LIB(sm.o)
    0x00014904   0x00014904   0x00000082   Code   RO         2810    i.sm_c1             CH57xBLE.LIB(sm.o)
    0x00014986   0x00014986   0x000000e0   Code   RO         2811    i.sm_c1new          CH57xBLE.LIB(sm.o)
    0x00014a66   0x00014a66   0x00000062   Code   RO         2812    i.sm_s1             CH57xBLE.LIB(sm.o)
    0x00014ac8   0x00014ac8   0x00000016   Code   RO         2813    i.sm_xor            CH57xBLE.LIB(sm.o)
    0x00014ade   0x00014ade   0x00000020   Code   RO         2814    i.smpBuildEncInfo   CH57xBLE.LIB(sm.o)
    0x00014afe   0x00014afe   0x00000024   Code   RO         2815    i.smpBuildIdentityAddrInfo  CH57xBLE.LIB(sm.o)
    0x00014b22   0x00014b22   0x00000020   Code   RO         2816    i.smpBuildIdentityInfo  CH57xBLE.LIB(sm.o)
    0x00014b42   0x00014b42   0x0000002a   Code   RO         2817    i.smpBuildMasterID  CH57xBLE.LIB(sm.o)
    0x00014b6c   0x00014b6c   0x00000020   Code   RO         2818    i.smpBuildPairingConfirm  CH57xBLE.LIB(sm.o)
    0x00014b8c   0x00014b8c   0x00000018   Code   RO         2819    i.smpBuildPairingFailed  CH57xBLE.LIB(sm.o)
    0x00014ba4   0x00014ba4   0x00000020   Code   RO         2820    i.smpBuildPairingRandom  CH57xBLE.LIB(sm.o)
    0x00014bc4   0x00014bc4   0x0000000e   Code   RO         2821    i.smpBuildPairingReq  CH57xBLE.LIB(sm.o)
    0x00014bd2   0x00014bd2   0x00000092   Code   RO         2822    i.smpBuildPairingReqRsp  CH57xBLE.LIB(sm.o)
    0x00014c64   0x00014c64   0x0000000e   Code   RO         2823    i.smpBuildPairingRsp  CH57xBLE.LIB(sm.o)
    0x00014c72   0x00014c72   0x00000018   Code   RO         2824    i.smpBuildSecurityReq  CH57xBLE.LIB(sm.o)
    0x00014c8a   0x00014c8a   0x00000020   Code   RO         2825    i.smpBuildSigningInfo  CH57xBLE.LIB(sm.o)
    0x00014caa   0x00014caa   0x000001c8   Code   RO         2826    i.smpInitiatorProcessIncoming  CH57xBLE.LIB(sm.o)
    0x00014e72   0x00014e72   0x000000be   Code   RO         2827    i.smpInitiatorProcessPairingRsp  CH57xBLE.LIB(sm.o)
    0x00014f30   0x00014f30   0x0000001e   Code   RO         2828    i.smpParseEncInfo   CH57xBLE.LIB(sm.o)
    0x00014f4e   0x00014f4e   0x00000022   Code   RO         2829    i.smpParseIdentityAddrInfo  CH57xBLE.LIB(sm.o)
    0x00014f70   0x00014f70   0x0000001e   Code   RO         2830    i.smpParseIdentityInfo  CH57xBLE.LIB(sm.o)
    0x00014f8e   0x00014f8e   0x00000028   Code   RO         2831    i.smpParseMasterID  CH57xBLE.LIB(sm.o)
    0x00014fb6   0x00014fb6   0x0000001e   Code   RO         2832    i.smpParsePairingConfirm  CH57xBLE.LIB(sm.o)
    0x00014fd4   0x00014fd4   0x00000020   Code   RO         2833    i.smpParsePairingFailed  CH57xBLE.LIB(sm.o)
    0x00014ff4   0x00014ff4   0x0000001e   Code   RO         2834    i.smpParsePairingRandom  CH57xBLE.LIB(sm.o)
    0x00015012   0x00015012   0x00000002   PAD
    0x00015014   0x00015014   0x000000fc   Code   RO         2835    i.smpParsePairingReq  CH57xBLE.LIB(sm.o)
    0x00015110   0x00015110   0x00000014   Code   RO         2836    i.smpParseSecurityReq  CH57xBLE.LIB(sm.o)
    0x00015124   0x00015124   0x0000001e   Code   RO         2837    i.smpParseSigningInfo  CH57xBLE.LIB(sm.o)
    0x00015142   0x00015142   0x000001ce   Code   RO         2838    i.smpResponderProcessIncoming  CH57xBLE.LIB(sm.o)
    0x00015310   0x00015310   0x0000009e   Code   RO         2839    i.smpResponderProcessPairingReq  CH57xBLE.LIB(sm.o)
    0x000153ae   0x000153ae   0x00000002   PAD
    0x000153b0   0x000153b0   0x00000020   Code   RO          924    i.tmosFindTask      CH57xBLE.LIB(tmos.o)
    0x000153d0   0x000153d0   0x00000034   Code   RO         1744    i.tmos_bm_adjust_header  CH57xBLE.LIB(memory.o)
    0x00015404   0x00015404   0x00000024   Code   RO          925    i.tmos_clear_event  CH57xBLE.LIB(tmos.o)
    0x00015428   0x00015428   0x00000012   Code   RO          927    i.tmos_get_task_timer  CH57xBLE.LIB(tmos.o)
    0x0001543a   0x0001543a   0x0000001e   Code   RO          928    i.tmos_isbufset     CH57xBLE.LIB(tmos.o)
    0x00015458   0x00015458   0x0000001c   Code   RO          929    i.tmos_memcmp       CH57xBLE.LIB(tmos.o)
    0x00015474   0x00015474   0x00000018   Code   RO          930    i.tmos_memcpy       CH57xBLE.LIB(tmos.o)
    0x0001548c   0x0001548c   0x0000001e   Code   RO          931    i.tmos_memdup       CH57xBLE.LIB(tmos.o)
    0x000154aa   0x000154aa   0x00000002   PAD
    0x000154ac   0x000154ac   0x000000a8   Code   RO         1745    i.tmos_memory_allocate  CH57xBLE.LIB(memory.o)
    0x00015554   0x00015554   0x000000ac   Code   RO         1746    i.tmos_memory_free  CH57xBLE.LIB(memory.o)
    0x00015600   0x00015600   0x00000060   Code   RO         1748    i.tmos_memory_init  CH57xBLE.LIB(memory.o)
    0x00015660   0x00015660   0x00000010   Code   RO          932    i.tmos_memset       CH57xBLE.LIB(tmos.o)
    0x00015670   0x00015670   0x00000028   Code   RO          977    i.tmos_msg_allocate  CH57xBLE.LIB(message.o)
    0x00015698   0x00015698   0x00000020   Code   RO          978    i.tmos_msg_deallocate  CH57xBLE.LIB(message.o)
    0x000156b8   0x000156b8   0x00000024   Code   RO          979    i.tmos_msg_enqueue  CH57xBLE.LIB(message.o)
    0x000156dc   0x000156dc   0x0000000c   Code   RO          980    i.tmos_msg_init     CH57xBLE.LIB(message.o)
    0x000156e8   0x000156e8   0x00000070   Code   RO          983    i.tmos_msg_receive  CH57xBLE.LIB(message.o)
    0x00015758   0x00015758   0x00000058   Code   RO          984    i.tmos_msg_send     CH57xBLE.LIB(message.o)
    0x000157b0   0x000157b0   0x00000038   Code   RO          933    i.tmos_rand         CH57xBLE.LIB(tmos.o)
    0x000157e8   0x000157e8   0x00000012   Code   RO          934    i.tmos_revmemcpy    CH57xBLE.LIB(tmos.o)
    0x000157fa   0x000157fa   0x00000002   PAD
    0x000157fc   0x000157fc   0x00000024   Code   RO          935    i.tmos_set_event    CH57xBLE.LIB(tmos.o)
    0x00015820   0x00015820   0x00000044   Code   RO         1759    i.tmos_snv_clear    CH57xBLE.LIB(tmos_snv.o)
    0x00015864   0x00015864   0x00000004   Code   RO         1760    i.tmos_snv_compact  CH57xBLE.LIB(tmos_snv.o)
    0x00015868   0x00015868   0x00000034   Code   RO         1761    i.tmos_snv_init     CH57xBLE.LIB(tmos_snv.o)
    0x0001589c   0x0001589c   0x00000040   Code   RO         1762    i.tmos_snv_notify   CH57xBLE.LIB(tmos_snv.o)
    0x000158dc   0x000158dc   0x00000088   Code   RO         1763    i.tmos_snv_read     CH57xBLE.LIB(tmos_snv.o)
    0x00015964   0x00015964   0x000000ac   Code   RO         1764    i.tmos_snv_write    CH57xBLE.LIB(tmos_snv.o)
    0x00015a10   0x00015a10   0x0000006c   Code   RO          936    i.tmos_start_callback_task  CH57xBLE.LIB(tmos.o)
    0x00015a7c   0x00015a7c   0x00000022   Code   RO          937    i.tmos_start_reload_task  CH57xBLE.LIB(tmos.o)
    0x00015a9e   0x00015a9e   0x00000002   PAD
    0x00015aa0   0x00015aa0   0x00000074   Code   RO          938    i.tmos_start_task   CH57xBLE.LIB(tmos.o)
    0x00015b14   0x00015b14   0x00000048   Code   RO          939    i.tmos_stop_callback_task  CH57xBLE.LIB(tmos.o)
    0x00015b5c   0x00015b5c   0x00000026   Code   RO          940    i.tmos_stop_task    CH57xBLE.LIB(tmos.o)
    0x00015b82   0x00015b82   0x00000012   Code   RO          941    i.tmos_strlen       CH57xBLE.LIB(tmos.o)
    0x00015b94   0x00015b94   0x00000064   Code   RO          942    i.tmos_update_callback_timer  CH57xBLE.LIB(tmos.o)
    0x00015bf8   0x00015bf8   0x00000016   Code   RO         2840    i.xor_128           CH57xBLE.LIB(sm.o)
    0x00015c0e   0x00015c0e   0x00000015   Data   RO            4    .constdata          hidkbd.o
    0x00015c23   0x00015c23   0x000000f4   Data   RO          180    .constdata          usbhid.o
    0x00015d17   0x00015d17   0x00000001   PAD
    0x00015d18   0x00015d18   0x000000a8   Data   RO          239    .constdata          mykeyboard.o
    0x00015dc0   0x00015dc0   0x00000002   Data   RO          290    .constdata          battservice.o
    0x00015dc2   0x00015dc2   0x00000002   Data   RO          291    .constdata          battservice.o
    0x00015dc4   0x00015dc4   0x00000008   Data   RO          292    .constdata          battservice.o
    0x00015dcc   0x00015dcc   0x00000002   Data   RO          309    .constdata          devinfoservice.o
    0x00015dce   0x00015dce   0x00000002   Data   RO          310    .constdata          devinfoservice.o
    0x00015dd0   0x00015dd0   0x00000002   Data   RO          311    .constdata          devinfoservice.o
    0x00015dd2   0x00015dd2   0x00000002   Data   RO          312    .constdata          devinfoservice.o
    0x00015dd4   0x00015dd4   0x00000002   Data   RO          313    .constdata          devinfoservice.o
    0x00015dd6   0x00015dd6   0x00000002   Data   RO          314    .constdata          devinfoservice.o
    0x00015dd8   0x00015dd8   0x00000002   Data   RO          315    .constdata          devinfoservice.o
    0x00015dda   0x00015dda   0x00000002   Data   RO          316    .constdata          devinfoservice.o
    0x00015ddc   0x00015ddc   0x00000002   Data   RO          317    .constdata          devinfoservice.o
    0x00015dde   0x00015dde   0x00000002   Data   RO          318    .constdata          devinfoservice.o
    0x00015de0   0x00015de0   0x00000008   Data   RO          319    .constdata          devinfoservice.o
    0x00015de8   0x00015de8   0x00000071   Data   RO          320    .constdata          devinfoservice.o
    0x00015e59   0x00015e59   0x00000002   Data   RO          373    .constdata          hidkbdservice.o
    0x00015e5b   0x00015e5b   0x00000002   Data   RO          374    .constdata          hidkbdservice.o
    0x00015e5d   0x00015e5d   0x00000002   Data   RO          375    .constdata          hidkbdservice.o
    0x00015e5f   0x00015e5f   0x00000002   Data   RO          376    .constdata          hidkbdservice.o
    0x00015e61   0x00015e61   0x00000002   Data   RO          377    .constdata          hidkbdservice.o
    0x00015e63   0x00015e63   0x00000002   Data   RO          378    .constdata          hidkbdservice.o
    0x00015e65   0x00015e65   0x00000002   Data   RO          379    .constdata          hidkbdservice.o
    0x00015e67   0x00015e67   0x00000002   Data   RO          380    .constdata          hidkbdservice.o
    0x00015e69   0x00015e69   0x00000004   Data   RO          381    .constdata          hidkbdservice.o
    0x00015e6d   0x00015e6d   0x0000003f   Data   RO          382    .constdata          hidkbdservice.o
    0x00015eac   0x00015eac   0x00000008   Data   RO          383    .constdata          hidkbdservice.o
    0x00015eb4   0x00015eb4   0x00000002   Data   RO          419    .constdata          scanparamservice.o
    0x00015eb6   0x00015eb6   0x00000002   Data   RO          420    .constdata          scanparamservice.o
    0x00015eb8   0x00015eb8   0x00000002   Data   RO          421    .constdata          scanparamservice.o
    0x00015eba   0x00015eba   0x00000002   PAD
    0x00015ebc   0x00015ebc   0x00000008   Data   RO          422    .constdata          scanparamservice.o
    0x00015ec4   0x00015ec4   0x00000014   Data   RO         1072    .constdata          CH57xBLE.LIB(ip.o)
    0x00015ed8   0x00015ed8   0x00000008   Data   RO         1286    .constdata          CH57xBLE.LIB(gapgattserver.o)
    0x00015ee0   0x00015ee0   0x00000060   Data   RO         1478    .constdata          CH57xBLE.LIB(gattservapp.o)
    0x00015f40   0x00015f40   0x0000002a   Data   RO         1605    .constdata          CH57xBLE.LIB(gatt_uuid.o)
    0x00015f6a   0x00015f6a   0x00000002   Data   RO         1606    .constdata          CH57xBLE.LIB(gatt_uuid.o)
    0x00015f6c   0x00015f6c   0x00000010   Data   RO         2417    .constdata          CH57xBLE.LIB(att.o)
    0x00015f7c   0x00015f7c   0x00000029   Data   RO         2841    .constdata          CH57xBLE.LIB(sm.o)
    0x00015fa5   0x00015fa5   0x00000017   Data   RO         2987    .constdata          CH57xBLE.LIB(ll.o)
    0x00015fbc   0x00015fbc   0x00000132   Data   RO          240    .conststring        mykeyboard.o
    0x000160ee   0x000160ee   0x00000002   PAD
    0x000160f0   0x000160f0   0x00000030   Data   RO         3610    Region$$Table       anon$$obj.o


    Execution Region RW_IRAM1 (Exec base: 0x20004000, Load base: 0x00016120, Size: 0x00003284, Max: 0x00004000, ABSOLUTE, COMPRESSED[0x0000034c])

    Exec Addr    Load Addr    Size         Type   Attr      Idx    E Section Name        Object

    0x20004000   0x00016120   0x00000214   Code   RO          569    .text               ch57x_int.o
    0x20004214   0x00016334   0x0000000c   Ven    RO         3623    Veneer$$Code        anon$$obj.o
    0x20004220   COMPRESSED   0x0000004c   Data   RW            5    .data               hidkbd.o
    0x2000426c   COMPRESSED   0x0000000c   Data   RW          181    .data               usbhid.o
    0x20004278   COMPRESSED   0x00000002   Data   RW          214    .data               power.o
    0x2000427a   COMPRESSED   0x00000002   PAD
    0x2000427c   COMPRESSED   0x00000124   Data   RW          241    .data               mykeyboard.o
    0x200043a0   COMPRESSED   0x00000003   Data   RW          266    .data               ws2812.o
    0x200043a3   COMPRESSED   0x00000001   PAD
    0x200043a4   COMPRESSED   0x00000074   Data   RW          293    .data               battservice.o
    0x20004418   COMPRESSED   0x00000001   Data   RW          294    .data               battservice.o
    0x20004419   COMPRESSED   0x00000001   Data   RW          321    .data               devinfoservice.o
    0x2000441a   COMPRESSED   0x00000002   PAD
    0x2000441c   COMPRESSED   0x0000014c   Data   RW          322    .data               devinfoservice.o
    0x20004568   COMPRESSED   0x00000001   Data   RW          323    .data               devinfoservice.o
    0x20004569   COMPRESSED   0x00000001   Data   RW          324    .data               devinfoservice.o
    0x2000456a   COMPRESSED   0x00000001   Data   RW          325    .data               devinfoservice.o
    0x2000456b   COMPRESSED   0x00000001   Data   RW          326    .data               devinfoservice.o
    0x2000456c   COMPRESSED   0x00000001   Data   RW          327    .data               devinfoservice.o
    0x2000456d   COMPRESSED   0x00000001   Data   RW          328    .data               devinfoservice.o
    0x2000456e   COMPRESSED   0x00000001   Data   RW          329    .data               devinfoservice.o
    0x2000456f   COMPRESSED   0x00000001   Data   RW          330    .data               devinfoservice.o
    0x20004570   COMPRESSED   0x0000002c   Data   RW          348    .data               hiddev.o
    0x2000459c   COMPRESSED   0x00000002   Data   RW          384    .data               hidkbdservice.o
    0x2000459e   COMPRESSED   0x00000002   Data   RW          385    .data               hidkbdservice.o
    0x200045a0   COMPRESSED   0x00000001   Data   RW          386    .data               hidkbdservice.o
    0x200045a1   COMPRESSED   0x00000001   Data   RW          387    .data               hidkbdservice.o
    0x200045a2   COMPRESSED   0x00000002   Data   RW          388    .data               hidkbdservice.o
    0x200045a4   COMPRESSED   0x00000001   Data   RW          389    .data               hidkbdservice.o
    0x200045a5   COMPRESSED   0x00000001   Data   RW          390    .data               hidkbdservice.o
    0x200045a6   COMPRESSED   0x00000001   Data   RW          391    .data               hidkbdservice.o
    0x200045a7   COMPRESSED   0x00000001   Data   RW          392    .data               hidkbdservice.o
    0x200045a8   COMPRESSED   0x000001b8   Data   RW          393    .data               hidkbdservice.o
    0x20004760   COMPRESSED   0x00000001   Data   RW          394    .data               hidkbdservice.o
    0x20004761   COMPRESSED   0x00000001   Data   RW          395    .data               hidkbdservice.o
    0x20004762   COMPRESSED   0x00000001   Data   RW          396    .data               hidkbdservice.o
    0x20004763   COMPRESSED   0x00000001   Data   RW          397    .data               hidkbdservice.o
    0x20004764   COMPRESSED   0x00000001   Data   RW          398    .data               hidkbdservice.o
    0x20004765   COMPRESSED   0x00000001   Data   RW          399    .data               hidkbdservice.o
    0x20004766   COMPRESSED   0x00000001   Data   RW          400    .data               hidkbdservice.o
    0x20004767   COMPRESSED   0x00000001   Data   RW          423    .data               scanparamservice.o
    0x20004768   COMPRESSED   0x00000001   Data   RW          424    .data               scanparamservice.o
    0x20004769   COMPRESSED   0x00000003   PAD
    0x2000476c   COMPRESSED   0x00000074   Data   RW          425    .data               scanparamservice.o
    0x200047e0   COMPRESSED   0x00000001   Data   RW          426    .data               scanparamservice.o
    0x200047e1   COMPRESSED   0x00000003   PAD
    0x200047e4   COMPRESSED   0x00000010   Data   RW          652    .data               ch57x_usbdev.o
    0x200047f4   COMPRESSED   0x00000001   Data   RW          821    .data               mcu.o
    0x200047f5   COMPRESSED   0x00000003   PAD
    0x200047f8   COMPRESSED   0x00000004   Data   RW          866    .data               rtc.o
    0x200047fc   COMPRESSED   0x00000018   Data   RW          944    .data               CH57xBLE.LIB(tmos.o)
    0x20004814   COMPRESSED   0x00000004   Data   RW          985    .data               CH57xBLE.LIB(message.o)
    0x20004818   COMPRESSED   0x00000004   Data   RW         1009    .data               CH57xBLE.LIB(tmos_hw.o)
    0x2000481c   COMPRESSED   0x00000004   Data   RW         1031    .data               CH57xBLE.LIB(lle.o)
    0x20004820   COMPRESSED   0x00000008   Data   RW         1073    .data               CH57xBLE.LIB(ip.o)
    0x20004828   COMPRESSED   0x0000002a   Data   RW         1169    .data               CH57xBLE.LIB(gap.o)
    0x20004852   COMPRESSED   0x00000002   PAD
    0x20004854   COMPRESSED   0x00000014   Data   RW         1250    .data               CH57xBLE.LIB(gap_peripheral.o)
    0x20004868   COMPRESSED   0x000000b0   Data   RW         1287    .data               CH57xBLE.LIB(gapgattserver.o)
    0x20004918   COMPRESSED   0x0000000c   Data   RW         1352    .data               CH57xBLE.LIB(gatt.o)
    0x20004924   COMPRESSED   0x00000070   Data   RW         1479    .data               CH57xBLE.LIB(gattservapp.o)
    0x20004994   COMPRESSED   0x00000008   Data   RW         1578    .data               CH57xBLE.LIB(linkdb.o)
    0x2000499c   COMPRESSED   0x00000050   Data   RW         1653    .data               CH57xBLE.LIB(gapbondmgr.o)
    0x200049ec   COMPRESSED   0x00000004   Data   RW         1706    .data               CH57xBLE.LIB(peripheral.o)
    0x200049f0   COMPRESSED   0x00000043   Data   RW         1729    .data               CH57xBLE.LIB(role.o)
    0x20004a33   COMPRESSED   0x00000001   PAD
    0x20004a34   COMPRESSED   0x0000000c   Data   RW         1749    .data               CH57xBLE.LIB(memory.o)
    0x20004a40   COMPRESSED   0x00000004   Data   RW         1782    .data               CH57xBLE.LIB(aes.o)
    0x20004a44   COMPRESSED   0x00000004   Data   RW         1796    .data               CH57xBLE.LIB(bb.o)
    0x20004a48   COMPRESSED   0x00000004   Data   RW         1804    .data               CH57xBLE.LIB(dma.o)
    0x20004a4c   COMPRESSED   0x00000004   Data   RW         1818    .data               CH57xBLE.LIB(rfend.o)
    0x20004a50   COMPRESSED   0x00000004   Data   RW         1911    .data               CH57xBLE.LIB(ll_connect.o)
    0x20004a54   COMPRESSED   0x00000010   Data   RW         2279    .data               CH57xBLE.LIB(host_input.o)
    0x20004a64   COMPRESSED   0x00000008   Data   RW         2418    .data               CH57xBLE.LIB(att.o)
    0x20004a6c   COMPRESSED   0x00000014   Data   RW         2598    .data               CH57xBLE.LIB(gap_central.o)
    0x20004a80   COMPRESSED   0x00000018   Data   RW         2691    .data               CH57xBLE.LIB(l2cap.o)
    0x20004a98   COMPRESSED   0x00000024   Data   RW         2842    .data               CH57xBLE.LIB(sm.o)
    0x20004abc   COMPRESSED   0x00000004   Data   RW         2935    .data               CH57xBLE.LIB(broadcaster.o)
    0x20004ac0   COMPRESSED   0x00000004   Data   RW         2988    .data               CH57xBLE.LIB(ll.o)
    0x20004ac4   COMPRESSED   0x00000004   Data   RW         3588    .data               mc_p.l(stdout.o)
    0x20004ac8        -       0x00002000   Zero   RW          127    .bss                hidkbd_main.o
    0x20006ac8        -       0x00000240   Zero   RW          179    .bss                usbhid.o
    0x20006d08        -       0x00000046   Zero   RW          237    .bss                mykeyboard.o
    0x20006d4e        -       0x00000103   Zero   RW          265    .bss                ws2812.o
    0x20006e51   COMPRESSED   0x00000001   PAD
    0x20006e52        -       0x00000010   Zero   RW          289    .bss                battservice.o
    0x20006e62        -       0x00000084   Zero   RW          347    .bss                hiddev.o
    0x20006ee6        -       0x00000058   Zero   RW          372    .bss                hidkbdservice.o
    0x20006f3e        -       0x00000010   Zero   RW          418    .bss                scanparamservice.o
    0x20006f4e   COMPRESSED   0x00000002   PAD
    0x20006f50        -       0x00000070   Zero   RW          943    .bss                CH57xBLE.LIB(tmos.o)
    0x20006fc0        -       0x00000058   Zero   RW         1071    .bss                CH57xBLE.LIB(ip.o)
    0x20007018        -       0x00000054   Zero   RW         1168    .bss                CH57xBLE.LIB(gap.o)
    0x2000706c        -       0x0000000c   Zero   RW         1249    .bss                CH57xBLE.LIB(gap_peripheral.o)
    0x20007078        -       0x00000016   Zero   RW         1285    .bss                CH57xBLE.LIB(gapgattserver.o)
    0x2000708e   COMPRESSED   0x00000002   PAD
    0x20007090        -       0x00000036   Zero   RW         1477    .bss                CH57xBLE.LIB(gattservapp.o)
    0x200070c6   COMPRESSED   0x00000002   PAD
    0x200070c8        -       0x00000030   Zero   RW         1577    .bss                CH57xBLE.LIB(linkdb.o)
    0x200070f8        -       0x00000020   Zero   RW         1652    .bss                CH57xBLE.LIB(gapbondmgr.o)
    0x20007118        -       0x00000020   Zero   RW         1705    .bss                CH57xBLE.LIB(peripheral.o)
    0x20007138        -       0x0000003f   Zero   RW         1728    .bss                CH57xBLE.LIB(role.o)
    0x20007177   COMPRESSED   0x00000001   PAD
    0x20007178        -       0x0000000c   Zero   RW         2597    .bss                CH57xBLE.LIB(gap_central.o)
    0x20007184        -       0x00000010   Zero   RW         2689    .bss                CH57xBLE.LIB(l2cap.o)
    0x20007194        -       0x00000030   Zero   RW         2690    .bss                CH57xBLE.LIB(l2cap.o)
    0x200071c4        -       0x000000c0   Zero   RW         2986    .bss                CH57xBLE.LIB(ll.o)


==============================================================================

Image component sizes


      Code (inc. data)   RO Data    RW Data    ZI Data      Debug   Object Name

       604         28         12        117         16       5339   battservice.o
      1676         60          0          0          0      48804   ch57x_clk.o
       336         22          0          0          0       1819   ch57x_gpio.o
       532         16          0          0          0       1843   ch57x_int.o
       408         12          0          0          0       2034   ch57x_pwr.o
       600          6          0          0          0       4032   ch57x_spi0.o
       260         16          0          0          0       2695   ch57x_sys.o
       172          4          0          0          0       2213   ch57x_uart1.o
       156         12          0         16          0       1575   ch57x_usbdev.o
       464         34        141        341          0       4229   devinfoservice.o
      2020        134          0         44        132      12599   hiddev.o
       718        206         21         76          0      97487   hidkbd.o
       304        148          0          0       8192       1614   hidkbd_main.o
       324         24         91        459         88       9471   hidkbdservice.o
       484        122          0          1          0      40142   mcu.o
      1820        150        474        292         70       5434   mykeyboard.o
       552        126          0          2          0       1790   power.o
       116         12          0          4          0       1099   rtc.o
       304         22         14        119         16       4322   scanparamservice.o
        28         10        144          0          0        624   startup_armcm0.o
      1092        142        244         12        576      10516   usbhid.o
       784         30          0          3        259       3893   ws2812.o

    ----------------------------------------------------------------------
     13802       1352       1194       1500       9352     263574   Object Totals
        48         16         48          0          0          0   (incl. Generated)
         0          0          5         14          3          0   (incl. Padding)

    ----------------------------------------------------------------------

      Code (inc. data)   RO Data    RW Data    ZI Data      Debug   Library Member Name

       838         30          0          4          0        360   aes.o
       840        134          0          0          0       1868   api_c.o
       566         42         16          8          0        776   att.o
      1054         58          0          0          0       2160   att_server.o
        28         14          0          4          0         60   bb.o
         0          0          0          4          0          0   broadcaster.o
      3238        156          0          0          0       2156   ctl_input.o
       200          0          0          0          0       1260   ctl_output.o
        48         10          0          4          0         60   dma.o
      4374        288          0         42         84       3888   gap.o
      1808        108          0         20         12        868   gap_central.o
      1764        222          0         20         12       1036   gap_peripheral.o
      5370        306          0         80         32       2860   gapbondmgr.o
      1254         92          8        176         22        520   gapgattserver.o
      1056         78          0         12          0       1072   gatt.o
         0          0         44          0          0          0   gatt_uuid.o
      6896        334         96        112         54       4540   gattservapp.o
      1346        106          0         16          0       1292   host_input.o
       308          6          0          0          0       1868   host_output.o
      2236        268         20          8         88        980   ip.o
      1486        124          0         24         64       1732   l2cap.o
      1378         26          0          0          0        820   l2cap_input.o
      1992         96          0          0          0       1304   l2cap_output.o
       476         36          0          0          0        724   l2cap_sdu.o
      1074        116          0          8         48       1420   linkdb.o
       508         46         23          4        192        216   ll.o
       416         16          0          0          0        156   ll_address.o
      2130        162          0          0          0        648   ll_advertise.o
      3742        196          0          4          0       2080   ll_connect.o
       524         52          0          0          0        492   ll_core.o
       190          0          0          0          0        136   ll_hop.o
        68         10          0          0          0         72   ll_initiate.o
      1456         22          0          0          0       1436   ll_pdu.o
      1234         18          0          0          0        156   ll_report.o
       730         46          0          0          0        728   ll_resolvinglist.o
        76         12          0          0          0         72   ll_scan.o
      5106        172          0          0          0        520   ll_slave.o
       212         18          0          0          0        280   ll_whitelist.o
       436         40          0          4          0        136   lle.o
       488         56          0         12          0        308   memory.o
       320         18          0          4          0        400   message.o
      1290        230          0          4         32        444   peripheral.o
      3522         30          0          4          0        360   rfend.o
       792         96          0         67         63        360   role.o
      7752        270         41         36          0       5624   sm.o
      1950        126          0         24        112       1700   tmos.o
       754        106          0          4          0        912   tmos_hw.o
       496         40          0          0          0        428   tmos_snv.o
        86          0          0          0          0          0   __dczerorl2.o
         0          0          0          0          0          0   entry.o
         0          0          0          0          0          0   entry10a.o
         0          0          0          0          0          0   entry11a.o
         4          0          0          0          0          0   entry12b.o
         8          4          0          0          0          0   entry2.o
         4          0          0          0          0          0   entry5.o
         0          0          0          0          0          0   entry7b.o
         0          0          0          0          0          0   entry8b.o
         8          4          0          0          0          0   entry9a.o
        30          0          0          0          0          0   handlers.o
        40          0          0          0          0         72   idiv.o
        36          8          0          0          0         68   init.o
       122          0          0          0          0         84   llmul.o
        32          0          0          0          0         68   llshl.o
        34          0          0          0          0         68   llushr.o
        36          0          0          0          0         60   memcpya.o
      1172         52          0          0          0        324   printf8.o
         0          0          0          4          0          0   stdout.o
        28          0          0          0          0         68   strcmp.o
        44          0          0          0          0         72   uidiv.o
        96          0          0          0          0         84   uldiv.o

    ----------------------------------------------------------------------
     75700       4500        248        716        820      52256   Library Totals
        98          0          0          3          5          0   (incl. Padding)

    ----------------------------------------------------------------------

      Code (inc. data)   RO Data    RW Data    ZI Data      Debug   Library Name

     73822       4432        248        709        815      51288   CH57xBLE.LIB
      1780         68          0          4          0        968   mc_p.l

    ----------------------------------------------------------------------
     75700       4500        248        716        820      52256   Library Totals

    ----------------------------------------------------------------------

==============================================================================


      Code (inc. data)   RO Data    RW Data    ZI Data      Debug   

     89502       5852       1442       2216      10172     281690   Grand Totals
     89502       5852       1442        844      10172     281690   ELF Image Totals (compressed)
     89502       5852       1442        844          0          0   ROM Totals

==============================================================================

    Total RO  Size (Code + RO Data)                90944 (  88.81kB)
    Total RW  Size (RW Data + ZI Data)             12388 (  12.10kB)
    Total ROM Size (Code + RO Data + RW Data)      91788 (  89.64kB)

==============================================================================

